<?xml version="1.0"?>
<link_info>
   <banner>TI ARM Linker PC v16.9.4.LTS</banner>
   <copyright>Copyright (c) 1996-2017 Texas Instruments Incorporated</copyright>
   <link_time>0x5a0b9fb2</link_time>
   <link_errors>0x0</link_errors>
   <output_file>EEC284_Milestone2_NoDMA.out</output_file>
   <entry_point>
      <name>_c_int00</name>
      <address>0x200097d1</address>
   </entry_point>
   <input_file_list>
      <input_file id="fl-2">
         <path>.\</path>
         <kind>object</kind>
         <file>gpio_if.obj</file>
         <name>gpio_if.obj</name>
      </input_file>
      <input_file id="fl-3">
         <path>.\</path>
         <kind>object</kind>
         <file>main.obj</file>
         <name>main.obj</name>
      </input_file>
      <input_file id="fl-4">
         <path>.\</path>
         <kind>object</kind>
         <file>pin_mux_config.obj</file>
         <name>pin_mux_config.obj</name>
      </input_file>
      <input_file id="fl-5">
         <path>.\</path>
         <kind>object</kind>
         <file>startup_ccs.obj</file>
         <name>startup_ccs.obj</name>
      </input_file>
      <input_file id="fl-6">
         <path>.\</path>
         <kind>object</kind>
         <file>uart_if.obj</file>
         <name>uart_if.obj</name>
      </input_file>
      <input_file id="fl-7">
         <path>.\</path>
         <kind>object</kind>
         <file>udma_if.obj</file>
         <name>udma_if.obj</name>
      </input_file>
      <input_file id="fl-c">
         <kind>object</kind>
         <file>&lt;internal&gt;</file>
         <name>&lt;internal&gt;</name>
      </input_file>
      <input_file id="fl-c2">
         <path>C:\ti\ccsv7\tools\compiler\ti-cgt-arm_16.9.4.LTS\lib\</path>
         <kind>archive</kind>
         <file>rtsv7M4_T_le_eabi.lib</file>
         <name>boot.obj</name>
      </input_file>
      <input_file id="fl-c3">
         <path>C:\ti\ccsv7\tools\compiler\ti-cgt-arm_16.9.4.LTS\lib\</path>
         <kind>archive</kind>
         <file>rtsv7M4_T_le_eabi.lib</file>
         <name>copy_decompress_lzss.obj</name>
      </input_file>
      <input_file id="fl-c4">
         <path>C:\ti\ccsv7\tools\compiler\ti-cgt-arm_16.9.4.LTS\lib\</path>
         <kind>archive</kind>
         <file>rtsv7M4_T_le_eabi.lib</file>
         <name>copy_decompress_none.obj</name>
      </input_file>
      <input_file id="fl-c5">
         <path>C:\ti\ccsv7\tools\compiler\ti-cgt-arm_16.9.4.LTS\lib\</path>
         <kind>archive</kind>
         <file>rtsv7M4_T_le_eabi.lib</file>
         <name>copy_zero_init.obj</name>
      </input_file>
      <input_file id="fl-c6">
         <path>C:\ti\ccsv7\tools\compiler\ti-cgt-arm_16.9.4.LTS\lib\</path>
         <kind>archive</kind>
         <file>rtsv7M4_T_le_eabi.lib</file>
         <name>e_sqrt.obj</name>
      </input_file>
      <input_file id="fl-c7">
         <path>C:\ti\ccsv7\tools\compiler\ti-cgt-arm_16.9.4.LTS\lib\</path>
         <kind>archive</kind>
         <file>rtsv7M4_T_le_eabi.lib</file>
         <name>errno.obj</name>
      </input_file>
      <input_file id="fl-c8">
         <path>C:\ti\ccsv7\tools\compiler\ti-cgt-arm_16.9.4.LTS\lib\</path>
         <kind>archive</kind>
         <file>rtsv7M4_T_le_eabi.lib</file>
         <name>exit.obj</name>
      </input_file>
      <input_file id="fl-c9">
         <path>C:\ti\ccsv7\tools\compiler\ti-cgt-arm_16.9.4.LTS\lib\</path>
         <kind>archive</kind>
         <file>rtsv7M4_T_le_eabi.lib</file>
         <name>fd_add_t2.obj</name>
      </input_file>
      <input_file id="fl-ca">
         <path>C:\ti\ccsv7\tools\compiler\ti-cgt-arm_16.9.4.LTS\lib\</path>
         <kind>archive</kind>
         <file>rtsv7M4_T_le_eabi.lib</file>
         <name>fd_cmp_t2.obj</name>
      </input_file>
      <input_file id="fl-cb">
         <path>C:\ti\ccsv7\tools\compiler\ti-cgt-arm_16.9.4.LTS\lib\</path>
         <kind>archive</kind>
         <file>rtsv7M4_T_le_eabi.lib</file>
         <name>fd_div_t2.obj</name>
      </input_file>
      <input_file id="fl-cc">
         <path>C:\ti\ccsv7\tools\compiler\ti-cgt-arm_16.9.4.LTS\lib\</path>
         <kind>archive</kind>
         <file>rtsv7M4_T_le_eabi.lib</file>
         <name>fd_mul_t2.obj</name>
      </input_file>
      <input_file id="fl-cd">
         <path>C:\ti\ccsv7\tools\compiler\ti-cgt-arm_16.9.4.LTS\lib\</path>
         <kind>archive</kind>
         <file>rtsv7M4_T_le_eabi.lib</file>
         <name>fd_toi_t2.obj</name>
      </input_file>
      <input_file id="fl-ce">
         <path>C:\ti\ccsv7\tools\compiler\ti-cgt-arm_16.9.4.LTS\lib\</path>
         <kind>archive</kind>
         <file>rtsv7M4_T_le_eabi.lib</file>
         <name>fd_tos_t2.obj</name>
      </input_file>
      <input_file id="fl-cf">
         <path>C:\ti\ccsv7\tools\compiler\ti-cgt-arm_16.9.4.LTS\lib\</path>
         <kind>archive</kind>
         <file>rtsv7M4_T_le_eabi.lib</file>
         <name>fs_add_t2.obj</name>
      </input_file>
      <input_file id="fl-d0">
         <path>C:\ti\ccsv7\tools\compiler\ti-cgt-arm_16.9.4.LTS\lib\</path>
         <kind>archive</kind>
         <file>rtsv7M4_T_le_eabi.lib</file>
         <name>fs_div_t2.obj</name>
      </input_file>
      <input_file id="fl-d1">
         <path>C:\ti\ccsv7\tools\compiler\ti-cgt-arm_16.9.4.LTS\lib\</path>
         <kind>archive</kind>
         <file>rtsv7M4_T_le_eabi.lib</file>
         <name>fs_mul_t2.obj</name>
      </input_file>
      <input_file id="fl-d2">
         <path>C:\ti\ccsv7\tools\compiler\ti-cgt-arm_16.9.4.LTS\lib\</path>
         <kind>archive</kind>
         <file>rtsv7M4_T_le_eabi.lib</file>
         <name>fs_tod_t2.obj</name>
      </input_file>
      <input_file id="fl-d3">
         <path>C:\ti\ccsv7\tools\compiler\ti-cgt-arm_16.9.4.LTS\lib\</path>
         <kind>archive</kind>
         <file>rtsv7M4_T_le_eabi.lib</file>
         <name>fs_toi_t2.obj</name>
      </input_file>
      <input_file id="fl-d4">
         <path>C:\ti\ccsv7\tools\compiler\ti-cgt-arm_16.9.4.LTS\lib\</path>
         <kind>archive</kind>
         <file>rtsv7M4_T_le_eabi.lib</file>
         <name>fs_tou_t2.obj</name>
      </input_file>
      <input_file id="fl-d5">
         <path>C:\ti\ccsv7\tools\compiler\ti-cgt-arm_16.9.4.LTS\lib\</path>
         <kind>archive</kind>
         <file>rtsv7M4_T_le_eabi.lib</file>
         <name>i_tofd_t2.obj</name>
      </input_file>
      <input_file id="fl-d6">
         <path>C:\ti\ccsv7\tools\compiler\ti-cgt-arm_16.9.4.LTS\lib\</path>
         <kind>archive</kind>
         <file>rtsv7M4_T_le_eabi.lib</file>
         <name>i_tofs_t2.obj</name>
      </input_file>
      <input_file id="fl-d7">
         <path>C:\ti\ccsv7\tools\compiler\ti-cgt-arm_16.9.4.LTS\lib\</path>
         <kind>archive</kind>
         <file>rtsv7M4_T_le_eabi.lib</file>
         <name>memcpy_t2.obj</name>
      </input_file>
      <input_file id="fl-d8">
         <path>C:\ti\ccsv7\tools\compiler\ti-cgt-arm_16.9.4.LTS\lib\</path>
         <kind>archive</kind>
         <file>rtsv7M4_T_le_eabi.lib</file>
         <name>memmov.obj</name>
      </input_file>
      <input_file id="fl-d9">
         <path>C:\ti\ccsv7\tools\compiler\ti-cgt-arm_16.9.4.LTS\lib\</path>
         <kind>archive</kind>
         <file>rtsv7M4_T_le_eabi.lib</file>
         <name>memory.obj</name>
      </input_file>
      <input_file id="fl-da">
         <path>C:\ti\ccsv7\tools\compiler\ti-cgt-arm_16.9.4.LTS\lib\</path>
         <kind>archive</kind>
         <file>rtsv7M4_T_le_eabi.lib</file>
         <name>memset_t2.obj</name>
      </input_file>
      <input_file id="fl-db">
         <path>C:\ti\ccsv7\tools\compiler\ti-cgt-arm_16.9.4.LTS\lib\</path>
         <kind>archive</kind>
         <file>rtsv7M4_T_le_eabi.lib</file>
         <name>mpu_init.obj</name>
      </input_file>
      <input_file id="fl-dc">
         <path>C:\ti\ccsv7\tools\compiler\ti-cgt-arm_16.9.4.LTS\lib\</path>
         <kind>archive</kind>
         <file>rtsv7M4_T_le_eabi.lib</file>
         <name>pre_init.obj</name>
      </input_file>
      <input_file id="fl-dd">
         <path>C:\ti\ccsv7\tools\compiler\ti-cgt-arm_16.9.4.LTS\lib\</path>
         <kind>archive</kind>
         <file>rtsv7M4_T_le_eabi.lib</file>
         <name>s_cos.obj</name>
      </input_file>
      <input_file id="fl-de">
         <path>C:\ti\ccsv7\tools\compiler\ti-cgt-arm_16.9.4.LTS\lib\</path>
         <kind>archive</kind>
         <file>rtsv7M4_T_le_eabi.lib</file>
         <name>s_sin.obj</name>
      </input_file>
      <input_file id="fl-df">
         <path>C:\ti\ccsv7\tools\compiler\ti-cgt-arm_16.9.4.LTS\lib\</path>
         <kind>archive</kind>
         <file>rtsv7M4_T_le_eabi.lib</file>
         <name>stkdepth_vars.obj</name>
      </input_file>
      <input_file id="fl-e0">
         <path>C:\ti\ccsv7\tools\compiler\ti-cgt-arm_16.9.4.LTS\lib\</path>
         <kind>archive</kind>
         <file>rtsv7M4_T_le_eabi.lib</file>
         <name>strlen.obj</name>
      </input_file>
      <input_file id="fl-e1">
         <path>C:\ti\ccsv7\tools\compiler\ti-cgt-arm_16.9.4.LTS\lib\</path>
         <kind>archive</kind>
         <file>rtsv7M4_T_le_eabi.lib</file>
         <name>u_tofd_t2.obj</name>
      </input_file>
      <input_file id="fl-e2">
         <path>C:\ti\ccsv7\tools\compiler\ti-cgt-arm_16.9.4.LTS\lib\</path>
         <kind>archive</kind>
         <file>rtsv7M4_T_le_eabi.lib</file>
         <name>u_tofs_t2.obj</name>
      </input_file>
      <input_file id="fl-e3">
         <path>C:\ti\ccsv7\tools\compiler\ti-cgt-arm_16.9.4.LTS\lib\</path>
         <kind>archive</kind>
         <file>rtsv7M4_T_le_eabi.lib</file>
         <name>vsnprintf.obj</name>
      </input_file>
      <input_file id="fl-e4">
         <path>C:\ti\ccsv7\tools\compiler\ti-cgt-arm_16.9.4.LTS\lib\</path>
         <kind>archive</kind>
         <file>rtsv7M4_T_le_eabi.lib</file>
         <name>_lock.obj</name>
      </input_file>
      <input_file id="fl-e5">
         <path>C:\ti\ccsv7\tools\compiler\ti-cgt-arm_16.9.4.LTS\lib\</path>
         <kind>archive</kind>
         <file>rtsv7M4_T_le_eabi.lib</file>
         <name>_printfi.obj</name>
      </input_file>
      <input_file id="fl-e6">
         <path>C:\ti\ccsv7\tools\compiler\ti-cgt-arm_16.9.4.LTS\lib\</path>
         <kind>archive</kind>
         <file>rtsv7M4_T_le_eabi.lib</file>
         <name>args_main.obj</name>
      </input_file>
      <input_file id="fl-e7">
         <path>C:\ti\ccsv7\tools\compiler\ti-cgt-arm_16.9.4.LTS\lib\</path>
         <kind>archive</kind>
         <file>rtsv7M4_T_le_eabi.lib</file>
         <name>atoi.obj</name>
      </input_file>
      <input_file id="fl-e8">
         <path>C:\ti\ccsv7\tools\compiler\ti-cgt-arm_16.9.4.LTS\lib\</path>
         <kind>archive</kind>
         <file>rtsv7M4_T_le_eabi.lib</file>
         <name>autoinit.obj</name>
      </input_file>
      <input_file id="fl-e9">
         <path>C:\ti\ccsv7\tools\compiler\ti-cgt-arm_16.9.4.LTS\lib\</path>
         <kind>archive</kind>
         <file>rtsv7M4_T_le_eabi.lib</file>
         <name>cpy_tbl.obj</name>
      </input_file>
      <input_file id="fl-ea">
         <path>C:\ti\ccsv7\tools\compiler\ti-cgt-arm_16.9.4.LTS\lib\</path>
         <kind>archive</kind>
         <file>rtsv7M4_T_le_eabi.lib</file>
         <name>ctype.obj</name>
      </input_file>
      <input_file id="fl-eb">
         <path>C:\ti\ccsv7\tools\compiler\ti-cgt-arm_16.9.4.LTS\lib\</path>
         <kind>archive</kind>
         <file>rtsv7M4_T_le_eabi.lib</file>
         <name>k_cos.obj</name>
      </input_file>
      <input_file id="fl-ec">
         <path>C:\ti\ccsv7\tools\compiler\ti-cgt-arm_16.9.4.LTS\lib\</path>
         <kind>archive</kind>
         <file>rtsv7M4_T_le_eabi.lib</file>
         <name>k_rem_pio2.obj</name>
      </input_file>
      <input_file id="fl-ed">
         <path>C:\ti\ccsv7\tools\compiler\ti-cgt-arm_16.9.4.LTS\lib\</path>
         <kind>archive</kind>
         <file>rtsv7M4_T_le_eabi.lib</file>
         <name>k_sin.obj</name>
      </input_file>
      <input_file id="fl-ee">
         <path>C:\ti\ccsv7\tools\compiler\ti-cgt-arm_16.9.4.LTS\lib\</path>
         <kind>archive</kind>
         <file>rtsv7M4_T_le_eabi.lib</file>
         <name>ltoa.obj</name>
      </input_file>
      <input_file id="fl-ef">
         <path>C:\ti\ccsv7\tools\compiler\ti-cgt-arm_16.9.4.LTS\lib\</path>
         <kind>archive</kind>
         <file>rtsv7M4_T_le_eabi.lib</file>
         <name>memccpy.obj</name>
      </input_file>
      <input_file id="fl-f0">
         <path>C:\ti\ccsv7\tools\compiler\ti-cgt-arm_16.9.4.LTS\lib\</path>
         <kind>archive</kind>
         <file>rtsv7M4_T_le_eabi.lib</file>
         <name>s_floor.obj</name>
      </input_file>
      <input_file id="fl-f1">
         <path>C:\ti\ccsv7\tools\compiler\ti-cgt-arm_16.9.4.LTS\lib\</path>
         <kind>archive</kind>
         <file>rtsv7M4_T_le_eabi.lib</file>
         <name>s_frexp.obj</name>
      </input_file>
      <input_file id="fl-f2">
         <path>C:\ti\ccsv7\tools\compiler\ti-cgt-arm_16.9.4.LTS\lib\</path>
         <kind>archive</kind>
         <file>rtsv7M4_T_le_eabi.lib</file>
         <name>s_scalbn.obj</name>
      </input_file>
      <input_file id="fl-f3">
         <path>C:\ti\ccsv7\tools\compiler\ti-cgt-arm_16.9.4.LTS\lib\</path>
         <kind>archive</kind>
         <file>rtsv7M4_T_le_eabi.lib</file>
         <name>startup.obj</name>
      </input_file>
      <input_file id="fl-f4">
         <path>C:\ti\ccsv7\tools\compiler\ti-cgt-arm_16.9.4.LTS\lib\</path>
         <kind>archive</kind>
         <file>rtsv7M4_T_le_eabi.lib</file>
         <name>strchr.obj</name>
      </input_file>
      <input_file id="fl-f5">
         <path>C:\ti\ccsv7\tools\compiler\ti-cgt-arm_16.9.4.LTS\lib\</path>
         <kind>archive</kind>
         <file>rtsv7M4_T_le_eabi.lib</file>
         <name>ull_div_t2.obj</name>
      </input_file>
      <input_file id="fl-f6">
         <path>C:\ti\ccsv7\tools\compiler\ti-cgt-arm_16.9.4.LTS\lib\</path>
         <kind>archive</kind>
         <file>rtsv7M4_T_le_eabi.lib</file>
         <name>s_copysign.obj</name>
      </input_file>
      <input_file id="fl-f7">
         <path>C:\ti\CC3200SDK_1.3.0\cc3200-sdk\driverlib\ccs\Release\</path>
         <kind>archive</kind>
         <file>driverlib.a</file>
         <name>gpio.obj</name>
      </input_file>
      <input_file id="fl-f8">
         <path>C:\ti\CC3200SDK_1.3.0\cc3200-sdk\driverlib\ccs\Release\</path>
         <kind>archive</kind>
         <file>driverlib.a</file>
         <name>interrupt.obj</name>
      </input_file>
      <input_file id="fl-f9">
         <path>C:\ti\CC3200SDK_1.3.0\cc3200-sdk\driverlib\ccs\Release\</path>
         <kind>archive</kind>
         <file>driverlib.a</file>
         <name>pin.obj</name>
      </input_file>
      <input_file id="fl-fa">
         <path>C:\ti\CC3200SDK_1.3.0\cc3200-sdk\driverlib\ccs\Release\</path>
         <kind>archive</kind>
         <file>driverlib.a</file>
         <name>prcm.obj</name>
      </input_file>
      <input_file id="fl-fb">
         <path>C:\ti\CC3200SDK_1.3.0\cc3200-sdk\driverlib\ccs\Release\</path>
         <kind>archive</kind>
         <file>driverlib.a</file>
         <name>spi.obj</name>
      </input_file>
      <input_file id="fl-fc">
         <path>C:\ti\CC3200SDK_1.3.0\cc3200-sdk\driverlib\ccs\Release\</path>
         <kind>archive</kind>
         <file>driverlib.a</file>
         <name>uart.obj</name>
      </input_file>
      <input_file id="fl-fd">
         <path>C:\ti\CC3200SDK_1.3.0\cc3200-sdk\driverlib\ccs\Release\</path>
         <kind>archive</kind>
         <file>driverlib.a</file>
         <name>udma.obj</name>
      </input_file>
      <input_file id="fl-fe">
         <path>C:\ti\CC3200SDK_1.3.0\cc3200-sdk\driverlib\ccs\Release\</path>
         <kind>archive</kind>
         <file>driverlib.a</file>
         <name>utils.obj</name>
      </input_file>
      <input_file id="fl-ff">
         <path>C:\ti\CC3200SDK_1.3.0\cc3200-sdk\driverlib\ccs\Release\</path>
         <kind>archive</kind>
         <file>driverlib.a</file>
         <name>cpu.obj</name>
      </input_file>
      <input_file id="fl-100">
         <path>C:\ti\CC3200SDK_1.3.0\cc3200-sdk\driverlib\ccs\Release\</path>
         <kind>archive</kind>
         <file>driverlib.a</file>
         <name>flash.obj</name>
      </input_file>
   </input_file_list>
   <object_component_list>
      <object_component id="oc-f">
         <name>.intvecs</name>
         <load_address>0x20004000</load_address>
         <run_address>0x20004000</run_address>
         <size>0x400</size>
         <input_file_ref idref="fl-5"/>
      </object_component>
      <object_component id="oc-31a">
         <name>.text</name>
         <load_address>0x20004400</load_address>
         <run_address>0x20004400</run_address>
         <size>0x1122</size>
         <input_file_ref idref="fl-e5"/>
      </object_component>
      <object_component id="oc-59">
         <name>.text</name>
         <load_address>0x20005522</load_address>
         <run_address>0x20005522</run_address>
         <size>0x2</size>
         <input_file_ref idref="fl-db"/>
      </object_component>
      <object_component id="oc-a8">
         <name>.text</name>
         <load_address>0x20005524</load_address>
         <run_address>0x20005524</run_address>
         <size>0x824</size>
         <input_file_ref idref="fl-3"/>
      </object_component>
      <object_component id="oc-1db">
         <name>.text</name>
         <load_address>0x20005d48</load_address>
         <run_address>0x20005d48</run_address>
         <size>0x704</size>
         <input_file_ref idref="fl-ec"/>
      </object_component>
      <object_component id="oc-e7">
         <name>.text</name>
         <load_address>0x2000644c</load_address>
         <run_address>0x2000644c</run_address>
         <size>0x5c0</size>
         <input_file_ref idref="fl-dd"/>
      </object_component>
      <object_component id="oc-f2">
         <name>.text</name>
         <load_address>0x20006a0c</load_address>
         <run_address>0x20006a0c</run_address>
         <size>0x5c0</size>
         <input_file_ref idref="fl-de"/>
      </object_component>
      <object_component id="oc-245">
         <name>.text</name>
         <load_address>0x20006fcc</load_address>
         <run_address>0x20006fcc</run_address>
         <size>0x3d0</size>
         <input_file_ref idref="fl-d9"/>
      </object_component>
      <object_component id="oc-191">
         <name>.text</name>
         <load_address>0x2000739c</load_address>
         <run_address>0x2000739c</run_address>
         <size>0x398</size>
         <input_file_ref idref="fl-2"/>
      </object_component>
      <object_component id="oc-15e">
         <name>.text</name>
         <load_address>0x20007734</load_address>
         <run_address>0x20007734</run_address>
         <size>0x280</size>
         <input_file_ref idref="fl-6"/>
      </object_component>
      <object_component id="oc-38a">
         <name>.text</name>
         <load_address>0x200079b4</load_address>
         <run_address>0x200079b4</run_address>
         <size>0x1f4</size>
         <input_file_ref idref="fl-f5"/>
      </object_component>
      <object_component id="oc-13f">
         <name>.text</name>
         <load_address>0x20007ba8</load_address>
         <run_address>0x20007ba8</run_address>
         <size>0x1b6</size>
         <input_file_ref idref="fl-c9"/>
      </object_component>
      <object_component id="oc-a0">
         <name>.text</name>
         <load_address>0x20007d5e</load_address>
         <run_address>0x20007d5e</run_address>
         <size>0x2</size>
         <input_file_ref idref="fl-f3"/>
      </object_component>
      <object_component id="oc-185">
         <name>.text</name>
         <load_address>0x20007d60</load_address>
         <run_address>0x20007d60</run_address>
         <size>0x17c</size>
         <input_file_ref idref="fl-4"/>
      </object_component>
      <object_component id="oc-176">
         <name>.text:PRCMCC3200MCUInit</name>
         <load_address>0x20007edc</load_address>
         <run_address>0x20007edc</run_address>
         <size>0x178</size>
         <input_file_ref idref="fl-fa"/>
      </object_component>
      <object_component id="oc-111">
         <name>.text</name>
         <load_address>0x20008054</load_address>
         <run_address>0x20008054</run_address>
         <size>0x170</size>
         <input_file_ref idref="fl-c6"/>
      </object_component>
      <object_component id="oc-1e1">
         <name>.text</name>
         <load_address>0x200081c4</load_address>
         <run_address>0x200081c4</run_address>
         <size>0x168</size>
         <input_file_ref idref="fl-ed"/>
      </object_component>
      <object_component id="oc-1d0">
         <name>.text</name>
         <load_address>0x2000832c</load_address>
         <run_address>0x2000832c</run_address>
         <size>0x160</size>
         <input_file_ref idref="fl-eb"/>
      </object_component>
      <object_component id="oc-e2">
         <name>.text</name>
         <load_address>0x2000848c</load_address>
         <run_address>0x2000848c</run_address>
         <size>0x136</size>
         <input_file_ref idref="fl-cb"/>
      </object_component>
      <object_component id="oc-dd">
         <name>.text</name>
         <load_address>0x200085c2</load_address>
         <run_address>0x200085c2</run_address>
         <size>0xfc</size>
         <input_file_ref idref="fl-cc"/>
      </object_component>
      <object_component id="oc-fd">
         <name>.text</name>
         <load_address>0x200086be</load_address>
         <run_address>0x200086be</run_address>
         <size>0xfa</size>
         <input_file_ref idref="fl-cf"/>
      </object_component>
      <object_component id="oc-2ec">
         <name>.text</name>
         <load_address>0x200087b8</load_address>
         <run_address>0x200087b8</run_address>
         <size>0xf4</size>
         <input_file_ref idref="fl-f0"/>
      </object_component>
      <object_component id="oc-210">
         <name>.text:SPITransfer32</name>
         <load_address>0x200088ac</load_address>
         <run_address>0x200088ac</run_address>
         <size>0xd0</size>
         <input_file_ref idref="fl-fb"/>
      </object_component>
      <object_component id="oc-2e6">
         <name>.text</name>
         <load_address>0x2000897c</load_address>
         <run_address>0x2000897c</run_address>
         <size>0xd0</size>
         <input_file_ref idref="fl-f2"/>
      </object_component>
      <object_component id="oc-20a">
         <name>.text:SPITransfer16</name>
         <load_address>0x20008a4c</load_address>
         <run_address>0x20008a4c</run_address>
         <size>0xce</size>
         <input_file_ref idref="fl-fb"/>
      </object_component>
      <object_component id="oc-204">
         <name>.text:SPITransfer8</name>
         <load_address>0x20008b1a</load_address>
         <run_address>0x20008b1a</run_address>
         <size>0xb8</size>
         <input_file_ref idref="fl-fb"/>
      </object_component>
      <object_component id="oc-170">
         <name>.text:IntEnable</name>
         <load_address>0x20008bd4</load_address>
         <run_address>0x20008bd4</run_address>
         <size>0xa8</size>
         <input_file_ref idref="fl-f8"/>
      </object_component>
      <object_component id="oc-12d">
         <name>.text:SPIConfigSetExpClk</name>
         <load_address>0x20008c7c</load_address>
         <run_address>0x20008c7c</run_address>
         <size>0xa0</size>
         <input_file_ref idref="fl-fb"/>
      </object_component>
      <object_component id="oc-41">
         <name>.text</name>
         <load_address>0x20008d1c</load_address>
         <run_address>0x20008d1c</run_address>
         <size>0x9c</size>
         <input_file_ref idref="fl-d7"/>
      </object_component>
      <object_component id="oc-127">
         <name>.text:PRCMPeripheralClockGet</name>
         <load_address>0x20008db8</load_address>
         <run_address>0x20008db8</run_address>
         <size>0x94</size>
         <input_file_ref idref="fl-fa"/>
      </object_component>
      <object_component id="oc-102">
         <name>.text</name>
         <load_address>0x20008e4c</load_address>
         <run_address>0x20008e4c</run_address>
         <size>0x92</size>
         <input_file_ref idref="fl-d0"/>
      </object_component>
      <object_component id="oc-347">
         <name>.text:PinConfigSet</name>
         <load_address>0x20008ee0</load_address>
         <run_address>0x20008ee0</run_address>
         <size>0x88</size>
         <input_file_ref idref="fl-f9"/>
      </object_component>
      <object_component id="oc-149">
         <name>.text:SPITransfer</name>
         <load_address>0x20008f68</load_address>
         <run_address>0x20008f68</run_address>
         <size>0x88</size>
         <input_file_ref idref="fl-fb"/>
      </object_component>
      <object_component id="oc-227">
         <name>.text</name>
         <load_address>0x20008ff0</load_address>
         <run_address>0x20008ff0</run_address>
         <size>0x88</size>
         <input_file_ref idref="fl-e3"/>
      </object_component>
      <object_component id="oc-1d6">
         <name>.text:__aeabi_cdcmple</name>
         <load_address>0x20009078</load_address>
         <run_address>0x20009078</run_address>
         <size>0x86</size>
         <input_file_ref idref="fl-ca"/>
      </object_component>
      <object_component id="oc-11c">
         <name>.text:__aeabi_cdrcmple</name>
         <load_address>0x200090fe</load_address>
         <run_address>0x200090fe</run_address>
         <size>0x86</size>
         <input_file_ref idref="fl-ca"/>
      </object_component>
      <object_component id="oc-2aa">
         <name>.text:GPIOIntTypeSet</name>
         <load_address>0x20009184</load_address>
         <run_address>0x20009184</run_address>
         <size>0x82</size>
         <input_file_ref idref="fl-f7"/>
      </object_component>
      <object_component id="oc-f8">
         <name>.text</name>
         <load_address>0x20009206</load_address>
         <run_address>0x20009206</run_address>
         <size>0x7a</size>
         <input_file_ref idref="fl-d1"/>
      </object_component>
      <object_component id="oc-4d">
         <name>.text</name>
         <load_address>0x20009280</load_address>
         <run_address>0x20009280</run_address>
         <size>0x7a</size>
         <input_file_ref idref="fl-da"/>
      </object_component>
      <object_component id="oc-21b">
         <name>.text:UARTConfigSetExpClk</name>
         <load_address>0x200092fa</load_address>
         <run_address>0x200092fa</run_address>
         <size>0x76</size>
         <input_file_ref idref="fl-fc"/>
      </object_component>
      <object_component id="oc-65">
         <name>.text</name>
         <load_address>0x20009370</load_address>
         <run_address>0x20009370</run_address>
         <size>0x70</size>
         <input_file_ref idref="fl-e8"/>
      </object_component>
      <object_component id="oc-ed">
         <name>.text</name>
         <load_address>0x200093e0</load_address>
         <run_address>0x200093e0</run_address>
         <size>0x6e</size>
         <input_file_ref idref="fl-ce"/>
      </object_component>
      <object_component id="oc-12">
         <name>.text:decompress:lzss</name>
         <load_address>0x2000944e</load_address>
         <run_address>0x2000944e</run_address>
         <size>0x68</size>
         <input_file_ref idref="fl-c3"/>
      </object_component>
      <object_component id="oc-395">
         <name>.text</name>
         <load_address>0x200094b8</load_address>
         <run_address>0x200094b8</run_address>
         <size>0x5c</size>
         <input_file_ref idref="fl-f1"/>
      </object_component>
      <object_component id="oc-197">
         <name>.text:PRCMPeripheralReset</name>
         <load_address>0x20009514</load_address>
         <run_address>0x20009514</run_address>
         <size>0x58</size>
         <input_file_ref idref="fl-fa"/>
      </object_component>
      <object_component id="oc-2b0">
         <name>.text:IntPrioritySet</name>
         <load_address>0x2000956c</load_address>
         <run_address>0x2000956c</run_address>
         <size>0x54</size>
         <input_file_ref idref="fl-f8"/>
      </object_component>
      <object_component id="oc-71">
         <name>.text</name>
         <load_address>0x200095c0</load_address>
         <run_address>0x200095c0</run_address>
         <size>0x54</size>
         <input_file_ref idref="fl-c8"/>
      </object_component>
      <object_component id="oc-38f">
         <name>.text</name>
         <load_address>0x20009614</load_address>
         <run_address>0x20009614</run_address>
         <size>0x54</size>
         <input_file_ref idref="fl-ee"/>
      </object_component>
      <object_component id="oc-3a1">
         <name>.text</name>
         <load_address>0x20009668</load_address>
         <run_address>0x20009668</run_address>
         <size>0x4c</size>
         <input_file_ref idref="fl-e7"/>
      </object_component>
      <object_component id="oc-9a">
         <name>.text</name>
         <load_address>0x200096b4</load_address>
         <run_address>0x200096b4</run_address>
         <size>0x4c</size>
         <input_file_ref idref="fl-e9"/>
      </object_component>
      <object_component id="oc-358">
         <name>.text:GPIOGetIntNumber</name>
         <load_address>0x20009700</load_address>
         <run_address>0x20009700</run_address>
         <size>0x48</size>
         <input_file_ref idref="fl-f7"/>
      </object_component>
      <object_component id="oc-117">
         <name>.text</name>
         <load_address>0x20009748</load_address>
         <run_address>0x20009748</run_address>
         <size>0x48</size>
         <input_file_ref idref="fl-cd"/>
      </object_component>
      <object_component id="oc-287">
         <name>.text:PinModeSet</name>
         <load_address>0x20009790</load_address>
         <run_address>0x20009790</run_address>
         <size>0x40</size>
         <input_file_ref idref="fl-f9"/>
      </object_component>
      <object_component id="oc-24">
         <name>.text</name>
         <load_address>0x200097d0</load_address>
         <run_address>0x200097d0</run_address>
         <size>0x40</size>
         <input_file_ref idref="fl-c2"/>
      </object_component>
      <object_component id="oc-18b">
         <name>.text:PRCMPeripheralClkEnable</name>
         <load_address>0x20009810</load_address>
         <run_address>0x20009810</run_address>
         <size>0x3c</size>
         <input_file_ref idref="fl-fa"/>
      </object_component>
      <object_component id="oc-10c">
         <name>.text</name>
         <load_address>0x2000984c</load_address>
         <run_address>0x2000984c</run_address>
         <size>0x38</size>
         <input_file_ref idref="fl-d2"/>
      </object_component>
      <object_component id="oc-144">
         <name>.text</name>
         <load_address>0x20009884</load_address>
         <run_address>0x20009884</run_address>
         <size>0x38</size>
         <input_file_ref idref="fl-d3"/>
      </object_component>
      <object_component id="oc-107">
         <name>.text</name>
         <load_address>0x200098bc</load_address>
         <run_address>0x200098bc</run_address>
         <size>0x38</size>
         <input_file_ref idref="fl-d6"/>
      </object_component>
      <object_component id="oc-293">
         <name>.text:GPIODirModeSet</name>
         <load_address>0x200098f4</load_address>
         <run_address>0x200098f4</run_address>
         <size>0x36</size>
         <input_file_ref idref="fl-f7"/>
      </object_component>
      <object_component id="oc-154">
         <name>.text</name>
         <load_address>0x2000992a</load_address>
         <run_address>0x2000992a</run_address>
         <size>0x34</size>
         <input_file_ref idref="fl-d4"/>
      </object_component>
      <object_component id="oc-28d">
         <name>.text:PinTypeGPIO</name>
         <load_address>0x2000995e</load_address>
         <run_address>0x2000995e</run_address>
         <size>0x30</size>
         <input_file_ref idref="fl-f9"/>
      </object_component>
      <object_component id="oc-30c">
         <name>.text:UARTDisable</name>
         <load_address>0x20009990</load_address>
         <run_address>0x20009990</run_address>
         <size>0x30</size>
         <input_file_ref idref="fl-fc"/>
      </object_component>
      <object_component id="oc-d8">
         <name>.text</name>
         <load_address>0x200099c0</load_address>
         <run_address>0x200099c0</run_address>
         <size>0x2e</size>
         <input_file_ref idref="fl-d5"/>
      </object_component>
      <object_component id="oc-26b">
         <name>.text:PRCMSysResetCauseGet</name>
         <load_address>0x200099f0</load_address>
         <run_address>0x200099f0</run_address>
         <size>0x2c</size>
         <input_file_ref idref="fl-fa"/>
      </object_component>
      <object_component id="oc-27d">
         <name>.text:PRCMPeripheralClkDisable</name>
         <load_address>0x20009a1c</load_address>
         <run_address>0x20009a1c</run_address>
         <size>0x28</size>
         <input_file_ref idref="fl-fa"/>
      </object_component>
      <object_component id="oc-312">
         <name>.text:UARTEnable</name>
         <load_address>0x20009a44</load_address>
         <run_address>0x20009a44</run_address>
         <size>0x24</size>
         <input_file_ref idref="fl-fc"/>
      </object_component>
      <object_component id="oc-23f">
         <name>.text</name>
         <load_address>0x20009a68</load_address>
         <run_address>0x20009a68</run_address>
         <size>0x24</size>
         <input_file_ref idref="fl-d8"/>
      </object_component>
      <object_component id="oc-14f">
         <name>.text</name>
         <load_address>0x20009a8c</load_address>
         <run_address>0x20009a8c</run_address>
         <size>0x24</size>
         <input_file_ref idref="fl-e2"/>
      </object_component>
      <object_component id="oc-121">
         <name>.text:SPIReset</name>
         <load_address>0x20009ab0</load_address>
         <run_address>0x20009ab0</run_address>
         <size>0x22</size>
         <input_file_ref idref="fl-fb"/>
      </object_component>
      <object_component id="oc-17c">
         <name>.text:GPIOPinWrite</name>
         <load_address>0x20009ad2</load_address>
         <run_address>0x20009ad2</run_address>
         <size>0x20</size>
         <input_file_ref idref="fl-f7"/>
      </object_component>
      <object_component id="oc-35e">
         <name>.text:IntRegister</name>
         <load_address>0x20009af4</load_address>
         <run_address>0x20009af4</run_address>
         <size>0x20</size>
         <input_file_ref idref="fl-f8"/>
      </object_component>
      <object_component id="oc-159">
         <name>.text</name>
         <load_address>0x20009b14</load_address>
         <run_address>0x20009b14</run_address>
         <size>0x20</size>
         <input_file_ref idref="fl-e1"/>
      </object_component>
      <object_component id="oc-2b6">
         <name>.text:GPIOIntRegister</name>
         <load_address>0x20009b34</load_address>
         <run_address>0x20009b34</run_address>
         <size>0x1e</size>
         <input_file_ref idref="fl-f7"/>
      </object_component>
      <object_component id="oc-221">
         <name>.text:UARTCharPut</name>
         <load_address>0x20009b52</load_address>
         <run_address>0x20009b52</run_address>
         <size>0x1e</size>
         <input_file_ref idref="fl-fc"/>
      </object_component>
      <object_component id="oc-233">
         <name>.text:UARTCharGetNonBlocking</name>
         <load_address>0x20009b70</load_address>
         <run_address>0x20009b70</run_address>
         <size>0x1c</size>
         <input_file_ref idref="fl-fc"/>
      </object_component>
      <object_component id="oc-3a7">
         <name>.text</name>
         <load_address>0x20009b8c</load_address>
         <run_address>0x20009b8c</run_address>
         <size>0x1c</size>
         <input_file_ref idref="fl-ef"/>
      </object_component>
      <object_component id="oc-2c2">
         <name>.text:GPIOIntEnable</name>
         <load_address>0x20009ba8</load_address>
         <run_address>0x20009ba8</run_address>
         <size>0x1a</size>
         <input_file_ref idref="fl-f7"/>
      </object_component>
      <object_component id="oc-29f">
         <name>.text:PinTypeSPI</name>
         <load_address>0x20009bc2</load_address>
         <run_address>0x20009bc2</run_address>
         <size>0x1a</size>
         <input_file_ref idref="fl-f9"/>
      </object_component>
      <object_component id="oc-299">
         <name>.text:PinTypeUART</name>
         <load_address>0x20009bdc</load_address>
         <run_address>0x20009bdc</run_address>
         <size>0x1a</size>
         <input_file_ref idref="fl-f9"/>
      </object_component>
      <object_component id="oc-2ce">
         <name>.text:GPIOPinRead</name>
         <load_address>0x20009bf6</load_address>
         <run_address>0x20009bf6</run_address>
         <size>0x18</size>
         <input_file_ref idref="fl-f7"/>
      </object_component>
      <object_component id="oc-139">
         <name>.text:SPICSEnable</name>
         <load_address>0x20009c0e</load_address>
         <run_address>0x20009c0e</run_address>
         <size>0x18</size>
         <input_file_ref idref="fl-fb"/>
      </object_component>
      <object_component id="oc-133">
         <name>.text:SPIEnable</name>
         <load_address>0x20009c26</load_address>
         <run_address>0x20009c26</run_address>
         <size>0x18</size>
         <input_file_ref idref="fl-fb"/>
      </object_component>
      <object_component id="oc-22d">
         <name>.text:UARTCharsAvail</name>
         <load_address>0x20009c3e</load_address>
         <run_address>0x20009c3e</run_address>
         <size>0x18</size>
         <input_file_ref idref="fl-fc"/>
      </object_component>
      <object_component id="oc-6b">
         <name>.text</name>
         <load_address>0x20009c58</load_address>
         <run_address>0x20009c58</run_address>
         <size>0x18</size>
         <input_file_ref idref="fl-e6"/>
      </object_component>
      <object_component id="oc-271">
         <name>.text:PRCMHIBRegRead</name>
         <load_address>0x20009c70</load_address>
         <run_address>0x20009c70</run_address>
         <size>0x16</size>
         <input_file_ref idref="fl-fa"/>
      </object_component>
      <object_component id="oc-277">
         <name>.text:PRCMHIBRegWrite</name>
         <load_address>0x20009c86</load_address>
         <run_address>0x20009c86</run_address>
         <size>0x16</size>
         <input_file_ref idref="fl-fa"/>
      </object_component>
      <object_component id="oc-39b">
         <name>.text</name>
         <load_address>0x20009c9c</load_address>
         <run_address>0x20009c9c</run_address>
         <size>0x16</size>
         <input_file_ref idref="fl-f4"/>
      </object_component>
      <object_component id="oc-25b">
         <name>.text:CPUcpsie</name>
         <load_address>0x20009cb2</load_address>
         <run_address>0x20009cb2</run_address>
         <size>0x14</size>
         <input_file_ref idref="fl-ff"/>
      </object_component>
      <object_component id="oc-2bc">
         <name>.text:GPIOIntClear</name>
         <load_address>0x20009cc6</load_address>
         <run_address>0x20009cc6</run_address>
         <size>0x14</size>
         <input_file_ref idref="fl-f7"/>
      </object_component>
      <object_component id="oc-164">
         <name>.text:IntVTableBaseSet</name>
         <load_address>0x20009cdc</load_address>
         <run_address>0x20009cdc</run_address>
         <size>0x14</size>
         <input_file_ref idref="fl-f8"/>
      </object_component>
      <object_component id="oc-1b5">
         <name>.text</name>
         <load_address>0x20009cf0</load_address>
         <run_address>0x20009cf0</run_address>
         <size>0x14</size>
         <input_file_ref idref="fl-e4"/>
      </object_component>
      <object_component id="oc-239">
         <name>.text</name>
         <load_address>0x20009d04</load_address>
         <run_address>0x20009d04</run_address>
         <size>0x14</size>
         <input_file_ref idref="fl-e0"/>
      </object_component>
      <object_component id="oc-18">
         <name>.text:decompress:none</name>
         <load_address>0x20009d18</load_address>
         <run_address>0x20009d18</run_address>
         <size>0xe</size>
         <input_file_ref idref="fl-c4"/>
      </object_component>
      <object_component id="oc-2d">
         <name>.text</name>
         <load_address>0x20009d26</load_address>
         <run_address>0x20009d26</run_address>
         <size>0xe</size>
         <input_file_ref idref="fl-5"/>
      </object_component>
      <object_component id="oc-1e">
         <name>.text:decompress:ZI</name>
         <load_address>0x20009d34</load_address>
         <run_address>0x20009d34</run_address>
         <size>0xc</size>
         <input_file_ref idref="fl-c5"/>
      </object_component>
      <object_component id="oc-16a">
         <name>.text:IntMasterEnable</name>
         <load_address>0x20009d40</load_address>
         <run_address>0x20009d40</run_address>
         <size>0xa</size>
         <input_file_ref idref="fl-f8"/>
      </object_component>
      <object_component id="oc-378">
         <name>.text</name>
         <load_address>0x20009d4a</load_address>
         <run_address>0x20009d4a</run_address>
         <size>0x8</size>
         <input_file_ref idref="fl-f6"/>
      </object_component>
      <object_component id="oc-33f">
         <name>.text:UtilsDelay</name>
         <load_address>0x20009d52</load_address>
         <run_address>0x20009d52</run_address>
         <size>0x6</size>
         <input_file_ref idref="fl-fe"/>
      </object_component>
      <object_component id="oc-5f">
         <name>.text</name>
         <load_address>0x20009d58</load_address>
         <run_address>0x20009d58</run_address>
         <size>0x4</size>
         <input_file_ref idref="fl-dc"/>
      </object_component>
      <object_component id="oc-2f2">
         <name>.const:$O1$$</name>
         <load_address>0x20009d60</load_address>
         <run_address>0x20009d60</run_address>
         <size>0x158</size>
         <input_file_ref idref="fl-ec"/>
      </object_component>
      <object_component id="oc-3d9">
         <name>.const:.string:_ctypes_</name>
         <load_address>0x20009eb8</load_address>
         <run_address>0x20009eb8</run_address>
         <size>0x101</size>
         <input_file_ref idref="fl-ea"/>
      </object_component>
      <object_component id="oc-343">
         <name>.const:g_ulPinToPadMap</name>
         <load_address>0x20009fbc</load_address>
         <run_address>0x20009fbc</run_address>
         <size>0x100</size>
         <input_file_ref idref="fl-f9"/>
      </object_component>
      <object_component id="oc-354">
         <name>.const:g_pulRegs</name>
         <load_address>0x2000a0bc</load_address>
         <run_address>0x2000a0bc</run_address>
         <size>0xd4</size>
         <input_file_ref idref="fl-f8"/>
      </object_component>
      <object_component id="oc-2a6">
         <name>.const:PRCM_PeriphRegsList</name>
         <load_address>0x2000a190</load_address>
         <run_address>0x2000a190</run_address>
         <size>0xa8</size>
         <input_file_ref idref="fl-fa"/>
      </object_component>
      <object_component id="oc-267">
         <name>.const</name>
         <load_address>0x2000a238</load_address>
         <run_address>0x2000a238</run_address>
         <size>0x80</size>
         <input_file_ref idref="fl-f8"/>
      </object_component>
      <object_component id="oc-419">
         <name>.cinit..data.load</name>
         <load_address>0x2000a2b8</load_address>
         <run_address>0x2000a2b8</run_address>
         <size>0x37</size>
      </object_component>
      <object_component id="oc-417">
         <name>__TI_handler_table</name>
         <load_address>0x2000a2f0</load_address>
         <run_address>0x2000a2f0</run_address>
         <size>0xc</size>
      </object_component>
      <object_component id="oc-41a">
         <name>.cinit..bss.load</name>
         <load_address>0x2000a300</load_address>
         <run_address>0x2000a300</run_address>
         <size>0x8</size>
      </object_component>
      <object_component id="oc-418">
         <name>__TI_cinit_table</name>
         <load_address>0x2000a308</load_address>
         <run_address>0x2000a308</run_address>
         <size>0x10</size>
      </object_component>
      <object_component id="oc-2d6">
         <name>.data:ulReg</name>
         <load_address>0x2002d818</load_address>
         <run_address>0x2002d818</run_address>
         <size>0x14</size>
         <input_file_ref idref="fl-2"/>
      </object_component>
      <object_component id="oc-2c8">
         <name>.data</name>
         <load_address>0x2002d854</load_address>
         <run_address>0x2002d854</run_address>
         <size>0xc</size>
         <input_file_ref idref="fl-2"/>
      </object_component>
      <object_component id="oc-1a1">
         <name>.data</name>
         <load_address>0x2002d82c</load_address>
         <run_address>0x2002d82c</run_address>
         <size>0x10</size>
         <input_file_ref idref="fl-3"/>
      </object_component>
      <object_component id="oc-1f6">
         <name>.data</name>
         <load_address>0x2002d868</load_address>
         <run_address>0x2002d868</run_address>
         <size>0x4</size>
         <input_file_ref idref="fl-c7"/>
      </object_component>
      <object_component id="oc-b0">
         <name>.data:$O1$$</name>
         <load_address>0x2002d83c</load_address>
         <run_address>0x2002d83c</run_address>
         <size>0xc</size>
         <input_file_ref idref="fl-c8"/>
      </object_component>
      <object_component id="oc-332">
         <name>.data:$O1$$</name>
         <load_address>0x2002d848</load_address>
         <run_address>0x2002d848</run_address>
         <size>0xc</size>
         <input_file_ref idref="fl-d9"/>
      </object_component>
      <object_component id="oc-77">
         <name>.data</name>
         <load_address>0x2002d86c</load_address>
         <run_address>0x2002d86c</run_address>
         <size>0x4</size>
         <input_file_ref idref="fl-df"/>
      </object_component>
      <object_component id="oc-b3">
         <name>.data:$O1$$</name>
         <load_address>0x2002d860</load_address>
         <run_address>0x2002d860</run_address>
         <size>0x8</size>
         <input_file_ref idref="fl-e4"/>
      </object_component>
      <object_component id="oc-19d">
         <name>.bss:rxBuffer</name>
         <uninitialized>true</uninitialized>
         <run_address>0x2002d008</run_address>
         <size>0x4</size>
         <input_file_ref idref="fl-3"/>
      </object_component>
      <object_component id="oc-24b">
         <name>.bss</name>
         <uninitialized>true</uninitialized>
         <run_address>0x2002d00c</run_address>
         <size>0x4</size>
         <input_file_ref idref="fl-6"/>
      </object_component>
      <object_component id="oc-2cb">
         <name>.common:g_ucLED1Pin</name>
         <uninitialized>true</uninitialized>
         <run_address>0x2002d012</run_address>
         <size>0x1</size>
      </object_component>
      <object_component id="oc-2d4">
         <name>.common:g_ucLED2Pin</name>
         <uninitialized>true</uninitialized>
         <run_address>0x2002d013</run_address>
         <size>0x1</size>
      </object_component>
      <object_component id="oc-2d5">
         <name>.common:g_ucLED3Pin</name>
         <uninitialized>true</uninitialized>
         <run_address>0x2002d014</run_address>
         <size>0x1</size>
      </object_component>
      <object_component id="oc-1a0">
         <name>.common:temp</name>
         <uninitialized>true</uninitialized>
         <run_address>0x2002d010</run_address>
         <size>0x2</size>
      </object_component>
      <object_component id="oc-1a4">
         <name>.common:adc_arr</name>
         <uninitialized>true</uninitialized>
         <run_address>0x2001d000</run_address>
         <size>0x8000</size>
      </object_component>
      <object_component id="oc-1a5">
         <name>.common:adc_vec</name>
         <uninitialized>true</uninitialized>
         <run_address>0x20025000</run_address>
         <size>0x8000</size>
      </object_component>
      <object_component id="oc-182">
         <name>.common:max</name>
         <uninitialized>true</uninitialized>
         <run_address>0x2002d000</run_address>
         <size>0x8</size>
      </object_component>
      <object_component id="oc-2a">
         <name>.sysmem</name>
         <uninitialized>true</uninitialized>
         <run_address>0x2002d018</run_address>
         <size>0x8</size>
         <input_file_ref idref="fl-d9"/>
      </object_component>
      <object_component id="oc-41c">
         <name>.sysmem</name>
         <uninitialized>true</uninitialized>
         <run_address>0x2002d018</run_address>
         <size>0x0</size>
      </object_component>
      <object_component id="oc-29">
         <name>.stack</name>
         <uninitialized>true</uninitialized>
         <run_address>0x2003f800</run_address>
         <size>0x0</size>
         <input_file_ref idref="fl-c2"/>
      </object_component>
      <object_component id="oc-41b">
         <name>.stack</name>
         <uninitialized>true</uninitialized>
         <run_address>0x2003f800</run_address>
         <size>0x0</size>
      </object_component>
      <object_component id="oc-2cc">
         <name>.debug_info</name>
         <load_address>0x0</load_address>
         <run_address>0x0</run_address>
         <size>0x35b</size>
         <input_file_ref idref="fl-2"/>
      </object_component>
      <object_component id="oc-2d7">
         <name>.debug_info</name>
         <load_address>0x35b</load_address>
         <run_address>0x35b</run_address>
         <size>0x107</size>
         <input_file_ref idref="fl-2"/>
      </object_component>
      <object_component id="oc-2c9">
         <name>.debug_info</name>
         <load_address>0x462</load_address>
         <run_address>0x462</run_address>
         <size>0x168</size>
         <input_file_ref idref="fl-2"/>
      </object_component>
      <object_component id="oc-192">
         <name>.debug_info</name>
         <load_address>0x5ca</load_address>
         <run_address>0x5ca</run_address>
         <size>0xf0c</size>
         <input_file_ref idref="fl-2"/>
      </object_component>
      <object_component id="oc-371">
         <name>.debug_info</name>
         <load_address>0x14d6</load_address>
         <run_address>0x14d6</run_address>
         <size>0x62</size>
         <input_file_ref idref="fl-2"/>
      </object_component>
      <object_component id="oc-3c">
         <name>.debug_info</name>
         <load_address>0x1538</load_address>
         <run_address>0x1538</run_address>
         <size>0x84</size>
         <input_file_ref idref="fl-2"/>
      </object_component>
      <object_component id="oc-262">
         <name>.debug_info</name>
         <load_address>0x15bc</load_address>
         <run_address>0x15bc</run_address>
         <size>0x2c</size>
         <input_file_ref idref="fl-2"/>
      </object_component>
      <object_component id="oc-250">
         <name>.debug_info</name>
         <load_address>0x15e8</load_address>
         <run_address>0x15e8</run_address>
         <size>0x4e</size>
         <input_file_ref idref="fl-2"/>
      </object_component>
      <object_component id="oc-183">
         <name>.debug_info</name>
         <load_address>0x1636</load_address>
         <run_address>0x1636</run_address>
         <size>0x6b7</size>
         <input_file_ref idref="fl-3"/>
      </object_component>
      <object_component id="oc-19e">
         <name>.debug_info</name>
         <load_address>0x1ced</load_address>
         <run_address>0x1ced</run_address>
         <size>0xdd</size>
         <input_file_ref idref="fl-3"/>
      </object_component>
      <object_component id="oc-1a2">
         <name>.debug_info</name>
         <load_address>0x1dca</load_address>
         <run_address>0x1dca</run_address>
         <size>0x12e</size>
         <input_file_ref idref="fl-3"/>
      </object_component>
      <object_component id="oc-a9">
         <name>.debug_info</name>
         <load_address>0x1ef8</load_address>
         <run_address>0x1ef8</run_address>
         <size>0xeb4</size>
         <input_file_ref idref="fl-3"/>
      </object_component>
      <object_component id="oc-1a7">
         <name>.debug_info</name>
         <load_address>0x2dac</load_address>
         <run_address>0x2dac</run_address>
         <size>0xa6</size>
         <input_file_ref idref="fl-3"/>
      </object_component>
      <object_component id="oc-186">
         <name>.debug_info</name>
         <load_address>0x2e52</load_address>
         <run_address>0x2e52</run_address>
         <size>0x453</size>
         <input_file_ref idref="fl-4"/>
      </object_component>
      <object_component id="oc-35">
         <name>.debug_info</name>
         <load_address>0x32a5</load_address>
         <run_address>0x32a5</run_address>
         <size>0x19b</size>
         <input_file_ref idref="fl-5"/>
      </object_component>
      <object_component id="oc-10">
         <name>.debug_info</name>
         <load_address>0x3440</load_address>
         <run_address>0x3440</run_address>
         <size>0x11a</size>
         <input_file_ref idref="fl-5"/>
      </object_component>
      <object_component id="oc-31">
         <name>.debug_info</name>
         <load_address>0x355a</load_address>
         <run_address>0x355a</run_address>
         <size>0x43b</size>
         <input_file_ref idref="fl-5"/>
      </object_component>
      <object_component id="oc-24f">
         <name>.debug_info</name>
         <load_address>0x3995</load_address>
         <run_address>0x3995</run_address>
         <size>0x3fd</size>
         <input_file_ref idref="fl-6"/>
      </object_component>
      <object_component id="oc-24c">
         <name>.debug_info</name>
         <load_address>0x3d92</load_address>
         <run_address>0x3d92</run_address>
         <size>0x111</size>
         <input_file_ref idref="fl-6"/>
      </object_component>
      <object_component id="oc-15f">
         <name>.debug_info</name>
         <load_address>0x3ea3</load_address>
         <run_address>0x3ea3</run_address>
         <size>0x8ed</size>
         <input_file_ref idref="fl-6"/>
      </object_component>
      <object_component id="oc-255">
         <name>.debug_info</name>
         <load_address>0x4790</load_address>
         <run_address>0x4790</run_address>
         <size>0x110</size>
         <input_file_ref idref="fl-6"/>
      </object_component>
      <object_component id="oc-26">
         <name>.debug_info</name>
         <load_address>0x48a0</load_address>
         <run_address>0x48a0</run_address>
         <size>0x160</size>
         <input_file_ref idref="fl-c2"/>
      </object_component>
      <object_component id="oc-87">
         <name>.debug_info</name>
         <load_address>0x4a00</load_address>
         <run_address>0x4a00</run_address>
         <size>0x165</size>
         <input_file_ref idref="fl-c3"/>
      </object_component>
      <object_component id="oc-13">
         <name>.debug_info</name>
         <load_address>0x4b65</load_address>
         <run_address>0x4b65</run_address>
         <size>0x245</size>
         <input_file_ref idref="fl-c3"/>
      </object_component>
      <object_component id="oc-37">
         <name>.debug_info</name>
         <load_address>0x4daa</load_address>
         <run_address>0x4daa</run_address>
         <size>0x60</size>
         <input_file_ref idref="fl-c3"/>
      </object_component>
      <object_component id="oc-82">
         <name>.debug_info</name>
         <load_address>0x4e0a</load_address>
         <run_address>0x4e0a</run_address>
         <size>0x46</size>
         <input_file_ref idref="fl-c3"/>
      </object_component>
      <object_component id="oc-4c">
         <name>.debug_info</name>
         <load_address>0x4e50</load_address>
         <run_address>0x4e50</run_address>
         <size>0x1ac</size>
         <input_file_ref idref="fl-c4"/>
      </object_component>
      <object_component id="oc-19">
         <name>.debug_info</name>
         <load_address>0x4ffc</load_address>
         <run_address>0x4ffc</run_address>
         <size>0x1df</size>
         <input_file_ref idref="fl-c4"/>
      </object_component>
      <object_component id="oc-47">
         <name>.debug_info</name>
         <load_address>0x51db</load_address>
         <run_address>0x51db</run_address>
         <size>0x46</size>
         <input_file_ref idref="fl-c4"/>
      </object_component>
      <object_component id="oc-89">
         <name>.debug_info</name>
         <load_address>0x5221</load_address>
         <run_address>0x5221</run_address>
         <size>0x2c</size>
         <input_file_ref idref="fl-c4"/>
      </object_component>
      <object_component id="oc-58">
         <name>.debug_info</name>
         <load_address>0x524d</load_address>
         <run_address>0x524d</run_address>
         <size>0x19b</size>
         <input_file_ref idref="fl-c5"/>
      </object_component>
      <object_component id="oc-21">
         <name>.debug_info</name>
         <load_address>0x53e8</load_address>
         <run_address>0x53e8</run_address>
         <size>0x1aa</size>
         <input_file_ref idref="fl-c5"/>
      </object_component>
      <object_component id="oc-53">
         <name>.debug_info</name>
         <load_address>0x5592</load_address>
         <run_address>0x5592</run_address>
         <size>0x46</size>
         <input_file_ref idref="fl-c5"/>
      </object_component>
      <object_component id="oc-91">
         <name>.debug_info</name>
         <load_address>0x55d8</load_address>
         <run_address>0x55d8</run_address>
         <size>0x2c</size>
         <input_file_ref idref="fl-c5"/>
      </object_component>
      <object_component id="oc-1fa">
         <name>.debug_info</name>
         <load_address>0x5604</load_address>
         <run_address>0x5604</run_address>
         <size>0x1b5</size>
         <input_file_ref idref="fl-c6"/>
      </object_component>
      <object_component id="oc-115">
         <name>.debug_info</name>
         <load_address>0x57b9</load_address>
         <run_address>0x57b9</run_address>
         <size>0x24b</size>
         <input_file_ref idref="fl-c6"/>
      </object_component>
      <object_component id="oc-1e9">
         <name>.debug_info</name>
         <load_address>0x5a04</load_address>
         <run_address>0x5a04</run_address>
         <size>0x39</size>
         <input_file_ref idref="fl-c6"/>
      </object_component>
      <object_component id="oc-1f7">
         <name>.debug_info</name>
         <load_address>0x5a3d</load_address>
         <run_address>0x5a3d</run_address>
         <size>0xf3</size>
         <input_file_ref idref="fl-c7"/>
      </object_component>
      <object_component id="oc-b7">
         <name>.debug_info</name>
         <load_address>0x5b30</load_address>
         <run_address>0x5b30</run_address>
         <size>0x2a0</size>
         <input_file_ref idref="fl-c8"/>
      </object_component>
      <object_component id="oc-b1">
         <name>.debug_info</name>
         <load_address>0x5dd0</load_address>
         <run_address>0x5dd0</run_address>
         <size>0x185</size>
         <input_file_ref idref="fl-c8"/>
      </object_component>
      <object_component id="oc-72">
         <name>.debug_info</name>
         <load_address>0x5f55</load_address>
         <run_address>0x5f55</run_address>
         <size>0x214</size>
         <input_file_ref idref="fl-c8"/>
      </object_component>
      <object_component id="oc-141">
         <name>.debug_info</name>
         <load_address>0x6169</load_address>
         <run_address>0x6169</run_address>
         <size>0x144</size>
         <input_file_ref idref="fl-c9"/>
      </object_component>
      <object_component id="oc-1d7">
         <name>.debug_info</name>
         <load_address>0x62ad</load_address>
         <run_address>0x62ad</run_address>
         <size>0x120</size>
         <input_file_ref idref="fl-ca"/>
      </object_component>
      <object_component id="oc-11e">
         <name>.debug_info</name>
         <load_address>0x63cd</load_address>
         <run_address>0x63cd</run_address>
         <size>0x122</size>
         <input_file_ref idref="fl-ca"/>
      </object_component>
      <object_component id="oc-e5">
         <name>.debug_info</name>
         <load_address>0x64ef</load_address>
         <run_address>0x64ef</run_address>
         <size>0x132</size>
         <input_file_ref idref="fl-cb"/>
      </object_component>
      <object_component id="oc-de">
         <name>.debug_info</name>
         <load_address>0x6621</load_address>
         <run_address>0x6621</run_address>
         <size>0x132</size>
         <input_file_ref idref="fl-cc"/>
      </object_component>
      <object_component id="oc-11a">
         <name>.debug_info</name>
         <load_address>0x6753</load_address>
         <run_address>0x6753</run_address>
         <size>0x126</size>
         <input_file_ref idref="fl-cd"/>
      </object_component>
      <object_component id="oc-f0">
         <name>.debug_info</name>
         <load_address>0x6879</load_address>
         <run_address>0x6879</run_address>
         <size>0x136</size>
         <input_file_ref idref="fl-ce"/>
      </object_component>
      <object_component id="oc-fe">
         <name>.debug_info</name>
         <load_address>0x69af</load_address>
         <run_address>0x69af</run_address>
         <size>0x138</size>
         <input_file_ref idref="fl-cf"/>
      </object_component>
      <object_component id="oc-104">
         <name>.debug_info</name>
         <load_address>0x6ae7</load_address>
         <run_address>0x6ae7</run_address>
         <size>0x132</size>
         <input_file_ref idref="fl-d0"/>
      </object_component>
      <object_component id="oc-fa">
         <name>.debug_info</name>
         <load_address>0x6c19</load_address>
         <run_address>0x6c19</run_address>
         <size>0x132</size>
         <input_file_ref idref="fl-d1"/>
      </object_component>
      <object_component id="oc-10d">
         <name>.debug_info</name>
         <load_address>0x6d4b</load_address>
         <run_address>0x6d4b</run_address>
         <size>0x124</size>
         <input_file_ref idref="fl-d2"/>
      </object_component>
      <object_component id="oc-147">
         <name>.debug_info</name>
         <load_address>0x6e6f</load_address>
         <run_address>0x6e6f</run_address>
         <size>0x126</size>
         <input_file_ref idref="fl-d3"/>
      </object_component>
      <object_component id="oc-156">
         <name>.debug_info</name>
         <load_address>0x6f95</load_address>
         <run_address>0x6f95</run_address>
         <size>0x141</size>
         <input_file_ref idref="fl-d4"/>
      </object_component>
      <object_component id="oc-db">
         <name>.debug_info</name>
         <load_address>0x70d6</load_address>
         <run_address>0x70d6</run_address>
         <size>0x124</size>
         <input_file_ref idref="fl-d5"/>
      </object_component>
      <object_component id="oc-109">
         <name>.debug_info</name>
         <load_address>0x71fa</load_address>
         <run_address>0x71fa</run_address>
         <size>0x121</size>
         <input_file_ref idref="fl-d6"/>
      </object_component>
      <object_component id="oc-44">
         <name>.debug_info</name>
         <load_address>0x731b</load_address>
         <run_address>0x731b</run_address>
         <size>0x111</size>
         <input_file_ref idref="fl-d7"/>
      </object_component>
      <object_component id="oc-331">
         <name>.debug_info</name>
         <load_address>0x742c</load_address>
         <run_address>0x742c</run_address>
         <size>0x198</size>
         <input_file_ref idref="fl-d8"/>
      </object_component>
      <object_component id="oc-242">
         <name>.debug_info</name>
         <load_address>0x75c4</load_address>
         <run_address>0x75c4</run_address>
         <size>0x1ab</size>
         <input_file_ref idref="fl-d8"/>
      </object_component>
      <object_component id="oc-7d">
         <name>.debug_info</name>
         <load_address>0x776f</load_address>
         <run_address>0x776f</run_address>
         <size>0x28e</size>
         <input_file_ref idref="fl-d9"/>
      </object_component>
      <object_component id="oc-2b">
         <name>.debug_info</name>
         <load_address>0x79fd</load_address>
         <run_address>0x79fd</run_address>
         <size>0x101</size>
         <input_file_ref idref="fl-d9"/>
      </object_component>
      <object_component id="oc-333">
         <name>.debug_info</name>
         <load_address>0x7afe</load_address>
         <run_address>0x7afe</run_address>
         <size>0x14c</size>
         <input_file_ref idref="fl-d9"/>
      </object_component>
      <object_component id="oc-248">
         <name>.debug_info</name>
         <load_address>0x7c4a</load_address>
         <run_address>0x7c4a</run_address>
         <size>0x885</size>
         <input_file_ref idref="fl-d9"/>
      </object_component>
      <object_component id="oc-bd">
         <name>.debug_info</name>
         <load_address>0x84cf</load_address>
         <run_address>0x84cf</run_address>
         <size>0x2c</size>
         <input_file_ref idref="fl-d9"/>
      </object_component>
      <object_component id="oc-c2">
         <name>.debug_info</name>
         <load_address>0x84fb</load_address>
         <run_address>0x84fb</run_address>
         <size>0x62</size>
         <input_file_ref idref="fl-d9"/>
      </object_component>
      <object_component id="oc-4e">
         <name>.debug_info</name>
         <load_address>0x855d</load_address>
         <run_address>0x855d</run_address>
         <size>0x13f</size>
         <input_file_ref idref="fl-da"/>
      </object_component>
      <object_component id="oc-5a">
         <name>.debug_info</name>
         <load_address>0x869c</load_address>
         <run_address>0x869c</run_address>
         <size>0x138</size>
         <input_file_ref idref="fl-db"/>
      </object_component>
      <object_component id="oc-62">
         <name>.debug_info</name>
         <load_address>0x87d4</load_address>
         <run_address>0x87d4</run_address>
         <size>0x148</size>
         <input_file_ref idref="fl-dc"/>
      </object_component>
      <object_component id="oc-1e8">
         <name>.debug_info</name>
         <load_address>0x891c</load_address>
         <run_address>0x891c</run_address>
         <size>0x277</size>
         <input_file_ref idref="fl-dd"/>
      </object_component>
      <object_component id="oc-e9">
         <name>.debug_info</name>
         <load_address>0x8b93</load_address>
         <run_address>0x8b93</run_address>
         <size>0x78e</size>
         <input_file_ref idref="fl-dd"/>
      </object_component>
      <object_component id="oc-1f0">
         <name>.debug_info</name>
         <load_address>0x9321</load_address>
         <run_address>0x9321</run_address>
         <size>0x277</size>
         <input_file_ref idref="fl-de"/>
      </object_component>
      <object_component id="oc-f4">
         <name>.debug_info</name>
         <load_address>0x9598</load_address>
         <run_address>0x9598</run_address>
         <size>0x7a2</size>
         <input_file_ref idref="fl-de"/>
      </object_component>
      <object_component id="oc-78">
         <name>.debug_info</name>
         <load_address>0x9d3a</load_address>
         <run_address>0x9d3a</run_address>
         <size>0x109</size>
         <input_file_ref idref="fl-df"/>
      </object_component>
      <object_component id="oc-32f">
         <name>.debug_info</name>
         <load_address>0x9e43</load_address>
         <run_address>0x9e43</run_address>
         <size>0x156</size>
         <input_file_ref idref="fl-e0"/>
      </object_component>
      <object_component id="oc-23a">
         <name>.debug_info</name>
         <load_address>0x9f99</load_address>
         <run_address>0x9f99</run_address>
         <size>0x22a</size>
         <input_file_ref idref="fl-e0"/>
      </object_component>
      <object_component id="oc-15b">
         <name>.debug_info</name>
         <load_address>0xa1c3</load_address>
         <run_address>0xa1c3</run_address>
         <size>0x126</size>
         <input_file_ref idref="fl-e1"/>
      </object_component>
      <object_component id="oc-150">
         <name>.debug_info</name>
         <load_address>0xa2e9</load_address>
         <run_address>0xa2e9</run_address>
         <size>0x123</size>
         <input_file_ref idref="fl-e2"/>
      </object_component>
      <object_component id="oc-321">
         <name>.debug_info</name>
         <load_address>0xa40c</load_address>
         <run_address>0xa40c</run_address>
         <size>0x234</size>
         <input_file_ref idref="fl-e3"/>
      </object_component>
      <object_component id="oc-229">
         <name>.debug_info</name>
         <load_address>0xa640</load_address>
         <run_address>0xa640</run_address>
         <size>0x35c</size>
         <input_file_ref idref="fl-e3"/>
      </object_component>
      <object_component id="oc-322">
         <name>.debug_info</name>
         <load_address>0xa99c</load_address>
         <run_address>0xa99c</run_address>
         <size>0x2c</size>
         <input_file_ref idref="fl-e3"/>
      </object_component>
      <object_component id="oc-327">
         <name>.debug_info</name>
         <load_address>0xa9c8</load_address>
         <run_address>0xa9c8</run_address>
         <size>0x69</size>
         <input_file_ref idref="fl-e3"/>
      </object_component>
      <object_component id="oc-1bd">
         <name>.debug_info</name>
         <load_address>0xaa31</load_address>
         <run_address>0xaa31</run_address>
         <size>0x190</size>
         <input_file_ref idref="fl-e4"/>
      </object_component>
      <object_component id="oc-b4">
         <name>.debug_info</name>
         <load_address>0xabc1</load_address>
         <run_address>0xabc1</run_address>
         <size>0x113</size>
         <input_file_ref idref="fl-e4"/>
      </object_component>
      <object_component id="oc-1b6">
         <name>.debug_info</name>
         <load_address>0xacd4</load_address>
         <run_address>0xacd4</run_address>
         <size>0x21f</size>
         <input_file_ref idref="fl-e4"/>
      </object_component>
      <object_component id="oc-3ae">
         <name>.debug_info</name>
         <load_address>0xaef3</load_address>
         <run_address>0xaef3</run_address>
         <size>0x3f1</size>
         <input_file_ref idref="fl-e5"/>
      </object_component>
      <object_component id="oc-31c">
         <name>.debug_info</name>
         <load_address>0xb2e4</load_address>
         <run_address>0xb2e4</run_address>
         <size>0x1554</size>
         <input_file_ref idref="fl-e5"/>
      </object_component>
      <object_component id="oc-3af">
         <name>.debug_info</name>
         <load_address>0xc838</load_address>
         <run_address>0xc838</run_address>
         <size>0x86</size>
         <input_file_ref idref="fl-e5"/>
      </object_component>
      <object_component id="oc-3e2">
         <name>.debug_info</name>
         <load_address>0xc8be</load_address>
         <run_address>0xc8be</run_address>
         <size>0x46</size>
         <input_file_ref idref="fl-e5"/>
      </object_component>
      <object_component id="oc-3b4">
         <name>.debug_info</name>
         <load_address>0xc904</load_address>
         <run_address>0xc904</run_address>
         <size>0x39</size>
         <input_file_ref idref="fl-e5"/>
      </object_component>
      <object_component id="oc-af">
         <name>.debug_info</name>
         <load_address>0xc93d</load_address>
         <run_address>0xc93d</run_address>
         <size>0x1d2</size>
         <input_file_ref idref="fl-e6"/>
      </object_component>
      <object_component id="oc-6e">
         <name>.debug_info</name>
         <load_address>0xcb0f</load_address>
         <run_address>0xcb0f</run_address>
         <size>0x167</size>
         <input_file_ref idref="fl-e6"/>
      </object_component>
      <object_component id="oc-1ae">
         <name>.debug_info</name>
         <load_address>0xcc76</load_address>
         <run_address>0xcc76</run_address>
         <size>0x5e</size>
         <input_file_ref idref="fl-e6"/>
      </object_component>
      <object_component id="oc-3dd">
         <name>.debug_info</name>
         <load_address>0xccd4</load_address>
         <run_address>0xccd4</run_address>
         <size>0x180</size>
         <input_file_ref idref="fl-e7"/>
      </object_component>
      <object_component id="oc-3a2">
         <name>.debug_info</name>
         <load_address>0xce54</load_address>
         <run_address>0xce54</run_address>
         <size>0x171</size>
         <input_file_ref idref="fl-e7"/>
      </object_component>
      <object_component id="oc-a7">
         <name>.debug_info</name>
         <load_address>0xcfc5</load_address>
         <run_address>0xcfc5</run_address>
         <size>0x355</size>
         <input_file_ref idref="fl-e8"/>
      </object_component>
      <object_component id="oc-67">
         <name>.debug_info</name>
         <load_address>0xd31a</load_address>
         <run_address>0xd31a</run_address>
         <size>0x190</size>
         <input_file_ref idref="fl-e8"/>
      </object_component>
      <object_component id="oc-ce">
         <name>.debug_info</name>
         <load_address>0xd4aa</load_address>
         <run_address>0xd4aa</run_address>
         <size>0x39</size>
         <input_file_ref idref="fl-e8"/>
      </object_component>
      <object_component id="oc-1c8">
         <name>.debug_info</name>
         <load_address>0xd4e3</load_address>
         <run_address>0xd4e3</run_address>
         <size>0x39</size>
         <input_file_ref idref="fl-e8"/>
      </object_component>
      <object_component id="oc-d3">
         <name>.debug_info</name>
         <load_address>0xd51c</load_address>
         <run_address>0xd51c</run_address>
         <size>0xcd</size>
         <input_file_ref idref="fl-e8"/>
      </object_component>
      <object_component id="oc-ca">
         <name>.debug_info</name>
         <load_address>0xd5e9</load_address>
         <run_address>0xd5e9</run_address>
         <size>0x24c</size>
         <input_file_ref idref="fl-e9"/>
      </object_component>
      <object_component id="oc-9b">
         <name>.debug_info</name>
         <load_address>0xd835</load_address>
         <run_address>0xd835</run_address>
         <size>0x183</size>
         <input_file_ref idref="fl-e9"/>
      </object_component>
      <object_component id="oc-1c3">
         <name>.debug_info</name>
         <load_address>0xd9b8</load_address>
         <run_address>0xd9b8</run_address>
         <size>0x2c</size>
         <input_file_ref idref="fl-e9"/>
      </object_component>
      <object_component id="oc-3f1">
         <name>.debug_info</name>
         <load_address>0xd9e4</load_address>
         <run_address>0xd9e4</run_address>
         <size>0xee</size>
         <input_file_ref idref="fl-ea"/>
      </object_component>
      <object_component id="oc-3da">
         <name>.debug_info</name>
         <load_address>0xdad2</load_address>
         <run_address>0xdad2</run_address>
         <size>0xfa</size>
         <input_file_ref idref="fl-ea"/>
      </object_component>
      <object_component id="oc-2e4">
         <name>.debug_info</name>
         <load_address>0xdbcc</load_address>
         <run_address>0xdbcc</run_address>
         <size>0x14a</size>
         <input_file_ref idref="fl-eb"/>
      </object_component>
      <object_component id="oc-1d4">
         <name>.debug_info</name>
         <load_address>0xdd16</load_address>
         <run_address>0xdd16</run_address>
         <size>0x31a</size>
         <input_file_ref idref="fl-eb"/>
      </object_component>
      <object_component id="oc-2f6">
         <name>.debug_info</name>
         <load_address>0xe030</load_address>
         <run_address>0xe030</run_address>
         <size>0x26c</size>
         <input_file_ref idref="fl-ec"/>
      </object_component>
      <object_component id="oc-2f3">
         <name>.debug_info</name>
         <load_address>0xe29c</load_address>
         <run_address>0xe29c</run_address>
         <size>0x12f</size>
         <input_file_ref idref="fl-ec"/>
      </object_component>
      <object_component id="oc-1dd">
         <name>.debug_info</name>
         <load_address>0xe3cb</load_address>
         <run_address>0xe3cb</run_address>
         <size>0x720</size>
         <input_file_ref idref="fl-ec"/>
      </object_component>
      <object_component id="oc-2f8">
         <name>.debug_info</name>
         <load_address>0xeaeb</load_address>
         <run_address>0xeaeb</run_address>
         <size>0x2c</size>
         <input_file_ref idref="fl-ec"/>
      </object_component>
      <object_component id="oc-2fe">
         <name>.debug_info</name>
         <load_address>0xeb17</load_address>
         <run_address>0xeb17</run_address>
         <size>0x14a</size>
         <input_file_ref idref="fl-ed"/>
[...]
         <object_component_ref idref="oc-71"/>
      </symbol>
      <symbol id="sm-233">
         <name>__TI_dtors_ptr</name>
         <value>0x2002d840</value>
         <object_component_ref idref="oc-b0"/>
      </symbol>
      <symbol id="sm-234">
         <name>__TI_cleanup_ptr</name>
         <value>0x2002d83c</value>
         <object_component_ref idref="oc-b0"/>
      </symbol>
      <symbol id="sm-235">
         <name>__TI_enable_exit_profile_output</name>
         <value>0x2002d844</value>
         <object_component_ref idref="oc-b0"/>
      </symbol>
      <symbol id="sm-24c">
         <name>__aeabi_dsub</name>
         <value>0x20007ba9</value>
         <object_component_ref idref="oc-13f"/>
      </symbol>
      <symbol id="sm-24d">
         <name>__aeabi_dadd</name>
         <value>0x20007bb3</value>
         <object_component_ref idref="oc-13f"/>
      </symbol>
      <symbol id="sm-26f">
         <name>__aeabi_cdcmpeq</name>
         <value>0x20009079</value>
         <object_component_ref idref="oc-1d6"/>
      </symbol>
      <symbol id="sm-270">
         <name>__aeabi_cdcmple</name>
         <value>0x20009079</value>
         <object_component_ref idref="oc-1d6"/>
      </symbol>
      <symbol id="sm-271">
         <name>__aeabi_cdrcmple</name>
         <value>0x200090ff</value>
         <object_component_ref idref="oc-11c"/>
      </symbol>
      <symbol id="sm-285">
         <name>__aeabi_ddiv</name>
         <value>0x2000848d</value>
         <object_component_ref idref="oc-e2"/>
      </symbol>
      <symbol id="sm-290">
         <name>__aeabi_dmul</name>
         <value>0x200085c3</value>
         <object_component_ref idref="oc-dd"/>
      </symbol>
      <symbol id="sm-29a">
         <name>__aeabi_d2iz</name>
         <value>0x20009749</value>
         <object_component_ref idref="oc-117"/>
      </symbol>
      <symbol id="sm-2a6">
         <name>__aeabi_d2f</name>
         <value>0x200093e1</value>
         <object_component_ref idref="oc-ed"/>
      </symbol>
      <symbol id="sm-2b7">
         <name>__aeabi_fadd</name>
         <value>0x200086c3</value>
         <object_component_ref idref="oc-fd"/>
      </symbol>
      <symbol id="sm-2b8">
         <name>__aeabi_fsub</name>
         <value>0x200086bf</value>
         <object_component_ref idref="oc-fd"/>
      </symbol>
      <symbol id="sm-2c5">
         <name>__aeabi_fdiv</name>
         <value>0x20008e4d</value>
         <object_component_ref idref="oc-102"/>
      </symbol>
      <symbol id="sm-2cf">
         <name>__aeabi_fmul</name>
         <value>0x20009207</value>
         <object_component_ref idref="oc-f8"/>
      </symbol>
      <symbol id="sm-2da">
         <name>__aeabi_f2d</name>
         <value>0x2000984d</value>
         <object_component_ref idref="oc-10c"/>
      </symbol>
      <symbol id="sm-2e4">
         <name>__aeabi_f2iz</name>
         <value>0x20009885</value>
         <object_component_ref idref="oc-144"/>
      </symbol>
      <symbol id="sm-2ef">
         <name>__aeabi_f2uiz</name>
         <value>0x2000992b</value>
         <object_component_ref idref="oc-154"/>
      </symbol>
      <symbol id="sm-2f9">
         <name>__aeabi_i2d</name>
         <value>0x200099c1</value>
         <object_component_ref idref="oc-d8"/>
      </symbol>
      <symbol id="sm-304">
         <name>__aeabi_i2f</name>
         <value>0x200098bd</value>
         <object_component_ref idref="oc-107"/>
      </symbol>
      <symbol id="sm-31f">
         <name>memcpy</name>
         <value>0x20008d1d</value>
         <object_component_ref idref="oc-41"/>
      </symbol>
      <symbol id="sm-320">
         <name>__aeabi_memcpy</name>
         <value>0x20008d1d</value>
         <object_component_ref idref="oc-41"/>
      </symbol>
      <symbol id="sm-321">
         <name>__aeabi_memcpy8</name>
         <value>0x20008d1d</value>
         <object_component_ref idref="oc-41"/>
      </symbol>
      <symbol id="sm-322">
         <name>__aeabi_memcpy4</name>
         <value>0x20008d1d</value>
         <object_component_ref idref="oc-41"/>
      </symbol>
      <symbol id="sm-332">
         <name>memmove</name>
         <value>0x20009a69</value>
         <object_component_ref idref="oc-23f"/>
      </symbol>
      <symbol id="sm-3a6">
         <name>_sys_memory</name>
         <value>0x2002d018</value>
         <object_component_ref idref="oc-2a"/>
      </symbol>
      <symbol id="sm-3a7">
         <name>free</name>
         <value>0x200070b7</value>
         <object_component_ref idref="oc-245"/>
      </symbol>
      <symbol id="sm-3a8">
         <name>realloc</name>
         <value>0x20007179</value>
         <object_component_ref idref="oc-245"/>
      </symbol>
      <symbol id="sm-3a9">
         <name>memalign</name>
         <value>0x20007281</value>
         <object_component_ref idref="oc-245"/>
      </symbol>
      <symbol id="sm-3aa">
         <name>calloc</name>
         <value>0x2000736d</value>
         <object_component_ref idref="oc-245"/>
      </symbol>
      <symbol id="sm-3ab">
         <name>malloc</name>
         <value>0x2000704d</value>
         <object_component_ref idref="oc-245"/>
      </symbol>
      <symbol id="sm-3ac">
         <name>minit</name>
         <value>0x20006fcd</value>
         <object_component_ref idref="oc-245"/>
      </symbol>
      <symbol id="sm-3bb">
         <name>__aeabi_memset</name>
         <value>0x20009283</value>
         <object_component_ref idref="oc-4d"/>
      </symbol>
      <symbol id="sm-3bc">
         <name>memset</name>
         <value>0x20009289</value>
         <object_component_ref idref="oc-4d"/>
      </symbol>
      <symbol id="sm-3bd">
         <name>__aeabi_memset8</name>
         <value>0x20009283</value>
         <object_component_ref idref="oc-4d"/>
      </symbol>
      <symbol id="sm-3be">
         <name>__aeabi_memset4</name>
         <value>0x20009283</value>
         <object_component_ref idref="oc-4d"/>
      </symbol>
      <symbol id="sm-3bf">
         <name>__aeabi_memclr8</name>
         <value>0x20009281</value>
         <object_component_ref idref="oc-4d"/>
      </symbol>
      <symbol id="sm-3c0">
         <name>__aeabi_memclr4</name>
         <value>0x20009281</value>
         <object_component_ref idref="oc-4d"/>
      </symbol>
      <symbol id="sm-3c1">
         <name>__aeabi_memclr</name>
         <value>0x20009281</value>
         <object_component_ref idref="oc-4d"/>
      </symbol>
      <symbol id="sm-3cb">
         <name>__mpu_init</name>
         <value>0x20005523</value>
         <object_component_ref idref="oc-59"/>
      </symbol>
      <symbol id="sm-3d5">
         <name>_system_pre_init</name>
         <value>0x20009d59</value>
         <object_component_ref idref="oc-5f"/>
      </symbol>
      <symbol id="sm-426">
         <name>cosl</name>
         <value>0x2000644d</value>
         <object_component_ref idref="oc-e7"/>
      </symbol>
      <symbol id="sm-427">
         <name>cos</name>
         <value>0x2000644d</value>
         <object_component_ref idref="oc-e7"/>
      </symbol>
      <symbol id="sm-476">
         <name>sin</name>
         <value>0x20006a0d</value>
         <object_component_ref idref="oc-f2"/>
      </symbol>
      <symbol id="sm-477">
         <name>sinl</name>
         <value>0x20006a0d</value>
         <object_component_ref idref="oc-f2"/>
      </symbol>
      <symbol id="sm-47f">
         <name>main_func_sp</name>
         <value>0x2002d86c</value>
         <object_component_ref idref="oc-77"/>
      </symbol>
      <symbol id="sm-48d">
         <name>strlen</name>
         <value>0x20009d05</value>
         <object_component_ref idref="oc-239"/>
      </symbol>
      <symbol id="sm-497">
         <name>__aeabi_ui2d</name>
         <value>0x20009b15</value>
         <object_component_ref idref="oc-159"/>
      </symbol>
      <symbol id="sm-4a2">
         <name>__aeabi_ui2f</name>
         <value>0x20009a8d</value>
         <object_component_ref idref="oc-14f"/>
      </symbol>
      <symbol id="sm-4c3">
         <name>vsnprintf</name>
         <value>0x20008ff1</value>
         <object_component_ref idref="oc-227"/>
      </symbol>
      <symbol id="sm-4dc">
         <name>_nop</name>
         <value>0x20009cff</value>
         <object_component_ref idref="oc-1b5"/>
      </symbol>
      <symbol id="sm-4dd">
         <name>_lock</name>
         <value>0x2002d860</value>
         <object_component_ref idref="oc-b3"/>
      </symbol>
      <symbol id="sm-4de">
         <name>_unlock</name>
         <value>0x2002d864</value>
         <object_component_ref idref="oc-b3"/>
      </symbol>
      <symbol id="sm-4df">
         <name>_register_lock</name>
         <value>0x20009cf7</value>
         <object_component_ref idref="oc-1b5"/>
      </symbol>
      <symbol id="sm-4e0">
         <name>_register_unlock</name>
         <value>0x20009cf1</value>
         <object_component_ref idref="oc-1b5"/>
      </symbol>
      <symbol id="sm-5e1">
         <name>__TI_printfi</name>
         <value>0x20004c39</value>
         <object_component_ref idref="oc-31a"/>
      </symbol>
      <symbol id="sm-5f5">
         <name>_args_main</name>
         <value>0x20009c59</value>
         <object_component_ref idref="oc-6b"/>
      </symbol>
      <symbol id="sm-60b">
         <name>atoi</name>
         <value>0x20009669</value>
         <object_component_ref idref="oc-3a1"/>
      </symbol>
      <symbol id="sm-635">
         <name>__TI_auto_init</name>
         <value>0x20009371</value>
         <object_component_ref idref="oc-65"/>
      </symbol>
      <symbol id="sm-64f">
         <name>copy_in</name>
         <value>0x200096b5</value>
         <object_component_ref idref="oc-9a"/>
      </symbol>
      <symbol id="sm-65a">
         <name>_ctypes_</name>
         <value>0x20009eb8</value>
         <object_component_ref idref="oc-3d9"/>
      </symbol>
      <symbol id="sm-670">
         <name>__kernel_cos</name>
         <value>0x2000832d</value>
         <object_component_ref idref="oc-1d0"/>
      </symbol>
      <symbol id="sm-6d9">
         <name>__kernel_rem_pio2</name>
         <value>0x20005d49</value>
         <object_component_ref idref="oc-1db"/>
      </symbol>
      <symbol id="sm-6f0">
         <name>__kernel_sin</name>
         <value>0x200081c5</value>
         <object_component_ref idref="oc-1e1"/>
      </symbol>
      <symbol id="sm-6ff">
         <name>ltoa</name>
         <value>0x20009615</value>
         <object_component_ref idref="oc-38f"/>
      </symbol>
      <symbol id="sm-70f">
         <name>memccpy</name>
         <value>0x20009b8d</value>
         <object_component_ref idref="oc-3a7"/>
      </symbol>
      <symbol id="sm-72c">
         <name>floorl</name>
         <value>0x200087b9</value>
         <object_component_ref idref="oc-2ec"/>
      </symbol>
      <symbol id="sm-72d">
         <name>floor</name>
         <value>0x200087b9</value>
         <object_component_ref idref="oc-2ec"/>
      </symbol>
      <symbol id="sm-743">
         <name>frexpl</name>
         <value>0x200094b9</value>
         <object_component_ref idref="oc-395"/>
      </symbol>
      <symbol id="sm-744">
         <name>frexp</name>
         <value>0x200094b9</value>
         <object_component_ref idref="oc-395"/>
      </symbol>
      <symbol id="sm-762">
         <name>scalbn</name>
         <value>0x2000897d</value>
         <object_component_ref idref="oc-2e6"/>
      </symbol>
      <symbol id="sm-763">
         <name>scalbnl</name>
         <value>0x2000897d</value>
         <object_component_ref idref="oc-2e6"/>
      </symbol>
      <symbol id="sm-764">
         <name>ldexpl</name>
         <value>0x2000897d</value>
         <object_component_ref idref="oc-2e6"/>
      </symbol>
      <symbol id="sm-765">
         <name>ldexp</name>
         <value>0x2000897d</value>
         <object_component_ref idref="oc-2e6"/>
      </symbol>
      <symbol id="sm-76f">
         <name>_system_post_cinit</name>
         <value>0x20007d5f</value>
         <object_component_ref idref="oc-a0"/>
      </symbol>
      <symbol id="sm-77f">
         <name>strchr</name>
         <value>0x20009c9d</value>
         <object_component_ref idref="oc-39b"/>
      </symbol>
      <symbol id="sm-79b">
         <name>__aeabi_uldivmod</name>
         <value>0x200079b5</value>
         <object_component_ref idref="oc-38a"/>
      </symbol>
      <symbol id="sm-7a5">
         <name>copysign</name>
         <value>0x20009d4b</value>
         <object_component_ref idref="oc-378"/>
      </symbol>
      <symbol id="sm-7a6">
         <name>copysignl</name>
         <value>0x20009d4b</value>
         <object_component_ref idref="oc-378"/>
      </symbol>
      <symbol id="sm-7fc">
         <name>GPIOIntRegister</name>
         <value>0x20009b35</value>
         <object_component_ref idref="oc-2b6"/>
      </symbol>
      <symbol id="sm-7fd">
         <name>GPIOIntEnable</name>
         <value>0x20009ba9</value>
         <object_component_ref idref="oc-2c2"/>
      </symbol>
      <symbol id="sm-7fe">
         <name>GPIOIntTypeSet</name>
         <value>0x20009185</value>
         <object_component_ref idref="oc-2aa"/>
      </symbol>
      <symbol id="sm-7ff">
         <name>GPIOIntClear</name>
         <value>0x20009cc7</value>
         <object_component_ref idref="oc-2bc"/>
      </symbol>
      <symbol id="sm-800">
         <name>GPIOPinRead</name>
         <value>0x20009bf7</value>
         <object_component_ref idref="oc-2ce"/>
      </symbol>
      <symbol id="sm-801">
         <name>GPIODirModeSet</name>
         <value>0x200098f5</value>
         <object_component_ref idref="oc-293"/>
      </symbol>
      <symbol id="sm-802">
         <name>GPIOPinWrite</name>
         <value>0x20009ad3</value>
         <object_component_ref idref="oc-17c"/>
      </symbol>
      <symbol id="sm-854">
         <name>IntPrioritySet</name>
         <value>0x2000956d</value>
         <object_component_ref idref="oc-2b0"/>
      </symbol>
      <symbol id="sm-855">
         <name>IntVTableBaseSet</name>
         <value>0x20009cdd</value>
         <object_component_ref idref="oc-164"/>
      </symbol>
      <symbol id="sm-856">
         <name>IntEnable</name>
         <value>0x20008bd5</value>
         <object_component_ref idref="oc-170"/>
      </symbol>
      <symbol id="sm-857">
         <name>IntRegister</name>
         <value>0x20009af5</value>
         <object_component_ref idref="oc-35e"/>
      </symbol>
      <symbol id="sm-858">
         <name>IntMasterEnable</name>
         <value>0x20009d41</value>
         <object_component_ref idref="oc-16a"/>
      </symbol>
      <symbol id="sm-897">
         <name>PinTypeUART</name>
         <value>0x20009bdd</value>
         <object_component_ref idref="oc-299"/>
      </symbol>
      <symbol id="sm-898">
         <name>PinTypeGPIO</name>
         <value>0x2000995f</value>
         <object_component_ref idref="oc-28d"/>
      </symbol>
      <symbol id="sm-899">
         <name>PinConfigSet</name>
         <value>0x20008ee1</value>
         <object_component_ref idref="oc-347"/>
      </symbol>
      <symbol id="sm-89a">
         <name>PinTypeSPI</name>
         <value>0x20009bc3</value>
         <object_component_ref idref="oc-29f"/>
      </symbol>
      <symbol id="sm-89b">
         <name>PinModeSet</name>
         <value>0x20009791</value>
         <object_component_ref idref="oc-287"/>
      </symbol>
      <symbol id="sm-921">
         <name>PRCMPeripheralReset</name>
         <value>0x20009515</value>
         <object_component_ref idref="oc-197"/>
      </symbol>
      <symbol id="sm-922">
         <name>PRCMPeripheralClkEnable</name>
         <value>0x20009811</value>
         <object_component_ref idref="oc-18b"/>
      </symbol>
      <symbol id="sm-923">
         <name>PRCMPeripheralClockGet</name>
         <value>0x20008db9</value>
         <object_component_ref idref="oc-127"/>
      </symbol>
      <symbol id="sm-924">
         <name>PRCMCC3200MCUInit</name>
         <value>0x20007edd</value>
         <object_component_ref idref="oc-176"/>
      </symbol>
      <symbol id="sm-925">
         <name>PRCMHIBRegWrite</name>
         <value>0x20009c87</value>
         <object_component_ref idref="oc-277"/>
      </symbol>
      <symbol id="sm-926">
         <name>PRCMSysResetCauseGet</name>
         <value>0x200099f1</value>
         <object_component_ref idref="oc-26b"/>
      </symbol>
      <symbol id="sm-927">
         <name>PRCMPeripheralClkDisable</name>
         <value>0x20009a1d</value>
         <object_component_ref idref="oc-27d"/>
      </symbol>
      <symbol id="sm-928">
         <name>PRCMHIBRegRead</name>
         <value>0x20009c71</value>
         <object_component_ref idref="oc-271"/>
      </symbol>
      <symbol id="sm-994">
         <name>SPITransfer</name>
         <value>0x20008f69</value>
         <object_component_ref idref="oc-149"/>
      </symbol>
      <symbol id="sm-995">
         <name>SPICSEnable</name>
         <value>0x20009c0f</value>
         <object_component_ref idref="oc-139"/>
      </symbol>
      <symbol id="sm-996">
         <name>SPIEnable</name>
         <value>0x20009c27</value>
         <object_component_ref idref="oc-133"/>
      </symbol>
      <symbol id="sm-997">
         <name>SPIConfigSetExpClk</name>
         <value>0x20008c7d</value>
         <object_component_ref idref="oc-12d"/>
      </symbol>
      <symbol id="sm-998">
         <name>SPIReset</name>
         <value>0x20009ab1</value>
         <object_component_ref idref="oc-121"/>
      </symbol>
      <symbol id="sm-9d4">
         <name>UARTConfigSetExpClk</name>
         <value>0x200092fb</value>
         <object_component_ref idref="oc-21b"/>
      </symbol>
      <symbol id="sm-9d5">
         <name>UARTDisable</name>
         <value>0x20009991</value>
         <object_component_ref idref="oc-30c"/>
      </symbol>
      <symbol id="sm-9d6">
         <name>UARTCharsAvail</name>
         <value>0x20009c3f</value>
         <object_component_ref idref="oc-22d"/>
      </symbol>
      <symbol id="sm-9d7">
         <name>UARTCharGetNonBlocking</name>
         <value>0x20009b71</value>
         <object_component_ref idref="oc-233"/>
      </symbol>
      <symbol id="sm-9d8">
         <name>UARTCharPut</name>
         <value>0x20009b53</value>
         <object_component_ref idref="oc-221"/>
      </symbol>
      <symbol id="sm-9d9">
         <name>UARTEnable</name>
         <value>0x20009a45</value>
         <object_component_ref idref="oc-312"/>
      </symbol>
      <symbol id="sm-9de">
         <name>UtilsDelay</name>
         <value>0x20009d53</value>
         <object_component_ref idref="oc-33f"/>
      </symbol>
      <symbol id="sm-9e8">
         <name>CPUcpsie</name>
         <value>0x20009cb3</value>
         <object_component_ref idref="oc-25b"/>
      </symbol>
      <symbol id="sm-9ea">
         <name>__TI_static_base__</name>
         <value>0x2000a2b8</value>
      </symbol>
      <symbol id="sm-9ed">
         <name>SHT$$INIT_ARRAY$$Limit</name>
         <value>0x0</value>
      </symbol>
      <symbol id="sm-9ee">
         <name>SHT$$INIT_ARRAY$$Base</name>
         <value>0x0</value>
      </symbol>
   </symbol_table>
   <title>Link successful</title>
</link_info>
