<?xml version="1.0"?>
<link_info>
   <banner>TI ARM Linker PC v16.9.4.LTS</banner>
   <copyright>Copyright (c) 1996-2017 Texas Instruments Incorporated</copyright>
   <link_time>0x59ffc0ad</link_time>
   <link_errors>0x0</link_errors>
   <output_file>EEC284_Milestone2.out</output_file>
   <entry_point>
      <name>_c_int00</name>
      <address>0x20008b59</address>
   </entry_point>
   <input_file_list>
      <input_file id="fl-2">
         <path>.\</path>
         <kind>object</kind>
         <file>gpio_if.obj</file>
         <name>gpio_if.obj</name>
      </input_file>
      <input_file id="fl-3">
         <path>.\</path>
         <kind>object</kind>
         <file>main.obj</file>
         <name>main.obj</name>
      </input_file>
      <input_file id="fl-4">
         <path>.\</path>
         <kind>object</kind>
         <file>pin_mux_config.obj</file>
         <name>pin_mux_config.obj</name>
      </input_file>
      <input_file id="fl-5">
         <path>.\</path>
         <kind>object</kind>
         <file>startup_ccs.obj</file>
         <name>startup_ccs.obj</name>
      </input_file>
      <input_file id="fl-6">
         <path>.\</path>
         <kind>object</kind>
         <file>uart_if.obj</file>
         <name>uart_if.obj</name>
      </input_file>
      <input_file id="fl-7">
         <path>.\</path>
         <kind>object</kind>
         <file>udma_if.obj</file>
         <name>udma_if.obj</name>
      </input_file>
      <input_file id="fl-c">
         <kind>object</kind>
         <file>&lt;internal&gt;</file>
         <name>&lt;internal&gt;</name>
      </input_file>
      <input_file id="fl-c2">
         <path>C:\ti\ccsv7\tools\compiler\ti-cgt-arm_16.9.4.LTS\lib\</path>
         <kind>archive</kind>
         <file>rtsv7M4_T_le_eabi.lib</file>
         <name>boot.obj</name>
      </input_file>
      <input_file id="fl-c3">
         <path>C:\ti\ccsv7\tools\compiler\ti-cgt-arm_16.9.4.LTS\lib\</path>
         <kind>archive</kind>
         <file>rtsv7M4_T_le_eabi.lib</file>
         <name>copy_decompress_lzss.obj</name>
      </input_file>
      <input_file id="fl-c4">
         <path>C:\ti\ccsv7\tools\compiler\ti-cgt-arm_16.9.4.LTS\lib\</path>
         <kind>archive</kind>
         <file>rtsv7M4_T_le_eabi.lib</file>
         <name>copy_decompress_none.obj</name>
      </input_file>
      <input_file id="fl-c5">
         <path>C:\ti\ccsv7\tools\compiler\ti-cgt-arm_16.9.4.LTS\lib\</path>
         <kind>archive</kind>
         <file>rtsv7M4_T_le_eabi.lib</file>
         <name>copy_zero_init.obj</name>
      </input_file>
      <input_file id="fl-c6">
         <path>C:\ti\ccsv7\tools\compiler\ti-cgt-arm_16.9.4.LTS\lib\</path>
         <kind>archive</kind>
         <file>rtsv7M4_T_le_eabi.lib</file>
         <name>exit.obj</name>
      </input_file>
      <input_file id="fl-c7">
         <path>C:\ti\ccsv7\tools\compiler\ti-cgt-arm_16.9.4.LTS\lib\</path>
         <kind>archive</kind>
         <file>rtsv7M4_T_le_eabi.lib</file>
         <name>memcpy_t2.obj</name>
      </input_file>
      <input_file id="fl-c8">
         <path>C:\ti\ccsv7\tools\compiler\ti-cgt-arm_16.9.4.LTS\lib\</path>
         <kind>archive</kind>
         <file>rtsv7M4_T_le_eabi.lib</file>
         <name>memmov.obj</name>
      </input_file>
      <input_file id="fl-c9">
         <path>C:\ti\ccsv7\tools\compiler\ti-cgt-arm_16.9.4.LTS\lib\</path>
         <kind>archive</kind>
         <file>rtsv7M4_T_le_eabi.lib</file>
         <name>memory.obj</name>
      </input_file>
      <input_file id="fl-ca">
         <path>C:\ti\ccsv7\tools\compiler\ti-cgt-arm_16.9.4.LTS\lib\</path>
         <kind>archive</kind>
         <file>rtsv7M4_T_le_eabi.lib</file>
         <name>memset_t2.obj</name>
      </input_file>
      <input_file id="fl-cb">
         <path>C:\ti\ccsv7\tools\compiler\ti-cgt-arm_16.9.4.LTS\lib\</path>
         <kind>archive</kind>
         <file>rtsv7M4_T_le_eabi.lib</file>
         <name>mpu_init.obj</name>
      </input_file>
      <input_file id="fl-cc">
         <path>C:\ti\ccsv7\tools\compiler\ti-cgt-arm_16.9.4.LTS\lib\</path>
         <kind>archive</kind>
         <file>rtsv7M4_T_le_eabi.lib</file>
         <name>pre_init.obj</name>
      </input_file>
      <input_file id="fl-cd">
         <path>C:\ti\ccsv7\tools\compiler\ti-cgt-arm_16.9.4.LTS\lib\</path>
         <kind>archive</kind>
         <file>rtsv7M4_T_le_eabi.lib</file>
         <name>printf.obj</name>
      </input_file>
      <input_file id="fl-ce">
         <path>C:\ti\ccsv7\tools\compiler\ti-cgt-arm_16.9.4.LTS\lib\</path>
         <kind>archive</kind>
         <file>rtsv7M4_T_le_eabi.lib</file>
         <name>stkdepth_vars.obj</name>
      </input_file>
      <input_file id="fl-cf">
         <path>C:\ti\ccsv7\tools\compiler\ti-cgt-arm_16.9.4.LTS\lib\</path>
         <kind>archive</kind>
         <file>rtsv7M4_T_le_eabi.lib</file>
         <name>strlen.obj</name>
      </input_file>
      <input_file id="fl-d0">
         <path>C:\ti\ccsv7\tools\compiler\ti-cgt-arm_16.9.4.LTS\lib\</path>
         <kind>archive</kind>
         <file>rtsv7M4_T_le_eabi.lib</file>
         <name>vsnprintf.obj</name>
      </input_file>
      <input_file id="fl-d1">
         <path>C:\ti\ccsv7\tools\compiler\ti-cgt-arm_16.9.4.LTS\lib\</path>
         <kind>archive</kind>
         <file>rtsv7M4_T_le_eabi.lib</file>
         <name>_lock.obj</name>
      </input_file>
      <input_file id="fl-d2">
         <path>C:\ti\ccsv7\tools\compiler\ti-cgt-arm_16.9.4.LTS\lib\</path>
         <kind>archive</kind>
         <file>rtsv7M4_T_le_eabi.lib</file>
         <name>_printfi.obj</name>
      </input_file>
      <input_file id="fl-d3">
         <path>C:\ti\ccsv7\tools\compiler\ti-cgt-arm_16.9.4.LTS\lib\</path>
         <kind>archive</kind>
         <file>rtsv7M4_T_le_eabi.lib</file>
         <name>args_main.obj</name>
      </input_file>
      <input_file id="fl-d4">
         <path>C:\ti\ccsv7\tools\compiler\ti-cgt-arm_16.9.4.LTS\lib\</path>
         <kind>archive</kind>
         <file>rtsv7M4_T_le_eabi.lib</file>
         <name>atoi.obj</name>
      </input_file>
      <input_file id="fl-d5">
         <path>C:\ti\ccsv7\tools\compiler\ti-cgt-arm_16.9.4.LTS\lib\</path>
         <kind>archive</kind>
         <file>rtsv7M4_T_le_eabi.lib</file>
         <name>autoinit.obj</name>
      </input_file>
      <input_file id="fl-d6">
         <path>C:\ti\ccsv7\tools\compiler\ti-cgt-arm_16.9.4.LTS\lib\</path>
         <kind>archive</kind>
         <file>rtsv7M4_T_le_eabi.lib</file>
         <name>cpy_tbl.obj</name>
      </input_file>
      <input_file id="fl-d7">
         <path>C:\ti\ccsv7\tools\compiler\ti-cgt-arm_16.9.4.LTS\lib\</path>
         <kind>archive</kind>
         <file>rtsv7M4_T_le_eabi.lib</file>
         <name>ctype.obj</name>
      </input_file>
      <input_file id="fl-d8">
         <path>C:\ti\ccsv7\tools\compiler\ti-cgt-arm_16.9.4.LTS\lib\</path>
         <kind>archive</kind>
         <file>rtsv7M4_T_le_eabi.lib</file>
         <name>defs.obj</name>
      </input_file>
      <input_file id="fl-d9">
         <path>C:\ti\ccsv7\tools\compiler\ti-cgt-arm_16.9.4.LTS\lib\</path>
         <kind>archive</kind>
         <file>rtsv7M4_T_le_eabi.lib</file>
         <name>fd_add_t2.obj</name>
      </input_file>
      <input_file id="fl-da">
         <path>C:\ti\ccsv7\tools\compiler\ti-cgt-arm_16.9.4.LTS\lib\</path>
         <kind>archive</kind>
         <file>rtsv7M4_T_le_eabi.lib</file>
         <name>fd_cmp_t2.obj</name>
      </input_file>
      <input_file id="fl-db">
         <path>C:\ti\ccsv7\tools\compiler\ti-cgt-arm_16.9.4.LTS\lib\</path>
         <kind>archive</kind>
         <file>rtsv7M4_T_le_eabi.lib</file>
         <name>fd_div_t2.obj</name>
      </input_file>
      <input_file id="fl-dc">
         <path>C:\ti\ccsv7\tools\compiler\ti-cgt-arm_16.9.4.LTS\lib\</path>
         <kind>archive</kind>
         <file>rtsv7M4_T_le_eabi.lib</file>
         <name>fd_mul_t2.obj</name>
      </input_file>
      <input_file id="fl-dd">
         <path>C:\ti\ccsv7\tools\compiler\ti-cgt-arm_16.9.4.LTS\lib\</path>
         <kind>archive</kind>
         <file>rtsv7M4_T_le_eabi.lib</file>
         <name>fd_toi_t2.obj</name>
      </input_file>
      <input_file id="fl-de">
         <path>C:\ti\ccsv7\tools\compiler\ti-cgt-arm_16.9.4.LTS\lib\</path>
         <kind>archive</kind>
         <file>rtsv7M4_T_le_eabi.lib</file>
         <name>fputc.obj</name>
      </input_file>
      <input_file id="fl-df">
         <path>C:\ti\ccsv7\tools\compiler\ti-cgt-arm_16.9.4.LTS\lib\</path>
         <kind>archive</kind>
         <file>rtsv7M4_T_le_eabi.lib</file>
         <name>fputs.obj</name>
      </input_file>
      <input_file id="fl-e0">
         <path>C:\ti\ccsv7\tools\compiler\ti-cgt-arm_16.9.4.LTS\lib\</path>
         <kind>archive</kind>
         <file>rtsv7M4_T_le_eabi.lib</file>
         <name>i_tofd_t2.obj</name>
      </input_file>
      <input_file id="fl-e1">
         <path>C:\ti\ccsv7\tools\compiler\ti-cgt-arm_16.9.4.LTS\lib\</path>
         <kind>archive</kind>
         <file>rtsv7M4_T_le_eabi.lib</file>
         <name>ltoa.obj</name>
      </input_file>
      <input_file id="fl-e2">
         <path>C:\ti\ccsv7\tools\compiler\ti-cgt-arm_16.9.4.LTS\lib\</path>
         <kind>archive</kind>
         <file>rtsv7M4_T_le_eabi.lib</file>
         <name>memccpy.obj</name>
      </input_file>
      <input_file id="fl-e3">
         <path>C:\ti\ccsv7\tools\compiler\ti-cgt-arm_16.9.4.LTS\lib\</path>
         <kind>archive</kind>
         <file>rtsv7M4_T_le_eabi.lib</file>
         <name>memchr.obj</name>
      </input_file>
      <input_file id="fl-e4">
         <path>C:\ti\ccsv7\tools\compiler\ti-cgt-arm_16.9.4.LTS\lib\</path>
         <kind>archive</kind>
         <file>rtsv7M4_T_le_eabi.lib</file>
         <name>s_frexp.obj</name>
      </input_file>
      <input_file id="fl-e5">
         <path>C:\ti\ccsv7\tools\compiler\ti-cgt-arm_16.9.4.LTS\lib\</path>
         <kind>archive</kind>
         <file>rtsv7M4_T_le_eabi.lib</file>
         <name>s_scalbn.obj</name>
      </input_file>
      <input_file id="fl-e6">
         <path>C:\ti\ccsv7\tools\compiler\ti-cgt-arm_16.9.4.LTS\lib\</path>
         <kind>archive</kind>
         <file>rtsv7M4_T_le_eabi.lib</file>
         <name>startup.obj</name>
      </input_file>
      <input_file id="fl-e7">
         <path>C:\ti\ccsv7\tools\compiler\ti-cgt-arm_16.9.4.LTS\lib\</path>
         <kind>archive</kind>
         <file>rtsv7M4_T_le_eabi.lib</file>
         <name>strchr.obj</name>
      </input_file>
      <input_file id="fl-e8">
         <path>C:\ti\ccsv7\tools\compiler\ti-cgt-arm_16.9.4.LTS\lib\</path>
         <kind>archive</kind>
         <file>rtsv7M4_T_le_eabi.lib</file>
         <name>ull_div_t2.obj</name>
      </input_file>
      <input_file id="fl-e9">
         <path>C:\ti\ccsv7\tools\compiler\ti-cgt-arm_16.9.4.LTS\lib\</path>
         <kind>archive</kind>
         <file>rtsv7M4_T_le_eabi.lib</file>
         <name>write.obj</name>
      </input_file>
      <input_file id="fl-ea">
         <path>C:\ti\ccsv7\tools\compiler\ti-cgt-arm_16.9.4.LTS\lib\</path>
         <kind>archive</kind>
         <file>rtsv7M4_T_le_eabi.lib</file>
         <name>_io_perm.obj</name>
      </input_file>
      <input_file id="fl-eb">
         <path>C:\ti\ccsv7\tools\compiler\ti-cgt-arm_16.9.4.LTS\lib\</path>
         <kind>archive</kind>
         <file>rtsv7M4_T_le_eabi.lib</file>
         <name>errno.obj</name>
      </input_file>
      <input_file id="fl-ec">
         <path>C:\ti\ccsv7\tools\compiler\ti-cgt-arm_16.9.4.LTS\lib\</path>
         <kind>archive</kind>
         <file>rtsv7M4_T_le_eabi.lib</file>
         <name>fflush.obj</name>
      </input_file>
      <input_file id="fl-ed">
         <path>C:\ti\ccsv7\tools\compiler\ti-cgt-arm_16.9.4.LTS\lib\</path>
         <kind>archive</kind>
         <file>rtsv7M4_T_le_eabi.lib</file>
         <name>fseek.obj</name>
      </input_file>
      <input_file id="fl-ee">
         <path>C:\ti\ccsv7\tools\compiler\ti-cgt-arm_16.9.4.LTS\lib\</path>
         <kind>archive</kind>
         <file>rtsv7M4_T_le_eabi.lib</file>
         <name>hostclose.obj</name>
      </input_file>
      <input_file id="fl-ef">
         <path>C:\ti\ccsv7\tools\compiler\ti-cgt-arm_16.9.4.LTS\lib\</path>
         <kind>archive</kind>
         <file>rtsv7M4_T_le_eabi.lib</file>
         <name>hostlseek.obj</name>
      </input_file>
      <input_file id="fl-f0">
         <path>C:\ti\ccsv7\tools\compiler\ti-cgt-arm_16.9.4.LTS\lib\</path>
         <kind>archive</kind>
         <file>rtsv7M4_T_le_eabi.lib</file>
         <name>hostopen.obj</name>
      </input_file>
      <input_file id="fl-f1">
         <path>C:\ti\ccsv7\tools\compiler\ti-cgt-arm_16.9.4.LTS\lib\</path>
         <kind>archive</kind>
         <file>rtsv7M4_T_le_eabi.lib</file>
         <name>hostread.obj</name>
      </input_file>
      <input_file id="fl-f2">
         <path>C:\ti\ccsv7\tools\compiler\ti-cgt-arm_16.9.4.LTS\lib\</path>
         <kind>archive</kind>
         <file>rtsv7M4_T_le_eabi.lib</file>
         <name>hostrename.obj</name>
      </input_file>
      <input_file id="fl-f3">
         <path>C:\ti\ccsv7\tools\compiler\ti-cgt-arm_16.9.4.LTS\lib\</path>
         <kind>archive</kind>
         <file>rtsv7M4_T_le_eabi.lib</file>
         <name>hostunlink.obj</name>
      </input_file>
      <input_file id="fl-f4">
         <path>C:\ti\ccsv7\tools\compiler\ti-cgt-arm_16.9.4.LTS\lib\</path>
         <kind>archive</kind>
         <file>rtsv7M4_T_le_eabi.lib</file>
         <name>hostwrite.obj</name>
      </input_file>
      <input_file id="fl-f5">
         <path>C:\ti\ccsv7\tools\compiler\ti-cgt-arm_16.9.4.LTS\lib\</path>
         <kind>archive</kind>
         <file>rtsv7M4_T_le_eabi.lib</file>
         <name>lseek.obj</name>
      </input_file>
      <input_file id="fl-f6">
         <path>C:\ti\ccsv7\tools\compiler\ti-cgt-arm_16.9.4.LTS\lib\</path>
         <kind>archive</kind>
         <file>rtsv7M4_T_le_eabi.lib</file>
         <name>s_copysign.obj</name>
      </input_file>
      <input_file id="fl-f7">
         <path>C:\ti\ccsv7\tools\compiler\ti-cgt-arm_16.9.4.LTS\lib\</path>
         <kind>archive</kind>
         <file>rtsv7M4_T_le_eabi.lib</file>
         <name>setvbuf.obj</name>
      </input_file>
      <input_file id="fl-f8">
         <path>C:\ti\ccsv7\tools\compiler\ti-cgt-arm_16.9.4.LTS\lib\</path>
         <kind>archive</kind>
         <file>rtsv7M4_T_le_eabi.lib</file>
         <name>strcpy.obj</name>
      </input_file>
      <input_file id="fl-f9">
         <path>C:\ti\ccsv7\tools\compiler\ti-cgt-arm_16.9.4.LTS\lib\</path>
         <kind>archive</kind>
         <file>rtsv7M4_T_le_eabi.lib</file>
         <name>trgmsg.obj</name>
      </input_file>
      <input_file id="fl-fa">
         <path>C:\ti\ccsv7\tools\compiler\ti-cgt-arm_16.9.4.LTS\lib\</path>
         <kind>archive</kind>
         <file>rtsv7M4_T_le_eabi.lib</file>
         <name>fopen.obj</name>
      </input_file>
      <input_file id="fl-fb">
         <path>C:\ti\ccsv7\tools\compiler\ti-cgt-arm_16.9.4.LTS\lib\</path>
         <kind>archive</kind>
         <file>rtsv7M4_T_le_eabi.lib</file>
         <name>open.obj</name>
      </input_file>
      <input_file id="fl-fc">
         <path>C:\ti\ccsv7\tools\compiler\ti-cgt-arm_16.9.4.LTS\lib\</path>
         <kind>archive</kind>
         <file>rtsv7M4_T_le_eabi.lib</file>
         <name>fclose.obj</name>
      </input_file>
      <input_file id="fl-fd">
         <path>C:\ti\ccsv7\tools\compiler\ti-cgt-arm_16.9.4.LTS\lib\</path>
         <kind>archive</kind>
         <file>rtsv7M4_T_le_eabi.lib</file>
         <name>getdevice.obj</name>
      </input_file>
      <input_file id="fl-fe">
         <path>C:\ti\ccsv7\tools\compiler\ti-cgt-arm_16.9.4.LTS\lib\</path>
         <kind>archive</kind>
         <file>rtsv7M4_T_le_eabi.lib</file>
         <name>remove.obj</name>
      </input_file>
      <input_file id="fl-ff">
         <path>C:\ti\ccsv7\tools\compiler\ti-cgt-arm_16.9.4.LTS\lib\</path>
         <kind>archive</kind>
         <file>rtsv7M4_T_le_eabi.lib</file>
         <name>strcmp.obj</name>
      </input_file>
      <input_file id="fl-100">
         <path>C:\ti\ccsv7\tools\compiler\ti-cgt-arm_16.9.4.LTS\lib\</path>
         <kind>archive</kind>
         <file>rtsv7M4_T_le_eabi.lib</file>
         <name>strncpy.obj</name>
      </input_file>
      <input_file id="fl-101">
         <path>C:\ti\ccsv7\tools\compiler\ti-cgt-arm_16.9.4.LTS\lib\</path>
         <kind>archive</kind>
         <file>rtsv7M4_T_le_eabi.lib</file>
         <name>unlink.obj</name>
      </input_file>
      <input_file id="fl-102">
         <path>C:\ti\ccsv7\tools\compiler\ti-cgt-arm_16.9.4.LTS\lib\</path>
         <kind>archive</kind>
         <file>rtsv7M4_T_le_eabi.lib</file>
         <name>close.obj</name>
      </input_file>
      <input_file id="fl-103">
         <path>C:\ti\CC3200SDK_1.3.0\cc3200-sdk\driverlib\ccs\Release\</path>
         <kind>archive</kind>
         <file>driverlib.a</file>
         <name>gpio.obj</name>
      </input_file>
      <input_file id="fl-104">
         <path>C:\ti\CC3200SDK_1.3.0\cc3200-sdk\driverlib\ccs\Release\</path>
         <kind>archive</kind>
         <file>driverlib.a</file>
         <name>interrupt.obj</name>
      </input_file>
      <input_file id="fl-105">
         <path>C:\ti\CC3200SDK_1.3.0\cc3200-sdk\driverlib\ccs\Release\</path>
         <kind>archive</kind>
         <file>driverlib.a</file>
         <name>pin.obj</name>
      </input_file>
      <input_file id="fl-106">
         <path>C:\ti\CC3200SDK_1.3.0\cc3200-sdk\driverlib\ccs\Release\</path>
         <kind>archive</kind>
         <file>driverlib.a</file>
         <name>prcm.obj</name>
      </input_file>
      <input_file id="fl-107">
         <path>C:\ti\CC3200SDK_1.3.0\cc3200-sdk\driverlib\ccs\Release\</path>
         <kind>archive</kind>
         <file>driverlib.a</file>
         <name>spi.obj</name>
      </input_file>
      <input_file id="fl-108">
         <path>C:\ti\CC3200SDK_1.3.0\cc3200-sdk\driverlib\ccs\Release\</path>
         <kind>archive</kind>
         <file>driverlib.a</file>
         <name>uart.obj</name>
      </input_file>
      <input_file id="fl-109">
         <path>C:\ti\CC3200SDK_1.3.0\cc3200-sdk\driverlib\ccs\Release\</path>
         <kind>archive</kind>
         <file>driverlib.a</file>
         <name>udma.obj</name>
      </input_file>
      <input_file id="fl-10a">
         <path>C:\ti\CC3200SDK_1.3.0\cc3200-sdk\driverlib\ccs\Release\</path>
         <kind>archive</kind>
         <file>driverlib.a</file>
         <name>utils.obj</name>
      </input_file>
      <input_file id="fl-10b">
         <path>C:\ti\CC3200SDK_1.3.0\cc3200-sdk\driverlib\ccs\Release\</path>
         <kind>archive</kind>
         <file>driverlib.a</file>
         <name>cpu.obj</name>
      </input_file>
      <input_file id="fl-10c">
         <path>C:\ti\CC3200SDK_1.3.0\cc3200-sdk\driverlib\ccs\Release\</path>
         <kind>archive</kind>
         <file>driverlib.a</file>
         <name>flash.obj</name>
      </input_file>
   </input_file_list>
   <object_component_list>
      <object_component id="oc-f">
         <name>.intvecs</name>
         <load_address>0x20004000</load_address>
         <run_address>0x20004000</run_address>
         <size>0x400</size>
         <input_file_ref idref="fl-5"/>
      </object_component>
      <object_component id="oc-1d8">
         <name>.text</name>
         <load_address>0x20004400</load_address>
         <run_address>0x20004400</run_address>
         <size>0x1122</size>
         <input_file_ref idref="fl-d2"/>
      </object_component>
      <object_component id="oc-474">
         <name>.text:IntDefaultHandler</name>
         <load_address>0x20005522</load_address>
         <run_address>0x20005522</run_address>
         <size>0x2</size>
         <input_file_ref idref="fl-104"/>
      </object_component>
      <object_component id="oc-a8">
         <name>.text</name>
         <load_address>0x20005524</load_address>
         <run_address>0x20005524</run_address>
         <size>0x6a4</size>
         <input_file_ref idref="fl-3"/>
      </object_component>
      <object_component id="oc-2ff">
         <name>.text</name>
         <load_address>0x20005bc8</load_address>
         <run_address>0x20005bc8</run_address>
         <size>0x3d0</size>
         <input_file_ref idref="fl-c9"/>
      </object_component>
      <object_component id="oc-144">
         <name>.text</name>
         <load_address>0x20005f98</load_address>
         <run_address>0x20005f98</run_address>
         <size>0x398</size>
         <input_file_ref idref="fl-2"/>
      </object_component>
      <object_component id="oc-184">
         <name>.text</name>
         <load_address>0x20006330</load_address>
         <run_address>0x20006330</run_address>
         <size>0x280</size>
         <input_file_ref idref="fl-6"/>
      </object_component>
      <object_component id="oc-33d">
         <name>.text</name>
         <load_address>0x200065b0</load_address>
         <run_address>0x200065b0</run_address>
         <size>0x1f4</size>
         <input_file_ref idref="fl-e8"/>
      </object_component>
      <object_component id="oc-f0">
         <name>.text</name>
         <load_address>0x200067a4</load_address>
         <run_address>0x200067a4</run_address>
         <size>0x1cc</size>
         <input_file_ref idref="fl-7"/>
      </object_component>
      <object_component id="oc-498">
         <name>.text</name>
         <load_address>0x20006970</load_address>
         <run_address>0x20006970</run_address>
         <size>0x1c4</size>
         <input_file_ref idref="fl-fa"/>
      </object_component>
      <object_component id="oc-366">
         <name>.text</name>
         <load_address>0x20006b34</load_address>
         <run_address>0x20006b34</run_address>
         <size>0x1b6</size>
         <input_file_ref idref="fl-d9"/>
      </object_component>
      <object_component id="oc-59">
         <name>.text</name>
         <load_address>0x20006cea</load_address>
         <run_address>0x20006cea</run_address>
         <size>0x2</size>
         <input_file_ref idref="fl-cb"/>
      </object_component>
      <object_component id="oc-178">
         <name>.text</name>
         <load_address>0x20006cec</load_address>
         <run_address>0x20006cec</run_address>
         <size>0x17c</size>
         <input_file_ref idref="fl-4"/>
      </object_component>
      <object_component id="oc-15d">
         <name>.text:PRCMCC3200MCUInit</name>
         <load_address>0x20006e68</load_address>
         <run_address>0x20006e68</run_address>
         <size>0x178</size>
         <input_file_ref idref="fl-106"/>
      </object_component>
      <object_component id="oc-34c">
         <name>.text</name>
         <load_address>0x20006fe0</load_address>
         <run_address>0x20006fe0</run_address>
         <size>0x136</size>
         <input_file_ref idref="fl-db"/>
      </object_component>
      <object_component id="oc-a0">
         <name>.text</name>
         <load_address>0x20007116</load_address>
         <run_address>0x20007116</run_address>
         <size>0x2</size>
         <input_file_ref idref="fl-e6"/>
      </object_component>
      <object_component id="oc-1d2">
         <name>.text</name>
         <load_address>0x20007118</load_address>
         <run_address>0x20007118</run_address>
         <size>0x134</size>
         <input_file_ref idref="fl-df"/>
      </object_component>
      <object_component id="oc-347">
         <name>.text</name>
         <load_address>0x2000724c</load_address>
         <run_address>0x2000724c</run_address>
         <size>0xfc</size>
         <input_file_ref idref="fl-dc"/>
      </object_component>
      <object_component id="oc-236">
         <name>.text:uDMAChannelTransferSet</name>
         <load_address>0x20007348</load_address>
         <run_address>0x20007348</run_address>
         <size>0xf0</size>
         <input_file_ref idref="fl-109"/>
      </object_component>
      <object_component id="oc-42b">
         <name>.text</name>
         <load_address>0x20007438</load_address>
         <run_address>0x20007438</run_address>
         <size>0xdc</size>
         <input_file_ref idref="fl-f7"/>
      </object_component>
      <object_component id="oc-371">
         <name>.text</name>
         <load_address>0x20007514</load_address>
         <run_address>0x20007514</run_address>
         <size>0xd0</size>
         <input_file_ref idref="fl-e5"/>
      </object_component>
      <object_component id="oc-327">
         <name>.text</name>
         <load_address>0x200075e4</load_address>
         <run_address>0x200075e4</run_address>
         <size>0xc8</size>
         <input_file_ref idref="fl-ec"/>
      </object_component>
      <object_component id="oc-4d7">
         <name>.text</name>
         <load_address>0x200076ac</load_address>
         <run_address>0x200076ac</run_address>
         <size>0xbc</size>
         <input_file_ref idref="fl-fb"/>
      </object_component>
      <object_component id="oc-321">
         <name>.text</name>
         <load_address>0x20007768</load_address>
         <run_address>0x20007768</run_address>
         <size>0xac</size>
         <input_file_ref idref="fl-ea"/>
      </object_component>
      <object_component id="oc-3b1">
         <name>.text:IntDisable</name>
         <load_address>0x20007814</load_address>
         <run_address>0x20007814</run_address>
         <size>0xa8</size>
         <input_file_ref idref="fl-104"/>
      </object_component>
      <object_component id="oc-157">
         <name>.text:IntEnable</name>
         <load_address>0x200078bc</load_address>
         <run_address>0x200078bc</run_address>
         <size>0xa8</size>
         <input_file_ref idref="fl-104"/>
      </object_component>
      <object_component id="oc-10e">
         <name>.text:SPIConfigSetExpClk</name>
         <load_address>0x20007964</load_address>
         <run_address>0x20007964</run_address>
         <size>0xa0</size>
         <input_file_ref idref="fl-107"/>
      </object_component>
      <object_component id="oc-41">
         <name>.text</name>
         <load_address>0x20007a04</load_address>
         <run_address>0x20007a04</run_address>
         <size>0x9c</size>
         <input_file_ref idref="fl-c7"/>
      </object_component>
      <object_component id="oc-4dd">
         <name>.text</name>
         <load_address>0x20007aa0</load_address>
         <run_address>0x20007aa0</run_address>
         <size>0x98</size>
         <input_file_ref idref="fl-fc"/>
      </object_component>
      <object_component id="oc-1cc">
         <name>.text</name>
         <load_address>0x20007b38</load_address>
         <run_address>0x20007b38</run_address>
         <size>0x98</size>
         <input_file_ref idref="fl-de"/>
      </object_component>
      <object_component id="oc-108">
         <name>.text:PRCMPeripheralClockGet</name>
         <load_address>0x20007bd0</load_address>
         <run_address>0x20007bd0</run_address>
         <size>0x94</size>
         <input_file_ref idref="fl-106"/>
      </object_component>
      <object_component id="oc-3ed">
         <name>.text:PinConfigSet</name>
         <load_address>0x20007c64</load_address>
         <run_address>0x20007c64</run_address>
         <size>0x88</size>
         <input_file_ref idref="fl-105"/>
      </object_component>
      <object_component id="oc-2e1">
         <name>.text</name>
         <load_address>0x20007cec</load_address>
         <run_address>0x20007cec</run_address>
         <size>0x88</size>
         <input_file_ref idref="fl-d0"/>
      </object_component>
      <object_component id="oc-342">
         <name>.text:__aeabi_cdcmple</name>
         <load_address>0x20007d74</load_address>
         <run_address>0x20007d74</run_address>
         <size>0x86</size>
         <input_file_ref idref="fl-da"/>
      </object_component>
      <object_component id="oc-351">
         <name>.text:__aeabi_cdrcmple</name>
         <load_address>0x20007dfa</load_address>
         <run_address>0x20007dfa</run_address>
         <size>0x86</size>
         <input_file_ref idref="fl-da"/>
      </object_component>
      <object_component id="oc-261">
         <name>.text:GPIOIntTypeSet</name>
         <load_address>0x20007e80</load_address>
         <run_address>0x20007e80</run_address>
         <size>0x82</size>
         <input_file_ref idref="fl-103"/>
      </object_component>
      <object_component id="oc-d8">
         <name>.text:SPIIntStatus</name>
         <load_address>0x20007f04</load_address>
         <run_address>0x20007f04</run_address>
         <size>0x7c</size>
         <input_file_ref idref="fl-107"/>
      </object_component>
      <object_component id="oc-4d">
         <name>.text</name>
         <load_address>0x20007f80</load_address>
         <run_address>0x20007f80</run_address>
         <size>0x7a</size>
         <input_file_ref idref="fl-ca"/>
      </object_component>
      <object_component id="oc-2d5">
         <name>.text:UARTConfigSetExpClk</name>
         <load_address>0x20007ffa</load_address>
         <run_address>0x20007ffa</run_address>
         <size>0x76</size>
         <input_file_ref idref="fl-108"/>
      </object_component>
      <object_component id="oc-65">
         <name>.text</name>
         <load_address>0x20008070</load_address>
         <run_address>0x20008070</run_address>
         <size>0x70</size>
         <input_file_ref idref="fl-d5"/>
      </object_component>
      <object_component id="oc-518">
         <name>.text</name>
         <load_address>0x200080e0</load_address>
         <run_address>0x200080e0</run_address>
         <size>0x70</size>
         <input_file_ref idref="fl-fd"/>
      </object_component>
      <object_component id="oc-ea">
         <name>.text</name>
         <load_address>0x20008150</load_address>
         <run_address>0x20008150</run_address>
         <size>0x70</size>
         <input_file_ref idref="fl-cd"/>
      </object_component>
      <object_component id="oc-50c">
         <name>.text</name>
         <load_address>0x200081c0</load_address>
         <run_address>0x200081c0</run_address>
         <size>0x6c</size>
         <input_file_ref idref="fl-f2"/>
      </object_component>
      <object_component id="oc-12">
         <name>.text:decompress:lzss</name>
         <load_address>0x2000822c</load_address>
         <run_address>0x2000822c</run_address>
         <size>0x68</size>
         <input_file_ref idref="fl-c3"/>
      </object_component>
      <object_component id="oc-500">
         <name>.text</name>
         <load_address>0x20008294</load_address>
         <run_address>0x20008294</run_address>
         <size>0x68</size>
         <input_file_ref idref="fl-ef"/>
      </object_component>
      <object_component id="oc-532">
         <name>.text</name>
         <load_address>0x200082fc</load_address>
         <run_address>0x200082fc</run_address>
         <size>0x68</size>
         <input_file_ref idref="fl-f9"/>
      </object_component>
      <object_component id="oc-425">
         <name>.text</name>
         <load_address>0x20008364</load_address>
         <run_address>0x20008364</run_address>
         <size>0x64</size>
         <input_file_ref idref="fl-ed"/>
      </object_component>
      <object_component id="oc-20c">
         <name>.text:uDMAChannelAttributeDisable</name>
         <load_address>0x200083c8</load_address>
         <run_address>0x200083c8</run_address>
         <size>0x64</size>
         <input_file_ref idref="fl-109"/>
      </object_component>
      <object_component id="oc-230">
         <name>.text:uDMAChannelAttributeEnable</name>
         <load_address>0x2000842c</load_address>
         <run_address>0x2000842c</run_address>
         <size>0x64</size>
         <input_file_ref idref="fl-109"/>
      </object_component>
      <object_component id="oc-4e8">
         <name>.text</name>
         <load_address>0x20008490</load_address>
         <run_address>0x20008490</run_address>
         <size>0x60</size>
         <input_file_ref idref="fl-f0"/>
      </object_component>
      <object_component id="oc-521">
         <name>.text</name>
         <load_address>0x200084f0</load_address>
         <run_address>0x200084f0</run_address>
         <size>0x5c</size>
         <input_file_ref idref="fl-102"/>
      </object_component>
      <object_component id="oc-36b">
         <name>.text</name>
         <load_address>0x2000854c</load_address>
         <run_address>0x2000854c</run_address>
         <size>0x5c</size>
         <input_file_ref idref="fl-e4"/>
      </object_component>
      <object_component id="oc-18a">
         <name>.text:PRCMPeripheralReset</name>
         <load_address>0x200085a8</load_address>
         <run_address>0x200085a8</run_address>
         <size>0x58</size>
         <input_file_ref idref="fl-106"/>
      </object_component>
      <object_component id="oc-4f4">
         <name>.text</name>
         <load_address>0x20008600</load_address>
         <run_address>0x20008600</run_address>
         <size>0x58</size>
         <input_file_ref idref="fl-f1"/>
      </object_component>
      <object_component id="oc-4fa">
         <name>.text</name>
         <load_address>0x20008658</load_address>
         <run_address>0x20008658</run_address>
         <size>0x58</size>
         <input_file_ref idref="fl-f4"/>
      </object_component>
      <object_component id="oc-1f4">
         <name>.text:IntPrioritySet</name>
         <load_address>0x200086b0</load_address>
         <run_address>0x200086b0</run_address>
         <size>0x54</size>
         <input_file_ref idref="fl-104"/>
      </object_component>
      <object_component id="oc-71">
         <name>.text</name>
         <load_address>0x20008704</load_address>
         <run_address>0x20008704</run_address>
         <size>0x54</size>
         <input_file_ref idref="fl-c6"/>
      </object_component>
      <object_component id="oc-35b">
         <name>.text</name>
         <load_address>0x20008758</load_address>
         <run_address>0x20008758</run_address>
         <size>0x54</size>
         <input_file_ref idref="fl-e1"/>
      </object_component>
      <object_component id="oc-138">
         <name>.text:SPIIntEnable</name>
         <load_address>0x200087ac</load_address>
         <run_address>0x200087ac</run_address>
         <size>0x4c</size>
         <input_file_ref idref="fl-107"/>
      </object_component>
      <object_component id="oc-24c">
         <name>.text:SPIIntNumberGet</name>
         <load_address>0x200087f8</load_address>
         <run_address>0x200087f8</run_address>
         <size>0x4c</size>
         <input_file_ref idref="fl-107"/>
      </object_component>
      <object_component id="oc-37d">
         <name>.text</name>
         <load_address>0x20008844</load_address>
         <run_address>0x20008844</run_address>
         <size>0x4c</size>
         <input_file_ref idref="fl-d4"/>
      </object_component>
      <object_component id="oc-9a">
         <name>.text</name>
         <load_address>0x20008890</load_address>
         <run_address>0x20008890</run_address>
         <size>0x4c</size>
         <input_file_ref idref="fl-d6"/>
      </object_component>
      <object_component id="oc-126">
         <name>.text:uDMAChannelAssign</name>
         <load_address>0x200088dc</load_address>
         <run_address>0x200088dc</run_address>
         <size>0x4c</size>
         <input_file_ref idref="fl-109"/>
      </object_component>
      <object_component id="oc-e4">
         <name>.text:uDMAChannelModeGet</name>
         <load_address>0x20008928</load_address>
         <run_address>0x20008928</run_address>
         <size>0x4c</size>
         <input_file_ref idref="fl-109"/>
      </object_component>
      <object_component id="oc-3d2">
         <name>.text:GPIOGetIntNumber</name>
         <load_address>0x20008974</load_address>
         <run_address>0x20008974</run_address>
         <size>0x48</size>
         <input_file_ref idref="fl-103"/>
      </object_component>
      <object_component id="oc-de">
         <name>.text:SPIIntClear</name>
         <load_address>0x200089bc</load_address>
         <run_address>0x200089bc</run_address>
         <size>0x48</size>
         <input_file_ref idref="fl-107"/>
      </object_component>
      <object_component id="oc-356">
         <name>.text</name>
         <load_address>0x20008a04</load_address>
         <run_address>0x20008a04</run_address>
         <size>0x48</size>
         <input_file_ref idref="fl-dd"/>
      </object_component>
      <object_component id="oc-1bd">
         <name>.text:SPIDmaMaskGet</name>
         <load_address>0x20008a4c</load_address>
         <run_address>0x20008a4c</run_address>
         <size>0x44</size>
         <input_file_ref idref="fl-107"/>
      </object_component>
      <object_component id="oc-4ee">
         <name>.text</name>
         <load_address>0x20008a90</load_address>
         <run_address>0x20008a90</run_address>
         <size>0x44</size>
         <input_file_ref idref="fl-ee"/>
      </object_component>
      <object_component id="oc-506">
         <name>.text</name>
         <load_address>0x20008ad4</load_address>
         <run_address>0x20008ad4</run_address>
         <size>0x44</size>
         <input_file_ref idref="fl-f3"/>
      </object_component>
      <object_component id="oc-2b2">
         <name>.text:PinModeSet</name>
         <load_address>0x20008b18</load_address>
         <run_address>0x20008b18</run_address>
         <size>0x40</size>
         <input_file_ref idref="fl-105"/>
      </object_component>
      <object_component id="oc-24">
         <name>.text</name>
         <load_address>0x20008b58</load_address>
         <run_address>0x20008b58</run_address>
         <size>0x40</size>
         <input_file_ref idref="fl-c2"/>
      </object_component>
      <object_component id="oc-17e">
         <name>.text:PRCMPeripheralClkEnable</name>
         <load_address>0x20008b98</load_address>
         <run_address>0x20008b98</run_address>
         <size>0x3c</size>
         <input_file_ref idref="fl-106"/>
      </object_component>
      <object_component id="oc-22a">
         <name>.text:uDMAChannelControlSet</name>
         <load_address>0x20008bd4</load_address>
         <run_address>0x20008bd4</run_address>
         <size>0x3c</size>
         <input_file_ref idref="fl-109"/>
      </object_component>
      <object_component id="oc-2be">
         <name>.text:GPIODirModeSet</name>
         <load_address>0x20008c10</load_address>
         <run_address>0x20008c10</run_address>
         <size>0x36</size>
         <input_file_ref idref="fl-103"/>
      </object_component>
      <object_component id="oc-554">
         <name>.text</name>
         <load_address>0x20008c46</load_address>
         <run_address>0x20008c46</run_address>
         <size>0x36</size>
         <input_file_ref idref="fl-100"/>
      </object_component>
      <object_component id="oc-12c">
         <name>.text:SPIFIFOLevelSet</name>
         <load_address>0x20008c7c</load_address>
         <run_address>0x20008c7c</run_address>
         <size>0x34</size>
         <input_file_ref idref="fl-107"/>
      </object_component>
      <object_component id="oc-2b8">
         <name>.text:PinTypeGPIO</name>
         <load_address>0x20008cb0</load_address>
         <run_address>0x20008cb0</run_address>
         <size>0x30</size>
         <input_file_ref idref="fl-105"/>
      </object_component>
      <object_component id="oc-3f9">
         <name>.text:UARTDisable</name>
         <load_address>0x20008ce0</load_address>
         <run_address>0x20008ce0</run_address>
         <size>0x30</size>
         <input_file_ref idref="fl-108"/>
      </object_component>
      <object_component id="oc-361">
         <name>.text</name>
         <load_address>0x20008d10</load_address>
         <run_address>0x20008d10</run_address>
         <size>0x2e</size>
         <input_file_ref idref="fl-e0"/>
      </object_component>
      <object_component id="oc-291">
         <name>.text:PRCMSysResetCauseGet</name>
         <load_address>0x20008d40</load_address>
         <run_address>0x20008d40</run_address>
         <size>0x2c</size>
         <input_file_ref idref="fl-106"/>
      </object_component>
      <object_component id="oc-527">
         <name>.text</name>
         <load_address>0x20008d6c</load_address>
         <run_address>0x20008d6c</run_address>
         <size>0x2c</size>
         <input_file_ref idref="fl-101"/>
      </object_component>
      <object_component id="oc-2a3">
         <name>.text:PRCMPeripheralClkDisable</name>
         <load_address>0x20008d98</load_address>
         <run_address>0x20008d98</run_address>
         <size>0x28</size>
         <input_file_ref idref="fl-106"/>
      </object_component>
      <object_component id="oc-490">
         <name>.text</name>
         <load_address>0x20008dc0</load_address>
         <run_address>0x20008dc0</run_address>
         <size>0x28</size>
         <input_file_ref idref="fl-f5"/>
      </object_component>
      <object_component id="oc-32d">
         <name>.text</name>
         <load_address>0x20008de8</load_address>
         <run_address>0x20008de8</run_address>
         <size>0x28</size>
         <input_file_ref idref="fl-e9"/>
      </object_component>
      <object_component id="oc-f6">
         <name>.text:uDMAChannelIsEnabled</name>
         <load_address>0x20008e10</load_address>
         <run_address>0x20008e10</run_address>
         <size>0x28</size>
         <input_file_ref idref="fl-109"/>
      </object_component>
      <object_component id="oc-3b7">
         <name>.text:IntUnregister</name>
         <load_address>0x20008e38</load_address>
         <run_address>0x20008e38</run_address>
         <size>0x24</size>
         <input_file_ref idref="fl-104"/>
      </object_component>
      <object_component id="oc-3ff">
         <name>.text:UARTEnable</name>
         <load_address>0x20008e5c</load_address>
         <run_address>0x20008e5c</run_address>
         <size>0x24</size>
         <input_file_ref idref="fl-108"/>
      </object_component>
      <object_component id="oc-2f9">
         <name>.text</name>
         <load_address>0x20008e80</load_address>
         <run_address>0x20008e80</run_address>
         <size>0x24</size>
         <input_file_ref idref="fl-c8"/>
      </object_component>
      <object_component id="oc-102">
         <name>.text:SPIReset</name>
         <load_address>0x20008ea4</load_address>
         <run_address>0x20008ea4</run_address>
         <size>0x22</size>
         <input_file_ref idref="fl-107"/>
      </object_component>
      <object_component id="oc-172">
         <name>.text:GPIOPinWrite</name>
         <load_address>0x20008ec6</load_address>
         <run_address>0x20008ec6</run_address>
         <size>0x20</size>
         <input_file_ref idref="fl-103"/>
      </object_component>
      <object_component id="oc-252">
         <name>.text:IntRegister</name>
         <load_address>0x20008ee8</load_address>
         <run_address>0x20008ee8</run_address>
         <size>0x20</size>
         <input_file_ref idref="fl-104"/>
      </object_component>
      <object_component id="oc-335">
         <name>.text</name>
         <load_address>0x20008f08</load_address>
         <run_address>0x20008f08</run_address>
         <size>0x20</size>
         <input_file_ref idref="fl-e3"/>
      </object_component>
      <object_component id="oc-267">
         <name>.text:GPIOIntRegister</name>
         <load_address>0x20008f28</load_address>
         <run_address>0x20008f28</run_address>
         <size>0x1e</size>
         <input_file_ref idref="fl-103"/>
      </object_component>
      <object_component id="oc-114">
         <name>.text:SPIIntRegister</name>
         <load_address>0x20008f46</load_address>
         <run_address>0x20008f46</run_address>
         <size>0x1e</size>
         <input_file_ref idref="fl-107"/>
      </object_component>
      <object_component id="oc-2db">
         <name>.text:UARTCharPut</name>
         <load_address>0x20008f64</load_address>
         <run_address>0x20008f64</run_address>
         <size>0x1e</size>
         <input_file_ref idref="fl-108"/>
      </object_component>
      <object_component id="oc-2ed">
         <name>.text:UARTCharGetNonBlocking</name>
         <load_address>0x20008f82</load_address>
         <run_address>0x20008f82</run_address>
         <size>0x1c</size>
         <input_file_ref idref="fl-108"/>
      </object_component>
      <object_component id="oc-383">
         <name>.text</name>
         <load_address>0x20008f9e</load_address>
         <run_address>0x20008f9e</run_address>
         <size>0x1c</size>
         <input_file_ref idref="fl-e2"/>
      </object_component>
      <object_component id="oc-218">
         <name>.text:uDMAChannelDisable</name>
         <load_address>0x20008fbc</load_address>
         <run_address>0x20008fbc</run_address>
         <size>0x1c</size>
         <input_file_ref idref="fl-109"/>
      </object_component>
      <object_component id="oc-fc">
         <name>.text:uDMAChannelEnable</name>
         <load_address>0x20008fd8</load_address>
         <run_address>0x20008fd8</run_address>
         <size>0x1c</size>
         <input_file_ref idref="fl-109"/>
      </object_component>
      <object_component id="oc-212">
         <name>.text:uDMAChannelRequest</name>
         <load_address>0x20008ff4</load_address>
         <run_address>0x20008ff4</run_address>
         <size>0x1c</size>
         <input_file_ref idref="fl-109"/>
      </object_component>
      <object_component id="oc-273">
         <name>.text:GPIOIntEnable</name>
         <load_address>0x20009010</load_address>
         <run_address>0x20009010</run_address>
         <size>0x1a</size>
         <input_file_ref idref="fl-103"/>
      </object_component>
      <object_component id="oc-2ca">
         <name>.text:PinTypeSPI</name>
         <load_address>0x2000902a</load_address>
         <run_address>0x2000902a</run_address>
         <size>0x1a</size>
         <input_file_ref idref="fl-105"/>
      </object_component>
      <object_component id="oc-2c4">
         <name>.text:PinTypeUART</name>
         <load_address>0x20009044</load_address>
         <run_address>0x20009044</run_address>
         <size>0x1a</size>
         <input_file_ref idref="fl-105"/>
      </object_component>
      <object_component id="oc-13e">
         <name>.text:SPIDmaEnable</name>
         <load_address>0x2000905e</load_address>
         <run_address>0x2000905e</run_address>
         <size>0x1a</size>
         <input_file_ref idref="fl-107"/>
      </object_component>
      <object_component id="oc-132">
         <name>.text:SPIFIFOEnable</name>
         <load_address>0x20009078</load_address>
         <run_address>0x20009078</run_address>
         <size>0x1a</size>
         <input_file_ref idref="fl-107"/>
      </object_component>
      <object_component id="oc-16c">
         <name>.text:GPIOPinRead</name>
         <load_address>0x20009092</load_address>
         <run_address>0x20009092</run_address>
         <size>0x18</size>
         <input_file_ref idref="fl-103"/>
      </object_component>
      <object_component id="oc-120">
         <name>.text:SPICSEnable</name>
         <load_address>0x200090aa</load_address>
         <run_address>0x200090aa</run_address>
         <size>0x18</size>
         <input_file_ref idref="fl-107"/>
      </object_component>
      <object_component id="oc-11a">
         <name>.text:SPIEnable</name>
         <load_address>0x200090c2</load_address>
         <run_address>0x200090c2</run_address>
         <size>0x18</size>
         <input_file_ref idref="fl-107"/>
      </object_component>
      <object_component id="oc-2e7">
         <name>.text:UARTCharsAvail</name>
         <load_address>0x200090da</load_address>
         <run_address>0x200090da</run_address>
         <size>0x18</size>
         <input_file_ref idref="fl-108"/>
      </object_component>
      <object_component id="oc-6b">
         <name>.text</name>
         <load_address>0x200090f4</load_address>
         <run_address>0x200090f4</run_address>
         <size>0x18</size>
         <input_file_ref idref="fl-d3"/>
      </object_component>
      <object_component id="oc-54e">
         <name>.text</name>
         <load_address>0x2000910c</load_address>
         <run_address>0x2000910c</run_address>
         <size>0x18</size>
         <input_file_ref idref="fl-ff"/>
      </object_component>
      <object_component id="oc-297">
         <name>.text:PRCMHIBRegRead</name>
         <load_address>0x20009124</load_address>
         <run_address>0x20009124</run_address>
         <size>0x16</size>
         <input_file_ref idref="fl-106"/>
      </object_component>
      <object_component id="oc-29d">
         <name>.text:PRCMHIBRegWrite</name>
         <load_address>0x2000913a</load_address>
         <run_address>0x2000913a</run_address>
         <size>0x16</size>
         <input_file_ref idref="fl-106"/>
      </object_component>
      <object_component id="oc-377">
         <name>.text</name>
         <load_address>0x20009150</load_address>
         <run_address>0x20009150</run_address>
         <size>0x16</size>
         <input_file_ref idref="fl-e7"/>
      </object_component>
      <object_component id="oc-1fa">
         <name>.text:uDMAIntRegister</name>
         <load_address>0x20009166</load_address>
         <run_address>0x20009166</run_address>
         <size>0x16</size>
         <input_file_ref idref="fl-109"/>
      </object_component>
      <object_component id="oc-286">
         <name>.text:CPUcpsie</name>
         <load_address>0x2000917c</load_address>
         <run_address>0x2000917c</run_address>
         <size>0x14</size>
         <input_file_ref idref="fl-10b"/>
      </object_component>
      <object_component id="oc-26d">
         <name>.text:GPIOIntClear</name>
         <load_address>0x20009190</load_address>
         <run_address>0x20009190</run_address>
         <size>0x14</size>
         <input_file_ref idref="fl-103"/>
      </object_component>
      <object_component id="oc-14b">
         <name>.text:IntVTableBaseSet</name>
         <load_address>0x200091a4</load_address>
         <run_address>0x200091a4</run_address>
         <size>0x14</size>
         <input_file_ref idref="fl-104"/>
      </object_component>
      <object_component id="oc-1a5">
         <name>.text</name>
         <load_address>0x200091b8</load_address>
         <run_address>0x200091b8</run_address>
         <size>0x14</size>
         <input_file_ref idref="fl-d1"/>
      </object_component>
      <object_component id="oc-546">
         <name>.text</name>
         <load_address>0x200091cc</load_address>
         <run_address>0x200091cc</run_address>
         <size>0x14</size>
         <input_file_ref idref="fl-f8"/>
      </object_component>
      <object_component id="oc-2f3">
         <name>.text</name>
         <load_address>0x200091e0</load_address>
         <run_address>0x200091e0</run_address>
         <size>0x14</size>
         <input_file_ref idref="fl-cf"/>
      </object_component>
      <object_component id="oc-206">
         <name>.text:uDMAControlBaseSet</name>
         <load_address>0x200091f4</load_address>
         <run_address>0x200091f4</run_address>
         <size>0x14</size>
         <input_file_ref idref="fl-109"/>
      </object_component>
      <object_component id="oc-1ee">
         <name>.text:uDMAIntClear</name>
         <load_address>0x20009208</load_address>
         <run_address>0x20009208</run_address>
         <size>0x14</size>
         <input_file_ref idref="fl-109"/>
      </object_component>
      <object_component id="oc-21e">
         <name>.text:uDMAIntUnregister</name>
         <load_address>0x2000921c</load_address>
         <run_address>0x2000921c</run_address>
         <size>0x12</size>
         <input_file_ref idref="fl-109"/>
      </object_component>
      <object_component id="oc-18">
         <name>.text:decompress:none</name>
         <load_address>0x2000922e</load_address>
         <run_address>0x2000922e</run_address>
         <size>0xe</size>
         <input_file_ref idref="fl-c4"/>
      </object_component>
      <object_component id="oc-2d">
         <name>.text</name>
         <load_address>0x2000923c</load_address>
         <run_address>0x2000923c</run_address>
         <size>0xe</size>
         <input_file_ref idref="fl-5"/>
      </object_component>
      <object_component id="oc-1e">
         <name>.text:decompress:ZI</name>
         <load_address>0x2000924a</load_address>
         <run_address>0x2000924a</run_address>
         <size>0xc</size>
         <input_file_ref idref="fl-c5"/>
      </object_component>
      <object_component id="oc-224">
         <name>.text:uDMADisable</name>
         <load_address>0x20009258</load_address>
         <run_address>0x20009258</run_address>
         <size>0xc</size>
         <input_file_ref idref="fl-109"/>
      </object_component>
      <object_component id="oc-200">
         <name>.text:uDMAEnable</name>
         <load_address>0x20009264</load_address>
         <run_address>0x20009264</run_address>
         <size>0xc</size>
         <input_file_ref idref="fl-109"/>
      </object_component>
      <object_component id="oc-1e8">
         <name>.text:uDMAIntStatus</name>
         <load_address>0x20009270</load_address>
         <run_address>0x20009270</run_address>
         <size>0xc</size>
         <input_file_ref idref="fl-109"/>
      </object_component>
      <object_component id="oc-151">
         <name>.text:IntMasterEnable</name>
         <load_address>0x2000927c</load_address>
         <run_address>0x2000927c</run_address>
         <size>0xa</size>
         <input_file_ref idref="fl-104"/>
      </object_component>
      <object_component id="oc-454">
         <name>.text</name>
         <load_address>0x20009286</load_address>
         <run_address>0x20009286</run_address>
         <size>0x8</size>
         <input_file_ref idref="fl-f6"/>
      </object_component>
      <object_component id="oc-14a">
         <name>.text:UtilsDelay</name>
         <load_address>0x2000928e</load_address>
         <run_address>0x2000928e</run_address>
         <size>0x6</size>
         <input_file_ref idref="fl-10a"/>
      </object_component>
      <object_component id="oc-5f">
         <name>.text</name>
         <load_address>0x20009294</load_address>
         <run_address>0x20009294</run_address>
         <size>0x4</size>
         <input_file_ref idref="fl-cc"/>
      </object_component>
      <object_component id="oc-461">
         <name>.const:.string:_ctypes_</name>
         <load_address>0x20009298</load_address>
         <run_address>0x20009298</run_address>
         <size>0x101</size>
         <input_file_ref idref="fl-d7"/>
      </object_component>
      <object_component id="oc-3e9">
         <name>.const:g_ulPinToPadMap</name>
         <load_address>0x2000939c</load_address>
         <run_address>0x2000939c</run_address>
         <size>0x100</size>
         <input_file_ref idref="fl-105"/>
      </object_component>
      <object_component id="oc-3a7">
         <name>.const:g_pulRegs</name>
         <load_address>0x2000949c</load_address>
         <run_address>0x2000949c</run_address>
         <size>0xd4</size>
         <input_file_ref idref="fl-104"/>
      </object_component>
      <object_component id="oc-2d1">
         <name>.const:PRCM_PeriphRegsList</name>
         <load_address>0x20009570</load_address>
         <run_address>0x20009570</run_address>
         <size>0xa8</size>
         <input_file_ref idref="fl-106"/>
      </object_component>
      <object_component id="oc-28d">
         <name>.const</name>
         <load_address>0x20009618</load_address>
         <run_address>0x20009618</run_address>
         <size>0x80</size>
         <input_file_ref idref="fl-104"/>
      </object_component>
      <object_component id="oc-3c9">
         <name>.const:g_ppulSPIIntMap</name>
         <load_address>0x20009698</load_address>
         <run_address>0x20009698</run_address>
         <size>0x24</size>
         <input_file_ref idref="fl-107"/>
      </object_component>
      <object_component id="oc-316">
         <name>.const</name>
         <load_address>0x200096bc</load_address>
         <run_address>0x200096bc</run_address>
         <size>0x18</size>
         <input_file_ref idref="fl-107"/>
      </object_component>
      <object_component id="oc-5b3">
         <name>.cinit..data.load</name>
         <load_address>0x200096d8</load_address>
         <run_address>0x200096d8</run_address>
         <size>0x86</size>
      </object_component>
      <object_component id="oc-5b1">
         <name>__TI_handler_table</name>
         <load_address>0x20009760</load_address>
         <run_address>0x20009760</run_address>
         <size>0xc</size>
      </object_component>
      <object_component id="oc-5b4">
         <name>.cinit..bss.load</name>
         <load_address>0x20009770</load_address>
         <run_address>0x20009770</run_address>
         <size>0x8</size>
      </object_component>
      <object_component id="oc-5b2">
         <name>__TI_cinit_table</name>
         <load_address>0x20009778</load_address>
         <run_address>0x20009778</run_address>
         <size>0x10</size>
      </object_component>
      <object_component id="oc-281">
         <name>.data:ulReg</name>
         <load_address>0x2001e0a0</load_address>
         <run_address>0x2001e0a0</run_address>
         <size>0x14</size>
         <input_file_ref idref="fl-2"/>
      </object_component>
      <object_component id="oc-279">
         <name>.data</name>
         <load_address>0x2001e0dc</load_address>
         <run_address>0x2001e0dc</run_address>
         <size>0xc</size>
         <input_file_ref idref="fl-2"/>
      </object_component>
      <object_component id="oc-b0">
         <name>.data:$O1$$</name>
         <load_address>0x2001e0c4</load_address>
         <run_address>0x2001e0c4</run_address>
         <size>0xc</size>
         <input_file_ref idref="fl-c6"/>
      </object_component>
      <object_component id="oc-414">
         <name>.data:$O1$$</name>
         <load_address>0x2001e0d0</load_address>
         <run_address>0x2001e0d0</run_address>
         <size>0xc</size>
         <input_file_ref idref="fl-c9"/>
      </object_component>
      <object_component id="oc-77">
         <name>.data</name>
         <load_address>0x2001e0fc</load_address>
         <run_address>0x2001e0fc</run_address>
         <size>0x4</size>
         <input_file_ref idref="fl-ce"/>
      </object_component>
      <object_component id="oc-b3">
         <name>.data:$O1$$</name>
         <load_address>0x2001e0e8</load_address>
         <run_address>0x2001e0e8</run_address>
         <size>0x8</size>
         <input_file_ref idref="fl-d1"/>
      </object_component>
      <object_component id="oc-1de">
         <name>.data:_ftable</name>
         <load_address>0x2001dee8</load_address>
         <run_address>0x2001dee8</run_address>
         <size>0xf0</size>
         <input_file_ref idref="fl-d8"/>
      </object_component>
      <object_component id="oc-433">
         <name>.data</name>
         <load_address>0x2001e0b4</load_address>
         <run_address>0x2001e0b4</run_address>
         <size>0x10</size>
         <input_file_ref idref="fl-d8"/>
      </object_component>
      <object_component id="oc-4ab">
         <name>.data:_device</name>
         <load_address>0x2001dfd8</load_address>
         <run_address>0x2001dfd8</run_address>
         <size>0x78</size>
         <input_file_ref idref="fl-e9"/>
      </object_component>
      <object_component id="oc-438">
         <name>.data:_stream</name>
         <load_address>0x2001e050</load_address>
         <run_address>0x2001e050</run_address>
         <size>0x50</size>
         <input_file_ref idref="fl-e9"/>
      </object_component>
      <object_component id="oc-45a">
         <name>.data</name>
         <load_address>0x2001e0f0</load_address>
         <run_address>0x2001e0f0</run_address>
         <size>0x4</size>
         <input_file_ref idref="fl-eb"/>
      </object_component>
      <object_component id="oc-4e3">
         <name>.data</name>
         <load_address>0x2001e0f4</load_address>
         <run_address>0x2001e0f4</run_address>
         <size>0x4</size>
         <input_file_ref idref="fl-fa"/>
      </object_component>
      <object_component id="oc-51e">
         <name>.data</name>
         <load_address>0x2001e0f8</load_address>
         <run_address>0x2001e0f8</run_address>
         <size>0x4</size>
         <input_file_ref idref="fl-fb"/>
      </object_component>
      <object_component id="oc-169">
         <name>.bss:txBuffer</name>
         <uninitialized>true</uninitialized>
         <run_address>0x2001ded0</run_address>
         <size>0x8</size>
         <input_file_ref idref="fl-3"/>
      </object_component>
      <object_component id="oc-163">
         <name>.bss:rxBufferA</name>
         <uninitialized>true</uninitialized>
         <run_address>0x2001dec0</run_address>
         <size>0x8</size>
         <input_file_ref idref="fl-3"/>
      </object_component>
      <object_component id="oc-166">
         <name>.bss:rxBufferB</name>
         <uninitialized>true</uninitialized>
         <run_address>0x2001dec8</run_address>
         <size>0x8</size>
         <input_file_ref idref="fl-3"/>
      </object_component>
      <object_component id="oc-305">
         <name>.bss</name>
         <uninitialized>true</uninitialized>
         <run_address>0x2001dee0</run_address>
         <size>0x4</size>
         <input_file_ref idref="fl-6"/>
      </object_component>
      <object_component id="oc-564">
         <name>.bss:_CIOBUF_</name>
         <uninitialized>true</uninitialized>
         <run_address>0x2001dc00</run_address>
         <size>0x120</size>
         <input_file_ref idref="fl-f9"/>
      </object_component>
      <object_component id="oc-27c">
         <name>.common:g_ucLED1Pin</name>
         <uninitialized>true</uninitialized>
         <run_address>0x2001dee4</run_address>
         <size>0x1</size>
      </object_component>
      <object_component id="oc-27f">
         <name>.common:g_ucLED2Pin</name>
         <uninitialized>true</uninitialized>
         <run_address>0x2001dee5</run_address>
         <size>0x1</size>
      </object_component>
      <object_component id="oc-280">
         <name>.common:g_ucLED3Pin</name>
         <uninitialized>true</uninitialized>
         <run_address>0x2001dee6</run_address>
         <size>0x1</size>
      </object_component>
      <object_component id="oc-23c">
         <name>.common:iDone</name>
         <uninitialized>true</uninitialized>
         <run_address>0x2001dee7</run_address>
         <size>0x1</size>
      </object_component>
      <object_component id="oc-240">
         <name>.common:gfpAppCallbackHndl</name>
         <uninitialized>true</uninitialized>
         <run_address>0x2001dd20</run_address>
         <size>0x100</size>
      </object_component>
      <object_component id="oc-23f">
         <name>.common:gpCtlTbl</name>
         <uninitialized>true</uninitialized>
         <run_address>0x2001d800</run_address>
         <size>0x400</size>
      </object_component>
      <object_component id="oc-52d">
         <name>.common:__TI_tmpnams</name>
         <uninitialized>true</uninitialized>
         <run_address>0x2001de20</run_address>
         <size>0xa0</size>
      </object_component>
      <object_component id="oc-538">
         <name>.common:parmbuf</name>
         <uninitialized>true</uninitialized>
         <run_address>0x2001ded8</run_address>
         <size>0x8</size>
      </object_component>
      <object_component id="oc-2a">
         <name>.sysmem</name>
         <uninitialized>true</uninitialized>
         <run_address>0x2001d000</run_address>
         <size>0x8</size>
         <input_file_ref idref="fl-c9"/>
      </object_component>
      <object_component id="oc-5b6">
         <name>.sysmem</name>
         <uninitialized>true</uninitialized>
         <run_address>0x2001d000</run_address>
         <size>0x0</size>
      </object_component>
      <object_component id="oc-29">
         <name>.stack</name>
         <uninitialized>true</uninitialized>
         <run_address>0x2003f800</run_address>
         <size>0x0</size>
         <input_file_ref idref="fl-c2"/>
      </object_component>
      <object_component id="oc-5b5">
         <name>.stack</name>
         <uninitialized>true</uninitialized>
         <run_address>0x2003f800</run_address>
         <size>0x0</size>
      </object_component>
      <object_component id="oc-27d">
         <name>.debug_info</name>
         <load_address>0x0</load_address>
         <run_address>0x0</run_address>
         <size>0x342</size>
         <input_file_ref idref="fl-2"/>
      </object_component>
      <object_component id="oc-282">
         <name>.debug_info</name>
         <load_address>0x342</load_address>
         <run_address>0x342</run_address>
         <size>0xee</size>
         <input_file_ref idref="fl-2"/>
      </object_component>
      <object_component id="oc-27a">
         <name>.debug_info</name>
         <load_address>0x430</load_address>
         <run_address>0x430</run_address>
         <size>0x14f</size>
         <input_file_ref idref="fl-2"/>
      </object_component>
      <object_component id="oc-145">
         <name>.debug_info</name>
         <load_address>0x57f</load_address>
         <run_address>0x57f</run_address>
         <size>0xef3</size>
         <input_file_ref idref="fl-2"/>
      </object_component>
      <object_component id="oc-3c4">
         <name>.debug_info</name>
         <load_address>0x1472</load_address>
         <run_address>0x1472</run_address>
         <size>0xc8</size>
         <input_file_ref idref="fl-2"/>
      </object_component>
      <object_component id="oc-41e">
         <name>.debug_info</name>
         <load_address>0x153a</load_address>
         <run_address>0x153a</run_address>
         <size>0x62</size>
         <input_file_ref idref="fl-2"/>
      </object_component>
      <object_component id="oc-3c">
         <name>.debug_info</name>
         <load_address>0x159c</load_address>
         <run_address>0x159c</run_address>
         <size>0x84</size>
         <input_file_ref idref="fl-2"/>
      </object_component>
      <object_component id="oc-1c4">
         <name>.debug_info</name>
         <load_address>0x1620</load_address>
         <run_address>0x1620</run_address>
         <size>0x2c</size>
         <input_file_ref idref="fl-2"/>
      </object_component>
      <object_component id="oc-1e3">
         <name>.debug_info</name>
         <load_address>0x164c</load_address>
         <run_address>0x164c</run_address>
         <size>0x4e</size>
         <input_file_ref idref="fl-2"/>
      </object_component>
      <object_component id="oc-196">
         <name>.debug_info</name>
         <load_address>0x169a</load_address>
         <run_address>0x169a</run_address>
         <size>0x853</size>
         <input_file_ref idref="fl-3"/>
      </object_component>
      <object_component id="oc-16a">
         <name>.debug_info</name>
         <load_address>0x1eed</load_address>
         <run_address>0x1eed</run_address>
         <size>0xc4</size>
         <input_file_ref idref="fl-3"/>
      </object_component>
      <object_component id="oc-164">
         <name>.debug_info</name>
         <load_address>0x1fb1</load_address>
         <run_address>0x1fb1</run_address>
         <size>0xc6</size>
         <input_file_ref idref="fl-3"/>
      </object_component>
      <object_component id="oc-167">
         <name>.debug_info</name>
         <load_address>0x2077</load_address>
         <run_address>0x2077</run_address>
         <size>0xc6</size>
         <input_file_ref idref="fl-3"/>
      </object_component>
      <object_component id="oc-a9">
         <name>.debug_info</name>
         <load_address>0x213d</load_address>
         <run_address>0x213d</run_address>
         <size>0xcc1</size>
         <input_file_ref idref="fl-3"/>
      </object_component>
      <object_component id="oc-197">
         <name>.debug_info</name>
         <load_address>0x2dfe</load_address>
         <run_address>0x2dfe</run_address>
         <size>0x5a</size>
         <input_file_ref idref="fl-3"/>
      </object_component>
      <object_component id="oc-31c">
         <name>.debug_info</name>
         <load_address>0x2e58</load_address>
         <run_address>0x2e58</run_address>
         <size>0x86</size>
         <input_file_ref idref="fl-3"/>
      </object_component>
      <object_component id="oc-191">
         <name>.debug_info</name>
         <load_address>0x2ede</load_address>
         <run_address>0x2ede</run_address>
         <size>0x8b</size>
         <input_file_ref idref="fl-3"/>
      </object_component>
      <object_component id="oc-242">
         <name>.debug_info</name>
         <load_address>0x2f69</load_address>
         <run_address>0x2f69</run_address>
         <size>0x2c</size>
         <input_file_ref idref="fl-3"/>
      </object_component>
      <object_component id="oc-179">
         <name>.debug_info</name>
         <load_address>0x2f95</load_address>
         <run_address>0x2f95</run_address>
         <size>0x43a</size>
         <input_file_ref idref="fl-4"/>
      </object_component>
      <object_component id="oc-35">
         <name>.debug_info</name>
         <load_address>0x33cf</load_address>
         <run_address>0x33cf</run_address>
         <size>0x182</size>
         <input_file_ref idref="fl-5"/>
      </object_component>
      <object_component id="oc-10">
         <name>.debug_info</name>
         <load_address>0x3551</load_address>
         <run_address>0x3551</run_address>
         <size>0x101</size>
         <input_file_ref idref="fl-5"/>
      </object_component>
      <object_component id="oc-2e">
         <name>.debug_info</name>
         <load_address>0x3652</load_address>
         <run_address>0x3652</run_address>
         <size>0x422</size>
         <input_file_ref idref="fl-5"/>
      </object_component>
      <object_component id="oc-309">
         <name>.debug_info</name>
         <load_address>0x3a74</load_address>
         <run_address>0x3a74</run_address>
         <size>0x3e4</size>
         <input_file_ref idref="fl-6"/>
      </object_component>
      <object_component id="oc-306">
         <name>.debug_info</name>
         <load_address>0x3e58</load_address>
         <run_address>0x3e58</run_address>
         <size>0xf8</size>
         <input_file_ref idref="fl-6"/>
      </object_component>
      <object_component id="oc-185">
         <name>.debug_info</name>
         <load_address>0x3f50</load_address>
         <run_address>0x3f50</run_address>
         <size>0x8d4</size>
         <input_file_ref idref="fl-6"/>
      </object_component>
      <object_component id="oc-30a">
         <name>.debug_info</name>
         <load_address>0x4824</load_address>
         <run_address>0x4824</run_address>
         <size>0x110</size>
         <input_file_ref idref="fl-6"/>
      </object_component>
      <object_component id="oc-23d">
         <name>.debug_info</name>
         <load_address>0x4934</load_address>
         <run_address>0x4934</run_address>
         <size>0x60b</size>
         <input_file_ref idref="fl-7"/>
      </object_component>
      <object_component id="oc-f1">
         <name>.debug_info</name>
         <load_address>0x4f3f</load_address>
         <run_address>0x4f3f</run_address>
         <size>0xeae</size>
         <input_file_ref idref="fl-7"/>
      </object_component>
      <object_component id="oc-25">
         <name>.debug_info</name>
         <load_address>0x5ded</load_address>
         <run_address>0x5ded</run_address>
         <size>0x160</size>
         <input_file_ref idref="fl-c2"/>
      </object_component>
      <object_component id="oc-87">
         <name>.debug_info</name>
         <load_address>0x5f4d</load_address>
         <run_address>0x5f4d</run_address>
         <size>0x165</size>
         <input_file_ref idref="fl-c3"/>
      </object_component>
      <object_component id="oc-15">
         <name>.debug_info</name>
         <load_address>0x60b2</load_address>
         <run_address>0x60b2</run_address>
         <size>0x245</size>
         <input_file_ref idref="fl-c3"/>
      </object_component>
      <object_component id="oc-37">
         <name>.debug_info</name>
         <load_address>0x62f7</load_address>
         <run_address>0x62f7</run_address>
         <size>0x60</size>
         <input_file_ref idref="fl-c3"/>
      </object_component>
      <object_component id="oc-82">
         <name>.debug_info</name>
         <load_address>0x6357</load_address>
         <run_address>0x6357</run_address>
         <size>0x46</size>
         <input_file_ref idref="fl-c3"/>
      </object_component>
      <object_component id="oc-4c">
         <name>.debug_info</name>
         <load_address>0x639d</load_address>
         <run_address>0x639d</run_address>
         <size>0x1ac</size>
         <input_file_ref idref="fl-c4"/>
      </object_component>
      <object_component id="oc-1c">
         <name>.debug_info</name>
         <load_address>0x6549</load_address>
         <run_address>0x6549</run_address>
         <size>0x1df</size>
         <input_file_ref idref="fl-c4"/>
      </object_component>
      <object_component id="oc-47">
         <name>.debug_info</name>
         <load_address>0x6728</load_address>
         <run_address>0x6728</run_address>
         <size>0x46</size>
         <input_file_ref idref="fl-c4"/>
      </object_component>
      <object_component id="oc-89">
         <name>.debug_info</name>
         <load_address>0x676e</load_address>
         <run_address>0x676e</run_address>
         <size>0x2c</size>
         <input_file_ref idref="fl-c4"/>
      </object_component>
      <object_component id="oc-58">
         <name>.debug_info</name>
         <load_address>0x679a</load_address>
         <run_address>0x679a</run_address>
         <size>0x19b</size>
         <input_file_ref idref="fl-c5"/>
      </object_component>
      <object_component id="oc-1f">
         <name>.debug_info</name>
         <load_address>0x6935</load_address>
         <run_address>0x6935</run_address>
         <size>0x1aa</size>
         <input_file_ref idref="fl-c5"/>
      </object_component>
      <object_component id="oc-53">
         <name>.debug_info</name>
         <load_address>0x6adf</load_address>
         <run_address>0x6adf</run_address>
         <size>0x46</size>
         <input_file_ref idref="fl-c5"/>
      </object_component>
      <object_component id="oc-91">
         <name>.debug_info</name>
         <load_address>0x6b25</load_address>
         <run_address>0x6b25</run_address>
         <size>0x2c</size>
         <input_file_ref idref="fl-c5"/>
      </object_component>
      <object_component id="oc-b7">
         <name>.debug_info</name>
         <load_address>0x6b51</load_address>
         <run_address>0x6b51</run_address>
         <size>0x2a0</size>
         <input_file_ref idref="fl-c6"/>
      </object_component>
      <object_component id="oc-b1">
         <name>.debug_info</name>
         <load_address>0x6df1</load_address>
         <run_address>0x6df1</run_address>
         <size>0x185</size>
         <input_file_ref idref="fl-c6"/>
      </object_component>
      <object_component id="oc-72">
         <name>.debug_info</name>
         <load_address>0x6f76</load_address>
         <run_address>0x6f76</run_address>
         <size>0x214</size>
         <input_file_ref idref="fl-c6"/>
      </object_component>
      <object_component id="oc-43">
         <name>.debug_info</name>
         <load_address>0x718a</load_address>
         <run_address>0x718a</run_address>
         <size>0x111</size>
         <input_file_ref idref="fl-c7"/>
      </object_component>
      <object_component id="oc-413">
         <name>.debug_info</name>
         <load_address>0x729b</load_address>
         <run_address>0x729b</run_address>
         <size>0x198</size>
         <input_file_ref idref="fl-c8"/>
      </object_component>
      <object_component id="oc-2fa">
         <name>.debug_info</name>
         <load_address>0x7433</load_address>
         <run_address>0x7433</run_address>
         <size>0x1ab</size>
         <input_file_ref idref="fl-c8"/>
      </object_component>
      <object_component id="oc-7d">
         <name>.debug_info</name>
         <load_address>0x75de</load_address>
         <run_address>0x75de</run_address>
         <size>0x28e</size>
         <input_file_ref idref="fl-c9"/>
      </object_component>
      <object_component id="oc-2b">
         <name>.debug_info</name>
         <load_address>0x786c</load_address>
         <run_address>0x786c</run_address>
         <size>0x101</size>
         <input_file_ref idref="fl-c9"/>
      </object_component>
      <object_component id="oc-415">
         <name>.debug_info</name>
         <load_address>0x796d</load_address>
         <run_address>0x796d</run_address>
         <size>0x14c</size>
         <input_file_ref idref="fl-c9"/>
      </object_component>
      <object_component id="oc-302">
         <name>.debug_info</name>
         <load_address>0x7ab9</load_address>
         <run_address>0x7ab9</run_address>
         <size>0x885</size>
         <input_file_ref idref="fl-c9"/>
      </object_component>
      <object_component id="oc-bd">
         <name>.debug_info</name>
         <load_address>0x833e</load_address>
         <run_address>0x833e</run_address>
[...]
         <name>fputc</name>
         <value>0x20007b39</value>
         <object_component_ref idref="oc-1cc"/>
      </symbol>
      <symbol id="sm-5a7">
         <name>putchar</name>
         <value>0x20007bbd</value>
         <object_component_ref idref="oc-1cc"/>
      </symbol>
      <symbol id="sm-5c9">
         <name>puts</name>
         <value>0x20007225</value>
         <object_component_ref idref="oc-1d2"/>
      </symbol>
      <symbol id="sm-5ca">
         <name>fputs</name>
         <value>0x20007119</value>
         <object_component_ref idref="oc-1d2"/>
      </symbol>
      <symbol id="sm-5d4">
         <name>__aeabi_i2d</name>
         <value>0x20008d11</value>
         <object_component_ref idref="oc-361"/>
      </symbol>
      <symbol id="sm-5e3">
         <name>ltoa</name>
         <value>0x20008759</value>
         <object_component_ref idref="oc-35b"/>
      </symbol>
      <symbol id="sm-5f3">
         <name>memccpy</name>
         <value>0x20008f9f</value>
         <object_component_ref idref="oc-383"/>
      </symbol>
      <symbol id="sm-603">
         <name>memchr</name>
         <value>0x20008f09</value>
         <object_component_ref idref="oc-335"/>
      </symbol>
      <symbol id="sm-61e">
         <name>frexpl</name>
         <value>0x2000854d</value>
         <object_component_ref idref="oc-36b"/>
      </symbol>
      <symbol id="sm-61f">
         <name>frexp</name>
         <value>0x2000854d</value>
         <object_component_ref idref="oc-36b"/>
      </symbol>
      <symbol id="sm-63d">
         <name>scalbn</name>
         <value>0x20007515</value>
         <object_component_ref idref="oc-371"/>
      </symbol>
      <symbol id="sm-63e">
         <name>scalbnl</name>
         <value>0x20007515</value>
         <object_component_ref idref="oc-371"/>
      </symbol>
      <symbol id="sm-63f">
         <name>ldexpl</name>
         <value>0x20007515</value>
         <object_component_ref idref="oc-371"/>
      </symbol>
      <symbol id="sm-640">
         <name>ldexp</name>
         <value>0x20007515</value>
         <object_component_ref idref="oc-371"/>
      </symbol>
      <symbol id="sm-64a">
         <name>_system_post_cinit</name>
         <value>0x20007117</value>
         <object_component_ref idref="oc-a0"/>
      </symbol>
      <symbol id="sm-65a">
         <name>strchr</name>
         <value>0x20009151</value>
         <object_component_ref idref="oc-377"/>
      </symbol>
      <symbol id="sm-676">
         <name>__aeabi_uldivmod</name>
         <value>0x200065b1</value>
         <object_component_ref idref="oc-33d"/>
      </symbol>
      <symbol id="sm-69c">
         <name>_stream</name>
         <value>0x2001e050</value>
         <object_component_ref idref="oc-438"/>
      </symbol>
      <symbol id="sm-69d">
         <name>_device</name>
         <value>0x2001dfd8</value>
         <object_component_ref idref="oc-4ab"/>
      </symbol>
      <symbol id="sm-69e">
         <name>write</name>
         <value>0x20008de9</value>
         <object_component_ref idref="oc-32d"/>
      </symbol>
      <symbol id="sm-6bc">
         <name>__TI_wrt_ok</name>
         <value>0x20007769</value>
         <object_component_ref idref="oc-321"/>
      </symbol>
      <symbol id="sm-6bd">
         <name>__TI_rd_ok</name>
         <value>0x200077cb</value>
         <object_component_ref idref="oc-321"/>
      </symbol>
      <symbol id="sm-6c5">
         <name>errno</name>
         <value>0x2001e0f0</value>
         <object_component_ref idref="oc-45a"/>
      </symbol>
      <symbol id="sm-6df">
         <name>__TI_doflush</name>
         <value>0x200075e5</value>
         <object_component_ref idref="oc-327"/>
      </symbol>
      <symbol id="sm-6e0">
         <name>fflush</name>
         <value>0x20007631</value>
         <object_component_ref idref="oc-327"/>
      </symbol>
      <symbol id="sm-6f2">
         <name>fseek</name>
         <value>0x20008365</value>
         <object_component_ref idref="oc-425"/>
      </symbol>
      <symbol id="sm-703">
         <name>HOSTclose</name>
         <value>0x20008a91</value>
         <object_component_ref idref="oc-4ee"/>
      </symbol>
      <symbol id="sm-714">
         <name>HOSTlseek</name>
         <value>0x20008295</value>
         <object_component_ref idref="oc-500"/>
      </symbol>
      <symbol id="sm-726">
         <name>parmbuf</name>
         <value>0x2001ded8</value>
      </symbol>
      <symbol id="sm-727">
         <name>HOSTopen</name>
         <value>0x20008491</value>
         <object_component_ref idref="oc-4e8"/>
      </symbol>
      <symbol id="sm-738">
         <name>HOSTread</name>
         <value>0x20008601</value>
         <object_component_ref idref="oc-4f4"/>
      </symbol>
      <symbol id="sm-749">
         <name>HOSTrename</name>
         <value>0x200081c1</value>
         <object_component_ref idref="oc-50c"/>
      </symbol>
      <symbol id="sm-75a">
         <name>HOSTunlink</name>
         <value>0x20008ad5</value>
         <object_component_ref idref="oc-506"/>
      </symbol>
      <symbol id="sm-76b">
         <name>HOSTwrite</name>
         <value>0x20008659</value>
         <object_component_ref idref="oc-4fa"/>
      </symbol>
      <symbol id="sm-77b">
         <name>lseek</name>
         <value>0x20008dc1</value>
         <object_component_ref idref="oc-490"/>
      </symbol>
      <symbol id="sm-785">
         <name>copysign</name>
         <value>0x20009287</value>
         <object_component_ref idref="oc-454"/>
      </symbol>
      <symbol id="sm-786">
         <name>copysignl</name>
         <value>0x20009287</value>
         <object_component_ref idref="oc-454"/>
      </symbol>
      <symbol id="sm-7a2">
         <name>setvbuf</name>
         <value>0x20007439</value>
         <object_component_ref idref="oc-42b"/>
      </symbol>
      <symbol id="sm-7b0">
         <name>strcpy</name>
         <value>0x200091cd</value>
         <object_component_ref idref="oc-546"/>
      </symbol>
      <symbol id="sm-7cb">
         <name>__TI_readmsg</name>
         <value>0x2000832f</value>
         <object_component_ref idref="oc-532"/>
      </symbol>
      <symbol id="sm-7cc">
         <name>C$$IO$$</name>
         <value>0x2000832b</value>
         <object_component_ref idref="oc-532"/>
      </symbol>
      <symbol id="sm-7cd">
         <name>__CIOBUF_</name>
         <value>0x2001dc00</value>
         <object_component_ref idref="oc-564"/>
      </symbol>
      <symbol id="sm-7ce">
         <name>__TI_writemsg</name>
         <value>0x200082fd</value>
         <object_component_ref idref="oc-532"/>
      </symbol>
      <symbol id="sm-800">
         <name>__TI_cleanup</name>
         <value>0x20006a39</value>
         <object_component_ref idref="oc-498"/>
      </symbol>
      <symbol id="sm-801">
         <name>freopen</name>
         <value>0x20006a65</value>
         <object_component_ref idref="oc-498"/>
      </symbol>
      <symbol id="sm-802">
         <name>fopen</name>
         <value>0x20006a8f</value>
         <object_component_ref idref="oc-498"/>
      </symbol>
      <symbol id="sm-81f">
         <name>open</name>
         <value>0x200076ad</value>
         <object_component_ref idref="oc-4d7"/>
      </symbol>
      <symbol id="sm-835">
         <name>__TI_closefile</name>
         <value>0x20007aa1</value>
         <object_component_ref idref="oc-4dd"/>
      </symbol>
      <symbol id="sm-836">
         <name>fclose</name>
         <value>0x20007b07</value>
         <object_component_ref idref="oc-4dd"/>
      </symbol>
      <symbol id="sm-850">
         <name>finddevice</name>
         <value>0x200080e1</value>
         <object_component_ref idref="oc-518"/>
      </symbol>
      <symbol id="sm-851">
         <name>getdevice</name>
         <value>0x2000810b</value>
         <object_component_ref idref="oc-518"/>
      </symbol>
      <symbol id="sm-861">
         <name>strcmp</name>
         <value>0x2000910d</value>
         <object_component_ref idref="oc-54e"/>
      </symbol>
      <symbol id="sm-871">
         <name>strncpy</name>
         <value>0x20008c47</value>
         <object_component_ref idref="oc-554"/>
      </symbol>
      <symbol id="sm-881">
         <name>unlink</name>
         <value>0x20008d6d</value>
         <object_component_ref idref="oc-527"/>
      </symbol>
      <symbol id="sm-895">
         <name>close</name>
         <value>0x200084f1</value>
         <object_component_ref idref="oc-521"/>
      </symbol>
      <symbol id="sm-8eb">
         <name>GPIOIntRegister</name>
         <value>0x20008f29</value>
         <object_component_ref idref="oc-267"/>
      </symbol>
      <symbol id="sm-8ec">
         <name>GPIOIntEnable</name>
         <value>0x20009011</value>
         <object_component_ref idref="oc-273"/>
      </symbol>
      <symbol id="sm-8ed">
         <name>GPIOIntTypeSet</name>
         <value>0x20007e81</value>
         <object_component_ref idref="oc-261"/>
      </symbol>
      <symbol id="sm-8ee">
         <name>GPIOIntClear</name>
         <value>0x20009191</value>
         <object_component_ref idref="oc-26d"/>
      </symbol>
      <symbol id="sm-8ef">
         <name>GPIOPinRead</name>
         <value>0x20009093</value>
         <object_component_ref idref="oc-16c"/>
      </symbol>
      <symbol id="sm-8f0">
         <name>GPIODirModeSet</name>
         <value>0x20008c11</value>
         <object_component_ref idref="oc-2be"/>
      </symbol>
      <symbol id="sm-8f1">
         <name>GPIOPinWrite</name>
         <value>0x20008ec7</value>
         <object_component_ref idref="oc-172"/>
      </symbol>
      <symbol id="sm-969">
         <name>IntPrioritySet</name>
         <value>0x200086b1</value>
         <object_component_ref idref="oc-1f4"/>
      </symbol>
      <symbol id="sm-96a">
         <name>IntVTableBaseSet</name>
         <value>0x200091a5</value>
         <object_component_ref idref="oc-14b"/>
      </symbol>
      <symbol id="sm-96b">
         <name>IntEnable</name>
         <value>0x200078bd</value>
         <object_component_ref idref="oc-157"/>
      </symbol>
      <symbol id="sm-96c">
         <name>IntDisable</name>
         <value>0x20007815</value>
         <object_component_ref idref="oc-3b1"/>
      </symbol>
      <symbol id="sm-96d">
         <name>IntRegister</name>
         <value>0x20008ee9</value>
         <object_component_ref idref="oc-252"/>
      </symbol>
      <symbol id="sm-96e">
         <name>IntUnregister</name>
         <value>0x20008e39</value>
         <object_component_ref idref="oc-3b7"/>
      </symbol>
      <symbol id="sm-96f">
         <name>IntMasterEnable</name>
         <value>0x2000927d</value>
         <object_component_ref idref="oc-151"/>
      </symbol>
      <symbol id="sm-9ae">
         <name>PinTypeUART</name>
         <value>0x20009045</value>
         <object_component_ref idref="oc-2c4"/>
      </symbol>
      <symbol id="sm-9af">
         <name>PinTypeGPIO</name>
         <value>0x20008cb1</value>
         <object_component_ref idref="oc-2b8"/>
      </symbol>
      <symbol id="sm-9b0">
         <name>PinConfigSet</name>
         <value>0x20007c65</value>
         <object_component_ref idref="oc-3ed"/>
      </symbol>
      <symbol id="sm-9b1">
         <name>PinTypeSPI</name>
         <value>0x2000902b</value>
         <object_component_ref idref="oc-2ca"/>
      </symbol>
      <symbol id="sm-9b2">
         <name>PinModeSet</name>
         <value>0x20008b19</value>
         <object_component_ref idref="oc-2b2"/>
      </symbol>
      <symbol id="sm-a38">
         <name>PRCMPeripheralReset</name>
         <value>0x200085a9</value>
         <object_component_ref idref="oc-18a"/>
      </symbol>
      <symbol id="sm-a39">
         <name>PRCMPeripheralClkEnable</name>
         <value>0x20008b99</value>
         <object_component_ref idref="oc-17e"/>
      </symbol>
      <symbol id="sm-a3a">
         <name>PRCMPeripheralClockGet</name>
         <value>0x20007bd1</value>
         <object_component_ref idref="oc-108"/>
      </symbol>
      <symbol id="sm-a3b">
         <name>PRCMCC3200MCUInit</name>
         <value>0x20006e69</value>
         <object_component_ref idref="oc-15d"/>
      </symbol>
      <symbol id="sm-a3c">
         <name>PRCMHIBRegWrite</name>
         <value>0x2000913b</value>
         <object_component_ref idref="oc-29d"/>
      </symbol>
      <symbol id="sm-a3d">
         <name>PRCMSysResetCauseGet</name>
         <value>0x20008d41</value>
         <object_component_ref idref="oc-291"/>
      </symbol>
      <symbol id="sm-a3e">
         <name>PRCMPeripheralClkDisable</name>
         <value>0x20008d99</value>
         <object_component_ref idref="oc-2a3"/>
      </symbol>
      <symbol id="sm-a3f">
         <name>PRCMHIBRegRead</name>
         <value>0x20009125</value>
         <object_component_ref idref="oc-297"/>
      </symbol>
      <symbol id="sm-ae3">
         <name>SPICSEnable</name>
         <value>0x200090ab</value>
         <object_component_ref idref="oc-120"/>
      </symbol>
      <symbol id="sm-ae4">
         <name>SPIFIFOEnable</name>
         <value>0x20009079</value>
         <object_component_ref idref="oc-132"/>
      </symbol>
      <symbol id="sm-ae5">
         <name>SPIEnable</name>
         <value>0x200090c3</value>
         <object_component_ref idref="oc-11a"/>
      </symbol>
      <symbol id="sm-ae6">
         <name>SPIDmaEnable</name>
         <value>0x2000905f</value>
         <object_component_ref idref="oc-13e"/>
      </symbol>
      <symbol id="sm-ae7">
         <name>SPIConfigSetExpClk</name>
         <value>0x20007965</value>
         <object_component_ref idref="oc-10e"/>
      </symbol>
      <symbol id="sm-ae8">
         <name>SPIIntRegister</name>
         <value>0x20008f47</value>
         <object_component_ref idref="oc-114"/>
      </symbol>
      <symbol id="sm-ae9">
         <name>SPIFIFOLevelSet</name>
         <value>0x20008c7d</value>
         <object_component_ref idref="oc-12c"/>
      </symbol>
      <symbol id="sm-aea">
         <name>SPIReset</name>
         <value>0x20008ea5</value>
         <object_component_ref idref="oc-102"/>
      </symbol>
      <symbol id="sm-aeb">
         <name>SPIIntStatus</name>
         <value>0x20007f05</value>
         <object_component_ref idref="oc-d8"/>
      </symbol>
      <symbol id="sm-aec">
         <name>SPIIntEnable</name>
         <value>0x200087ad</value>
         <object_component_ref idref="oc-138"/>
      </symbol>
      <symbol id="sm-aed">
         <name>SPIIntClear</name>
         <value>0x200089bd</value>
         <object_component_ref idref="oc-de"/>
      </symbol>
      <symbol id="sm-b29">
         <name>UARTConfigSetExpClk</name>
         <value>0x20007ffb</value>
         <object_component_ref idref="oc-2d5"/>
      </symbol>
      <symbol id="sm-b2a">
         <name>UARTDisable</name>
         <value>0x20008ce1</value>
         <object_component_ref idref="oc-3f9"/>
      </symbol>
      <symbol id="sm-b2b">
         <name>UARTCharsAvail</name>
         <value>0x200090db</value>
         <object_component_ref idref="oc-2e7"/>
      </symbol>
      <symbol id="sm-b2c">
         <name>UARTCharGetNonBlocking</name>
         <value>0x20008f83</value>
         <object_component_ref idref="oc-2ed"/>
      </symbol>
      <symbol id="sm-b2d">
         <name>UARTCharPut</name>
         <value>0x20008f65</value>
         <object_component_ref idref="oc-2db"/>
      </symbol>
      <symbol id="sm-b2e">
         <name>UARTEnable</name>
         <value>0x20008e5d</value>
         <object_component_ref idref="oc-3ff"/>
      </symbol>
      <symbol id="sm-bf3">
         <name>uDMAChannelControlSet</name>
         <value>0x20008bd5</value>
         <object_component_ref idref="oc-22a"/>
      </symbol>
      <symbol id="sm-bf4">
         <name>uDMAIntClear</name>
         <value>0x20009209</value>
         <object_component_ref idref="oc-1ee"/>
      </symbol>
      <symbol id="sm-bf5">
         <name>uDMAChannelIsEnabled</name>
         <value>0x20008e11</value>
         <object_component_ref idref="oc-f6"/>
      </symbol>
      <symbol id="sm-bf6">
         <name>uDMAChannelDisable</name>
         <value>0x20008fbd</value>
         <object_component_ref idref="oc-218"/>
      </symbol>
      <symbol id="sm-bf7">
         <name>uDMAChannelModeGet</name>
         <value>0x20008929</value>
         <object_component_ref idref="oc-e4"/>
      </symbol>
      <symbol id="sm-bf8">
         <name>uDMAIntUnregister</name>
         <value>0x2000921d</value>
         <object_component_ref idref="oc-21e"/>
      </symbol>
      <symbol id="sm-bf9">
         <name>uDMAChannelAttributeEnable</name>
         <value>0x2000842d</value>
         <object_component_ref idref="oc-230"/>
      </symbol>
      <symbol id="sm-bfa">
         <name>uDMADisable</name>
         <value>0x20009259</value>
         <object_component_ref idref="oc-224"/>
      </symbol>
      <symbol id="sm-bfb">
         <name>uDMAChannelTransferSet</name>
         <value>0x20007349</value>
         <object_component_ref idref="oc-236"/>
      </symbol>
      <symbol id="sm-bfc">
         <name>uDMAIntStatus</name>
         <value>0x20009271</value>
         <object_component_ref idref="oc-1e8"/>
      </symbol>
      <symbol id="sm-bfd">
         <name>uDMAChannelAssign</name>
         <value>0x200088dd</value>
         <object_component_ref idref="oc-126"/>
      </symbol>
      <symbol id="sm-bfe">
         <name>uDMAIntRegister</name>
         <value>0x20009167</value>
         <object_component_ref idref="oc-1fa"/>
      </symbol>
      <symbol id="sm-bff">
         <name>uDMAEnable</name>
         <value>0x20009265</value>
         <object_component_ref idref="oc-200"/>
      </symbol>
      <symbol id="sm-c00">
         <name>uDMAControlBaseSet</name>
         <value>0x200091f5</value>
         <object_component_ref idref="oc-206"/>
      </symbol>
      <symbol id="sm-c01">
         <name>uDMAChannelAttributeDisable</name>
         <value>0x200083c9</value>
         <object_component_ref idref="oc-20c"/>
      </symbol>
      <symbol id="sm-c02">
         <name>uDMAChannelEnable</name>
         <value>0x20008fd9</value>
         <object_component_ref idref="oc-fc"/>
      </symbol>
      <symbol id="sm-c03">
         <name>uDMAChannelRequest</name>
         <value>0x20008ff5</value>
         <object_component_ref idref="oc-212"/>
      </symbol>
      <symbol id="sm-c07">
         <name>UtilsDelay</name>
         <value>0x2000928f</value>
         <object_component_ref idref="oc-14a"/>
      </symbol>
      <symbol id="sm-c11">
         <name>CPUcpsie</name>
         <value>0x2000917d</value>
         <object_component_ref idref="oc-286"/>
      </symbol>
      <symbol id="sm-c13">
         <name>__TI_static_base__</name>
         <value>0x200096d8</value>
      </symbol>
      <symbol id="sm-c16">
         <name>SHT$$INIT_ARRAY$$Limit</name>
         <value>0x0</value>
      </symbol>
      <symbol id="sm-c17">
         <name>SHT$$INIT_ARRAY$$Base</name>
         <value>0x0</value>
      </symbol>
      <symbol id="sm-c18">
         <name>remove</name>
         <value>0x20008d6d</value>
      </symbol>
   </symbol_table>
   <title>Link successful</title>
</link_info>
