******************************************************************************
                  TI ARM Linker PC v16.9.4                     
******************************************************************************
>> Linked Tue Nov 14 18:00:18 2017

OUTPUT FILE NAME:   <EEC284_Milestone2_NoDMA.out>
ENTRY POINT SYMBOL: "_c_int00"  address: 200097d1


MEMORY CONFIGURATION

         name            origin    length      used     unused   attr    fill
----------------------  --------  ---------  --------  --------  ----  --------
  SRAM_CODE             20004000   00019000  00006314  00012cec  RW X
  SRAM_DATA             2001d000   00023000  0001106d  00011f93  RW X


SEGMENT ALLOCATION MAP

run origin  load origin   length   init length attrs members
----------  ----------- ---------- ----------- ----- -------
20004000    20004000    00006318   00006318    r-x
  20004000    20004000    00000400   00000400    r-- .intvecs
  20004400    20004400    0000595c   0000595c    r-x .text
  20009d60    20009d60    00000558   00000558    r-- .const
  2000a2b8    2000a2b8    00000060   00000060    r-- .cinit
2001d000    2001d000    00010870   00000000    rw-
  2001d000    2001d000    00010015   00000000    rw- .bss
  2002d018    2002d018    00000800   00000000    rw- .sysmem
  2002d818    2002d818    00000058   00000000    rw- .data
2003f800    2003f800    00000800   00000000    rw-
  2003f800    2003f800    00000800   00000000    rw- .stack


SECTION ALLOCATION MAP

 output                                  attributes/
section   page    origin      length       input sections
--------  ----  ----------  ----------   ----------------
.intvecs   0    20004000    00000400     
                  20004000    00000400     startup_ccs.obj (.intvecs)

.init_array 
*          0    20004000    00000000     UNINITIALIZED

.text      0    20004400    0000595c     
                  20004400    00001122     rtsv7M4_T_le_eabi.lib : _printfi.obj (.text)
                  20005522    00000002                           : mpu_init.obj (.text)
                  20005524    00000824     main.obj (.text)
                  20005d48    00000704     rtsv7M4_T_le_eabi.lib : k_rem_pio2.obj (.text)
                  2000644c    000005c0                           : s_cos.obj (.text)
                  20006a0c    000005c0                           : s_sin.obj (.text)
                  20006fcc    000003d0                           : memory.obj (.text)
                  2000739c    00000398     gpio_if.obj (.text)
                  20007734    00000280     uart_if.obj (.text)
                  200079b4    000001f4     rtsv7M4_T_le_eabi.lib : ull_div_t2.obj (.text)
                  20007ba8    000001b6                           : fd_add_t2.obj (.text)
                  20007d5e    00000002                           : startup.obj (.text)
                  20007d60    0000017c     pin_mux_config.obj (.text)
                  20007edc    00000178     driverlib.a : prcm.obj (.text:PRCMCC3200MCUInit)
                  20008054    00000170     rtsv7M4_T_le_eabi.lib : e_sqrt.obj (.text)
                  200081c4    00000168                           : k_sin.obj (.text)
                  2000832c    00000160                           : k_cos.obj (.text)
                  2000848c    00000136                           : fd_div_t2.obj (.text)
                  200085c2    000000fc                           : fd_mul_t2.obj (.text)
                  200086be    000000fa                           : fs_add_t2.obj (.text)
                  200087b8    000000f4                           : s_floor.obj (.text)
                  200088ac    000000d0     driverlib.a : spi.obj (.text:SPITransfer32)
                  2000897c    000000d0     rtsv7M4_T_le_eabi.lib : s_scalbn.obj (.text)
                  20008a4c    000000ce     driverlib.a : spi.obj (.text:SPITransfer16)
                  20008b1a    000000b8                 : spi.obj (.text:SPITransfer8)
                  20008bd2    00000002     --HOLE-- [fill = 0]
                  20008bd4    000000a8                 : interrupt.obj (.text:IntEnable)
                  20008c7c    000000a0                 : spi.obj (.text:SPIConfigSetExpClk)
                  20008d1c    0000009c     rtsv7M4_T_le_eabi.lib : memcpy_t2.obj (.text)
                  20008db8    00000094     driverlib.a : prcm.obj (.text:PRCMPeripheralClockGet)
                  20008e4c    00000092     rtsv7M4_T_le_eabi.lib : fs_div_t2.obj (.text)
                  20008ede    00000002     --HOLE-- [fill = 0]
                  20008ee0    00000088     driverlib.a : pin.obj (.text:PinConfigSet)
                  20008f68    00000088                 : spi.obj (.text:SPITransfer)
                  20008ff0    00000088     rtsv7M4_T_le_eabi.lib : vsnprintf.obj (.text)
                  20009078    00000086                           : fd_cmp_t2.obj (.text:__aeabi_cdcmple)
                  200090fe    00000086                           : fd_cmp_t2.obj (.text:__aeabi_cdrcmple)
                  20009184    00000082     driverlib.a : gpio.obj (.text:GPIOIntTypeSet)
                  20009206    0000007a     rtsv7M4_T_le_eabi.lib : fs_mul_t2.obj (.text)
                  20009280    0000007a                           : memset_t2.obj (.text)
                  200092fa    00000076     driverlib.a : uart.obj (.text:UARTConfigSetExpClk)
                  20009370    00000070     rtsv7M4_T_le_eabi.lib : autoinit.obj (.text)
                  200093e0    0000006e                           : fd_tos_t2.obj (.text)
                  2000944e    00000068                           : copy_decompress_lzss.obj (.text:decompress:lzss)
                  200094b6    00000002     --HOLE-- [fill = 0]
                  200094b8    0000005c                           : s_frexp.obj (.text)
                  20009514    00000058     driverlib.a : prcm.obj (.text:PRCMPeripheralReset)
                  2000956c    00000054                 : interrupt.obj (.text:IntPrioritySet)
                  200095c0    00000054     rtsv7M4_T_le_eabi.lib : exit.obj (.text)
                  20009614    00000054                           : ltoa.obj (.text)
                  20009668    0000004c                           : atoi.obj (.text)
                  200096b4    0000004c                           : cpy_tbl.obj (.text)
                  20009700    00000048     driverlib.a : gpio.obj (.text:GPIOGetIntNumber)
                  20009748    00000048     rtsv7M4_T_le_eabi.lib : fd_toi_t2.obj (.text)
                  20009790    00000040     driverlib.a : pin.obj (.text:PinModeSet)
                  200097d0    00000040     rtsv7M4_T_le_eabi.lib : boot.obj (.text)
                  20009810    0000003c     driverlib.a : prcm.obj (.text:PRCMPeripheralClkEnable)
                  2000984c    00000038     rtsv7M4_T_le_eabi.lib : fs_tod_t2.obj (.text)
                  20009884    00000038                           : fs_toi_t2.obj (.text)
                  200098bc    00000038                           : i_tofs_t2.obj (.text)
                  200098f4    00000036     driverlib.a : gpio.obj (.text:GPIODirModeSet)
                  2000992a    00000034     rtsv7M4_T_le_eabi.lib : fs_tou_t2.obj (.text)
                  2000995e    00000030     driverlib.a : pin.obj (.text:PinTypeGPIO)
                  2000998e    00000002     --HOLE-- [fill = 0]
                  20009990    00000030                 : uart.obj (.text:UARTDisable)
                  200099c0    0000002e     rtsv7M4_T_le_eabi.lib : i_tofd_t2.obj (.text)
                  200099ee    00000002     --HOLE-- [fill = 0]
                  200099f0    0000002c     driverlib.a : prcm.obj (.text:PRCMSysResetCauseGet)
                  20009a1c    00000028                 : prcm.obj (.text:PRCMPeripheralClkDisable)
                  20009a44    00000024                 : uart.obj (.text:UARTEnable)
                  20009a68    00000024     rtsv7M4_T_le_eabi.lib : memmov.obj (.text)
                  20009a8c    00000024                           : u_tofs_t2.obj (.text)
                  20009ab0    00000022     driverlib.a : spi.obj (.text:SPIReset)
                  20009ad2    00000020                 : gpio.obj (.text:GPIOPinWrite)
                  20009af2    00000002     --HOLE-- [fill = 0]
                  20009af4    00000020                 : interrupt.obj (.text:IntRegister)
                  20009b14    00000020     rtsv7M4_T_le_eabi.lib : u_tofd_t2.obj (.text)
                  20009b34    0000001e     driverlib.a : gpio.obj (.text:GPIOIntRegister)
                  20009b52    0000001e                 : uart.obj (.text:UARTCharPut)
                  20009b70    0000001c                 : uart.obj (.text:UARTCharGetNonBlocking)
                  20009b8c    0000001c     rtsv7M4_T_le_eabi.lib : memccpy.obj (.text)
                  20009ba8    0000001a     driverlib.a : gpio.obj (.text:GPIOIntEnable)
                  20009bc2    0000001a                 : pin.obj (.text:PinTypeSPI)
                  20009bdc    0000001a                 : pin.obj (.text:PinTypeUART)
                  20009bf6    00000018                 : gpio.obj (.text:GPIOPinRead)
                  20009c0e    00000018                 : spi.obj (.text:SPICSEnable)
                  20009c26    00000018                 : spi.obj (.text:SPIEnable)
                  20009c3e    00000018                 : uart.obj (.text:UARTCharsAvail)
                  20009c56    00000002     --HOLE-- [fill = 0]
                  20009c58    00000018     rtsv7M4_T_le_eabi.lib : args_main.obj (.text)
                  20009c70    00000016     driverlib.a : prcm.obj (.text:PRCMHIBRegRead)
                  20009c86    00000016                 : prcm.obj (.text:PRCMHIBRegWrite)
                  20009c9c    00000016     rtsv7M4_T_le_eabi.lib : strchr.obj (.text)
                  20009cb2    00000014     driverlib.a : cpu.obj (.text:CPUcpsie)
                  20009cc6    00000014                 : gpio.obj (.text:GPIOIntClear)
                  20009cda    00000002     --HOLE-- [fill = 0]
                  20009cdc    00000014                 : interrupt.obj (.text:IntVTableBaseSet)
                  20009cf0    00000014     rtsv7M4_T_le_eabi.lib : _lock.obj (.text)
                  20009d04    00000014                           : strlen.obj (.text)
                  20009d18    0000000e                           : copy_decompress_none.obj (.text:decompress:none)
                  20009d26    0000000e     startup_ccs.obj (.text)
                  20009d34    0000000c     rtsv7M4_T_le_eabi.lib : copy_zero_init.obj (.text:decompress:ZI)
                  20009d40    0000000a     driverlib.a : interrupt.obj (.text:IntMasterEnable)
                  20009d4a    00000008     rtsv7M4_T_le_eabi.lib : s_copysign.obj (.text)
                  20009d52    00000006     driverlib.a : utils.obj (.text:UtilsDelay)
                  20009d58    00000004     rtsv7M4_T_le_eabi.lib : pre_init.obj (.text)

.const     0    20009d60    00000558     
                  20009d60    00000158     rtsv7M4_T_le_eabi.lib : k_rem_pio2.obj (.const:$O1$$)
                  20009eb8    00000101                           : ctype.obj (.const:.string:_ctypes_)
                  20009fb9    00000003     --HOLE-- [fill = 0]
                  20009fbc    00000100     driverlib.a : pin.obj (.const:g_ulPinToPadMap)
                  2000a0bc    000000d4                 : interrupt.obj (.const:g_pulRegs)
                  2000a190    000000a8                 : prcm.obj (.const:PRCM_PeriphRegsList)
                  2000a238    00000080                 : interrupt.obj (.const)

.cinit     0    2000a2b8    00000060     
                  2000a2b8    00000037     (.cinit..data.load) [load image, compression = lzss]
                  2000a2ef    00000001     --HOLE-- [fill = 0]
                  2000a2f0    0000000c     (__TI_handler_table)
                  2000a2fc    00000004     --HOLE-- [fill = 0]
                  2000a300    00000008     (.cinit..bss.load) [load image, compression = zero_init]
                  2000a308    00000010     (__TI_cinit_table)

.bss       0    2001d000    00010015     UNINITIALIZED
                  2001d000    00008000     (.common:adc_arr)
                  20025000    00008000     (.common:adc_vec)
                  2002d000    00000008     (.common:max)
                  2002d008    00000004     main.obj (.bss:rxBuffer)
                  2002d00c    00000004     uart_if.obj (.bss)
                  2002d010    00000002     (.common:temp)
                  2002d012    00000001     (.common:g_ucLED1Pin)
                  2002d013    00000001     (.common:g_ucLED2Pin)
                  2002d014    00000001     (.common:g_ucLED3Pin)

.sysmem    0    2002d018    00000800     UNINITIALIZED
                  2002d018    00000008     rtsv7M4_T_le_eabi.lib : memory.obj (.sysmem)
                  2002d020    000007f8     --HOLE--

.data      0    2002d818    00000058     UNINITIALIZED
                  2002d818    00000014     gpio_if.obj (.data:ulReg)
                  2002d82c    00000010     main.obj (.data)
                  2002d83c    0000000c     rtsv7M4_T_le_eabi.lib : exit.obj (.data:$O1$$)
                  2002d848    0000000c                           : memory.obj (.data:$O1$$)
                  2002d854    0000000c     gpio_if.obj (.data)
                  2002d860    00000008     rtsv7M4_T_le_eabi.lib : _lock.obj (.data:$O1$$)
                  2002d868    00000004                           : errno.obj (.data)
                  2002d86c    00000004                           : stkdepth_vars.obj (.data)

.stack     0    2003f800    00000800     UNINITIALIZED
                  2003f800    00000800     --HOLE--

MODULE SUMMARY

       Module                     code    ro data   rw data
       ------                     ----    -------   -------
    .\
       main.obj                   2084    0         65566  
       startup_ccs.obj            14      1024      0      
       gpio_if.obj                920     0         35     
       uart_if.obj                640     0         4      
       pin_mux_config.obj         380     0         0      
    +--+--------------------------+-------+---------+---------+
       Total:                     4038    1024      65605  
                                                           
    C:/ti/CC3200SDK_1.3.0/cc3200-sdk/driverlib/ccs/Release/driverlib.a
       spi.obj                    976     0         0      
       prcm.obj                   800     168       0      
       interrupt.obj              314     340       0      
       pin.obj                    300     256       0      
       gpio.obj                   388     0         0      
       uart.obj                   284     0         0      
       cpu.obj                    20      0         0      
       utils.obj                  6       0         0      
    +--+--------------------------+-------+---------+---------+
       Total:                     3088    764       0      
                                                           
    C:\ti\ccsv7\tools\compiler\ti-cgt-arm_16.9.4.LTS\lib\rtsv7M4_T_le_eabi.lib
       _printfi.obj               4386    0         0      
       k_rem_pio2.obj             1796    344       0      
       s_cos.obj                  1472    0         0      
       s_sin.obj                  1472    0         0      
       memory.obj                 976     0         12     
       ull_div_t2.obj             500     0         0      
       fd_add_t2.obj              438     0         0      
       e_sqrt.obj                 368     0         0      
       k_sin.obj                  360     0         0      
       k_cos.obj                  352     0         0      
       fd_div_t2.obj              310     0         0      
       fd_cmp_t2.obj              268     0         0      
       ctype.obj                  0       257       0      
       fd_mul_t2.obj              252     0         0      
       fs_add_t2.obj              250     0         0      
       s_floor.obj                244     0         0      
       s_scalbn.obj               208     0         0      
       memcpy_t2.obj              156     0         0      
       fs_div_t2.obj              146     0         0      
       vsnprintf.obj              136     0         0      
       fs_mul_t2.obj              122     0         0      
       memset_t2.obj              122     0         0      
       autoinit.obj               112     0         0      
       fd_tos_t2.obj              110     0         0      
       copy_decompress_lzss.obj   104     0         0      
       exit.obj                   84      0         12     
       s_frexp.obj                92      0         0      
       ltoa.obj                   84      0         0      
       atoi.obj                   76      0         0      
       cpy_tbl.obj                76      0         0      
       fd_toi_t2.obj              72      0         0      
       boot.obj                   64      0         0      
       fs_tod_t2.obj              56      0         0      
       fs_toi_t2.obj              56      0         0      
       i_tofs_t2.obj              56      0         0      
       fs_tou_t2.obj              52      0         0      
       i_tofd_t2.obj              46      0         0      
       memmov.obj                 36      0         0      
       u_tofs_t2.obj              36      0         0      
       u_tofd_t2.obj              32      0         0      
       _lock.obj                  20      0         8      
       memccpy.obj                28      0         0      
       args_main.obj              24      0         0      
       strchr.obj                 22      0         0      
       strlen.obj                 20      0         0      
       copy_decompress_none.obj   14      0         0      
       copy_zero_init.obj         12      0         0      
       s_copysign.obj             8       0         0      
       errno.obj                  0       0         4      
       pre_init.obj               4       0         0      
       stkdepth_vars.obj          0       0         4      
       mpu_init.obj               2       0         0      
       startup.obj                2       0         0      
    +--+--------------------------+-------+---------+---------+
       Total:                     15734   601       40     
                                                           
       Heap:                      0       0         2048   
       Stack:                     0       0         2048   
       Linker Generated:          0       91        0      
    +--+--------------------------+-------+---------+---------+
       Grand Total:               22860   2480      69741  


LINKER GENERATED COPY TABLES

__TI_cinit_table @ 2000a308 records: 2, size/record: 8, table size: 16
	.data: load addr=2000a2b8, load size=00000037 bytes, run addr=2002d818, run size=00000058 bytes, compression=lzss
	.bss: load addr=2000a300, load size=00000008 bytes, run addr=2001d000, run size=00010015 bytes, compression=zero_init


LINKER GENERATED HANDLER TABLE

__TI_handler_table @ 2000a2f0 records: 3, size/record: 4, table size: 12
	index: 0, handler: __TI_decompress_lzss
	index: 1, handler: __TI_decompress_none
	index: 2, handler: __TI_zero_init


GLOBAL SYMBOLS: SORTED ALPHABETICALLY BY Name 

address   name                           
-------   ----                           
200095c1  C$$EXIT                        
20009cb3  CPUcpsie                       
20007775  ClearTerm                      
2000777f  Error                          
20005525  FFT                            
200098f5  GPIODirModeSet                 
20009cc7  GPIOIntClear                   
20009ba9  GPIOIntEnable                  
20009b35  GPIOIntRegister                
20009185  GPIOIntTypeSet                 
20009bf7  GPIOPinRead                    
20009ad3  GPIOPinWrite                   
2000765d  GPIO_IF_ConfigureNIntEnable    
200076e9  GPIO_IF_Get                    
20007617  GPIO_IF_GetPortNPin            
200073d9  GPIO_IF_LedConfigure           
200074cb  GPIO_IF_LedOff                 
20007417  GPIO_IF_LedOn                  
2000757f  GPIO_IF_LedStatus              
200075e9  GPIO_IF_LedToggle              
200076a5  GPIO_IF_Set                    
200077b7  GetCmd                         
20005bc1  HeartBeat                      
2000575f  IFFT                           
20007735  InitTerm                       
20008bd5  IntEnable                      
20009d41  IntMasterEnable                
2000956d  IntPrioritySet                 
20009af5  IntRegister                    
20009cdd  IntVTableBaseSet               
20005a47  MasterConfig                   
20007753  Message                        
20007edd  PRCMCC3200MCUInit              
20009c71  PRCMHIBRegRead                 
20009c87  PRCMHIBRegWrite                
20009a1d  PRCMPeripheralClkDisable       
20009811  PRCMPeripheralClkEnable        
20008db9  PRCMPeripheralClockGet         
20009515  PRCMPeripheralReset            
200099f1  PRCMSysResetCauseGet           
20008ee1  PinConfigSet                   
20009791  PinModeSet                     
20007d61  PinMuxConfig                   
2000995f  PinTypeGPIO                    
20009bc3  PinTypeSPI                     
20009bdd  PinTypeUART                    
200078f5  Report                         
20009d27  ResetISR                       
UNDEFED   SHT$$INIT_ARRAY$$Base          
UNDEFED   SHT$$INIT_ARRAY$$Limit         
20009c0f  SPICSEnable                    
20008c7d  SPIConfigSetExpClk             
20009c27  SPIEnable                      
20009ab1  SPIReset                       
20008f69  SPITransfer                    
2000785d  TrimSpace                      
20009b71  UARTCharGetNonBlocking         
20009b53  UARTCharPut                    
20009c3f  UARTCharsAvail                 
200092fb  UARTConfigSetExpClk            
20009991  UARTDisable                    
20009a45  UARTEnable                     
20009d53  UtilsDelay                     
20040000  __STACK_END                    
00000800  __STACK_SIZE                   
00000800  __SYSMEM_SIZE                  
2000a308  __TI_CINIT_Base                
2000a318  __TI_CINIT_Limit               
2000a2f0  __TI_Handler_Table_Base        
2000a2fc  __TI_Handler_Table_Limit       
20009371  __TI_auto_init                 
2002d83c  __TI_cleanup_ptr               
2000944f  __TI_decompress_lzss           
20009d19  __TI_decompress_none           
2002d840  __TI_dtors_ptr                 
2002d844  __TI_enable_exit_profile_output
ffffffff  __TI_pprof_out_hndl            
20004c39  __TI_printfi                   
ffffffff  __TI_prof_data_size            
ffffffff  __TI_prof_data_start           
2000a2b8  __TI_static_base__             
20009d35  __TI_zero_init                 
20009079  __aeabi_cdcmpeq                
20009079  __aeabi_cdcmple                
200090ff  __aeabi_cdrcmple               
200093e1  __aeabi_d2f                    
20009749  __aeabi_d2iz                   
20007bb3  __aeabi_dadd                   
2000848d  __aeabi_ddiv                   
200085c3  __aeabi_dmul                   
20007ba9  __aeabi_dsub                   
2000984d  __aeabi_f2d                    
20009885  __aeabi_f2iz                   
2000992b  __aeabi_f2uiz                  
200086c3  __aeabi_fadd                   
20008e4d  __aeabi_fdiv                   
20009207  __aeabi_fmul                   
200086bf  __aeabi_fsub                   
200099c1  __aeabi_i2d                    
200098bd  __aeabi_i2f                    
20009281  __aeabi_memclr                 
20009281  __aeabi_memclr4                
20009281  __aeabi_memclr8                
20008d1d  __aeabi_memcpy                 
20008d1d  __aeabi_memcpy4                
20008d1d  __aeabi_memcpy8                
20009283  __aeabi_memset                 
20009283  __aeabi_memset4                
20009283  __aeabi_memset8                
20009b15  __aeabi_ui2d                   
20009a8d  __aeabi_ui2f                   
200079b5  __aeabi_uldivmod               
ffffffff  __binit__                      
ffffffff  __c_args__                     
2000832d  __kernel_cos                   
20005d49  __kernel_rem_pio2              
200081c5  __kernel_sin                   
20005523  __mpu_init                     
2003f800  __stack                        
20009c59  _args_main                     
200097d1  _c_int00                       
20009eb8  _ctypes_                       
2002d860  _lock                          
20009cff  _nop                           
20009cf7  _register_lock                 
20009cf1  _register_unlock               
2002d018  _sys_memory                    
20007d5f  _system_post_cinit             
20009d59  _system_pre_init               
2002d864  _unlock                        
200095c5  abort                          
2001d000  adc_arr                        
20025000  adc_vec                        
20009669  atoi                           
ffffffff  binit                          
2000736d  calloc                         
200096b5  copy_in                        
20009d4b  copysign                       
20009d4b  copysignl                      
2000644d  cos                            
2000644d  cosl                           
2002d868  errno                          
200095cd  exit                           
20005a77  exp_moving_avg                 
200087b9  floor                          
200087b9  floorl                         
200070b7  free                           
200094b9  frexp                          
200094b9  frexpl                         
20004000  g_pfnVectors                   
2002d012  g_ucLED1Pin                    
2002d013  g_ucLED2Pin                    
2002d014  g_ucLED3Pin                    
2002d854  g_uiLED1Port                   
2002d858  g_uiLED2Port                   
2002d85c  g_uiLED3Port                   
20005955  get_freq                       
2002d838  ix                             
2000897d  ldexp                          
2000897d  ldexpl                         
20009615  ltoa                           
20005cb9  main                           
2002d86c  main_func_sp                   
2000704d  malloc                         
2002d000  max                            
20007281  memalign                       
20009b8d  memccpy                        
20008d1d  memcpy                         
20009a69  memmove                        
20009289  memset                         
20006fcd  minit                          
2002d82c  newAvg                         
20007179  realloc                        
20005ae5  receive_process                
2000897d  scalbn                         
2000897d  scalbnl                        
20006a0d  sin                            
20006a0d  sinl                           
20008055  sqrt                           
20008055  sqrtl                          
2002d830  step                           
20009c9d  strchr                         
20009d05  strlen                         
2002d010  temp                           
20008ff1  vsnprintf                      


GLOBAL SYMBOLS: SORTED BY Symbol Address 

address   name                           
-------   ----                           
00000800  __STACK_SIZE                   
00000800  __SYSMEM_SIZE                  
20004000  g_pfnVectors                   
20004c39  __TI_printfi                   
20005523  __mpu_init                     
20005525  FFT                            
2000575f  IFFT                           
20005955  get_freq                       
20005a47  MasterConfig                   
20005a77  exp_moving_avg                 
20005ae5  receive_process                
20005bc1  HeartBeat                      
20005cb9  main                           
20005d49  __kernel_rem_pio2              
2000644d  cos                            
2000644d  cosl                           
20006a0d  sin                            
20006a0d  sinl                           
20006fcd  minit                          
2000704d  malloc                         
200070b7  free                           
20007179  realloc                        
20007281  memalign                       
2000736d  calloc                         
200073d9  GPIO_IF_LedConfigure           
20007417  GPIO_IF_LedOn                  
200074cb  GPIO_IF_LedOff                 
2000757f  GPIO_IF_LedStatus              
200075e9  GPIO_IF_LedToggle              
20007617  GPIO_IF_GetPortNPin            
2000765d  GPIO_IF_ConfigureNIntEnable    
200076a5  GPIO_IF_Set                    
200076e9  GPIO_IF_Get                    
20007735  InitTerm                       
20007753  Message                        
20007775  ClearTerm                      
2000777f  Error                          
200077b7  GetCmd                         
2000785d  TrimSpace                      
200078f5  Report                         
200079b5  __aeabi_uldivmod               
20007ba9  __aeabi_dsub                   
20007bb3  __aeabi_dadd                   
20007d5f  _system_post_cinit             
20007d61  PinMuxConfig                   
20007edd  PRCMCC3200MCUInit              
20008055  sqrt                           
20008055  sqrtl                          
200081c5  __kernel_sin                   
2000832d  __kernel_cos                   
2000848d  __aeabi_ddiv                   
200085c3  __aeabi_dmul                   
200086bf  __aeabi_fsub                   
200086c3  __aeabi_fadd                   
200087b9  floor                          
200087b9  floorl                         
2000897d  ldexp                          
2000897d  ldexpl                         
2000897d  scalbn                         
2000897d  scalbnl                        
20008bd5  IntEnable                      
20008c7d  SPIConfigSetExpClk             
20008d1d  __aeabi_memcpy                 
20008d1d  __aeabi_memcpy4                
20008d1d  __aeabi_memcpy8                
20008d1d  memcpy                         
20008db9  PRCMPeripheralClockGet         
20008e4d  __aeabi_fdiv                   
20008ee1  PinConfigSet                   
20008f69  SPITransfer                    
20008ff1  vsnprintf                      
20009079  __aeabi_cdcmpeq                
20009079  __aeabi_cdcmple                
200090ff  __aeabi_cdrcmple               
20009185  GPIOIntTypeSet                 
20009207  __aeabi_fmul                   
20009281  __aeabi_memclr                 
20009281  __aeabi_memclr4                
20009281  __aeabi_memclr8                
20009283  __aeabi_memset                 
20009283  __aeabi_memset4                
20009283  __aeabi_memset8                
20009289  memset                         
200092fb  UARTConfigSetExpClk            
20009371  __TI_auto_init                 
200093e1  __aeabi_d2f                    
2000944f  __TI_decompress_lzss           
200094b9  frexp                          
200094b9  frexpl                         
20009515  PRCMPeripheralReset            
2000956d  IntPrioritySet                 
200095c1  C$$EXIT                        
200095c5  abort                          
200095cd  exit                           
20009615  ltoa                           
20009669  atoi                           
200096b5  copy_in                        
20009749  __aeabi_d2iz                   
20009791  PinModeSet                     
200097d1  _c_int00                       
20009811  PRCMPeripheralClkEnable        
2000984d  __aeabi_f2d                    
20009885  __aeabi_f2iz                   
200098bd  __aeabi_i2f                    
200098f5  GPIODirModeSet                 
2000992b  __aeabi_f2uiz                  
2000995f  PinTypeGPIO                    
20009991  UARTDisable                    
200099c1  __aeabi_i2d                    
200099f1  PRCMSysResetCauseGet           
20009a1d  PRCMPeripheralClkDisable       
20009a45  UARTEnable                     
20009a69  memmove                        
20009a8d  __aeabi_ui2f                   
20009ab1  SPIReset                       
20009ad3  GPIOPinWrite                   
20009af5  IntRegister                    
20009b15  __aeabi_ui2d                   
20009b35  GPIOIntRegister                
20009b53  UARTCharPut                    
20009b71  UARTCharGetNonBlocking         
20009b8d  memccpy                        
20009ba9  GPIOIntEnable                  
20009bc3  PinTypeSPI                     
20009bdd  PinTypeUART                    
20009bf7  GPIOPinRead                    
20009c0f  SPICSEnable                    
20009c27  SPIEnable                      
20009c3f  UARTCharsAvail                 
20009c59  _args_main                     
20009c71  PRCMHIBRegRead                 
20009c87  PRCMHIBRegWrite                
20009c9d  strchr                         
20009cb3  CPUcpsie                       
20009cc7  GPIOIntClear                   
20009cdd  IntVTableBaseSet               
20009cf1  _register_unlock               
20009cf7  _register_lock                 
20009cff  _nop                           
20009d05  strlen                         
20009d19  __TI_decompress_none           
20009d27  ResetISR                       
20009d35  __TI_zero_init                 
20009d41  IntMasterEnable                
20009d4b  copysign                       
20009d4b  copysignl                      
20009d53  UtilsDelay                     
20009d59  _system_pre_init               
20009eb8  _ctypes_                       
2000a2b8  __TI_static_base__             
2000a2f0  __TI_Handler_Table_Base        
2000a2fc  __TI_Handler_Table_Limit       
2000a308  __TI_CINIT_Base                
2000a318  __TI_CINIT_Limit               
2001d000  adc_arr                        
20025000  adc_vec                        
2002d000  max                            
2002d010  temp                           
2002d012  g_ucLED1Pin                    
2002d013  g_ucLED2Pin                    
2002d014  g_ucLED3Pin                    
2002d018  _sys_memory                    
2002d82c  newAvg                         
2002d830  step                           
2002d838  ix                             
2002d83c  __TI_cleanup_ptr               
2002d840  __TI_dtors_ptr                 
2002d844  __TI_enable_exit_profile_output
2002d854  g_uiLED1Port                   
2002d858  g_uiLED2Port                   
2002d85c  g_uiLED3Port                   
2002d860  _lock                          
2002d864  _unlock                        
2002d868  errno                          
2002d86c  main_func_sp                   
2003f800  __stack                        
20040000  __STACK_END                    
ffffffff  __TI_pprof_out_hndl            
ffffffff  __TI_prof_data_size            
ffffffff  __TI_prof_data_start           
ffffffff  __binit__                      
ffffffff  __c_args__                     
ffffffff  binit                          
UNDEFED   SHT$$INIT_ARRAY$$Base          
UNDEFED   SHT$$INIT_ARRAY$$Limit         

[185 symbols]
