******************************************************************************
                  TI ARM Linker PC v16.9.4                     
******************************************************************************
>> Linked Tue Oct 24 22:40:36 2017

OUTPUT FILE NAME:   <lab1.out>
ENTRY POINT SYMBOL: "_c_int00"  address: 20005415


MEMORY CONFIGURATION

         name            origin    length      used     unused   attr    fill
----------------------  --------  ---------  --------  --------  ----  --------
  SRAM_CODE             20004000   00019000  00001a14  000175ec  RW X
  SRAM_DATA             2001d000   00023000  0000083b  000227c5  RW X


SEGMENT ALLOCATION MAP

run origin  load origin   length   init length attrs members
----------  ----------- ---------- ----------- ----- -------
20004000    20004000    00001a18   00001a18    r-x
  20004000    20004000    00000400   00000400    r-- .intvecs
  20004400    20004400    000012c8   000012c8    r-x .text
  200056c8    200056c8    000002fc   000002fc    r-- .const
  200059c8    200059c8    00000050   00000050    r-- .cinit
2001d000    2001d000    0000003b   00000000    rw-
  2001d000    2001d000    00000038   00000000    rw- .data
  2001d038    2001d038    00000003   00000000    rw- .bss
2003f800    2003f800    00000800   00000000    rw-
  2003f800    2003f800    00000800   00000000    rw- .stack


SECTION ALLOCATION MAP

 output                                  attributes/
section   page    origin      length       input sections
--------  ----  ----------  ----------   ----------------
.intvecs   0    20004000    00000400     
                  20004000    00000400     startup_ccs.obj (.intvecs)

.init_array 
*          0    20004000    00000000     UNINITIALIZED

.text      0    20004400    000012c8     
                  20004400    00000422     main.obj (.text)
                  20004822    00000002     rtsv7M4_T_le_eabi.lib : mpu_init.obj (.text)
                  20004824    00000398     gpio_if.obj (.text)
                  20004bbc    00000178     driverlib.a : prcm.obj (.text:PRCMCC3200MCUInit)
                  20004d34    0000016c     pin_mux_config.obj (.text)
                  20004ea0    000000a8     driverlib.a : interrupt.obj (.text:IntEnable)
                  20004f48    0000009c     rtsv7M4_T_le_eabi.lib : memcpy_t2.obj (.text)
                  20004fe4    00000088     driverlib.a : pin.obj (.text:PinConfigSet)
                  2000506c    00000082                 : gpio.obj (.text:GPIOIntTypeSet)
                  200050ee    0000007a     rtsv7M4_T_le_eabi.lib : memset_t2.obj (.text)
                  20005168    00000070                           : autoinit.obj (.text)
                  200051d8    00000068                           : copy_decompress_lzss.obj (.text:decompress:lzss)
                  20005240    00000058     driverlib.a : prcm.obj (.text:PRCMPeripheralReset)
                  20005298    00000054                 : interrupt.obj (.text:IntPrioritySet)
                  200052ec    00000054     rtsv7M4_T_le_eabi.lib : exit.obj (.text)
                  20005340    0000004c                           : cpy_tbl.obj (.text)
                  2000538c    00000048     driverlib.a : gpio.obj (.text:GPIOGetIntNumber)
                  200053d4    00000040                 : pin.obj (.text:PinModeSet)
                  20005414    00000040     rtsv7M4_T_le_eabi.lib : boot.obj (.text)
                  20005454    0000003c     driverlib.a : prcm.obj (.text:PRCMPeripheralClkEnable)
                  20005490    00000036                 : gpio.obj (.text:GPIODirModeSet)
                  200054c6    00000030                 : pin.obj (.text:PinTypeGPIO)
                  200054f6    00000002     rtsv7M4_T_le_eabi.lib : startup.obj (.text)
                  200054f8    0000002c     driverlib.a : prcm.obj (.text:PRCMSysResetCauseGet)
                  20005524    00000028                 : prcm.obj (.text:PRCMPeripheralClkDisable)
                  2000554c    00000020                 : gpio.obj (.text:GPIOPinWrite)
                  2000556c    00000020                 : interrupt.obj (.text:IntRegister)
                  2000558c    0000001e                 : gpio.obj (.text:GPIOIntRegister)
                  200055aa    0000001a                 : gpio.obj (.text:GPIOIntEnable)
                  200055c4    0000001a                 : pin.obj (.text:PinTypeUART)
                  200055de    00000018                 : gpio.obj (.text:GPIOPinRead)
                  200055f6    00000002     --HOLE-- [fill = 0]
                  200055f8    00000018     rtsv7M4_T_le_eabi.lib : args_main.obj (.text)
                  20005610    00000016     driverlib.a : prcm.obj (.text:PRCMHIBRegRead)
                  20005626    00000016                 : prcm.obj (.text:PRCMHIBRegWrite)
                  2000563c    00000014                 : cpu.obj (.text:CPUcpsie)
                  20005650    00000014                 : gpio.obj (.text:GPIOIntClear)
                  20005664    00000014                 : interrupt.obj (.text:IntVTableBaseSet)
                  20005678    00000014     rtsv7M4_T_le_eabi.lib : _lock.obj (.text)
                  2000568c    0000000e                           : copy_decompress_none.obj (.text:decompress:none)
                  2000569a    0000000e     startup_ccs.obj (.text)
                  200056a8    0000000c     rtsv7M4_T_le_eabi.lib : copy_zero_init.obj (.text:decompress:ZI)
                  200056b4    0000000a     driverlib.a : interrupt.obj (.text:IntMasterEnable)
                  200056be    00000006                 : utils.obj (.text:UtilsDelay)
                  200056c4    00000004     rtsv7M4_T_le_eabi.lib : pre_init.obj (.text)

.const     0    200056c8    000002fc     
                  200056c8    00000100     driverlib.a : pin.obj (.const:g_ulPinToPadMap)
                  200057c8    000000d4                 : interrupt.obj (.const:g_pulRegs)
                  2000589c    000000a8                 : prcm.obj (.const:PRCM_PeriphRegsList)
                  20005944    00000080                 : interrupt.obj (.const)

.cinit     0    200059c8    00000050     
                  200059c8    00000025     (.cinit..data.load) [load image, compression = lzss]
                  200059ed    00000003     --HOLE-- [fill = 0]
                  200059f0    0000000c     (__TI_handler_table)
                  200059fc    00000004     --HOLE-- [fill = 0]
                  20005a00    00000008     (.cinit..bss.load) [load image, compression = zero_init]
                  20005a08    00000010     (__TI_cinit_table)

.data      0    2001d000    00000038     UNINITIALIZED
                  2001d000    00000014     gpio_if.obj (.data:ulReg)
                  2001d014    0000000c     rtsv7M4_T_le_eabi.lib : exit.obj (.data:$O1$$)
                  2001d020    0000000c     gpio_if.obj (.data)
                  2001d02c    00000008     rtsv7M4_T_le_eabi.lib : _lock.obj (.data:$O1$$)
                  2001d034    00000004                           : stkdepth_vars.obj (.data)

.bss       0    2001d038    00000003     UNINITIALIZED
                  2001d038    00000001     (.common:g_ucLED1Pin)
                  2001d039    00000001     (.common:g_ucLED2Pin)
                  2001d03a    00000001     (.common:g_ucLED3Pin)

.stack     0    2003f800    00000800     UNINITIALIZED
                  2003f800    00000800     --HOLE--

MODULE SUMMARY

       Module                     code   ro data   rw data
       ------                     ----   -------   -------
    .\
       main.obj                   1058   0         0      
       startup_ccs.obj            14     1024      0      
       gpio_if.obj                920    0         35     
       pin_mux_config.obj         364    0         0      
    +--+--------------------------+------+---------+---------+
       Total:                     2356   1024      35     
                                                          
    C:/ti/CC3200SDK_1.3.0/cc3200-sdk/driverlib/ccs/Release/driverlib.a
       prcm.obj                   652    168       0      
       interrupt.obj              314    340       0      
       pin.obj                    274    256       0      
       gpio.obj                   388    0         0      
       cpu.obj                    20     0         0      
       utils.obj                  6      0         0      
    +--+--------------------------+------+---------+---------+
       Total:                     1654   764       0      
                                                          
    C:\ti\ccsv7\tools\compiler\ti-cgt-arm_16.9.4.LTS\lib\rtsv7M4_T_le_eabi.lib
       memcpy_t2.obj              156    0         0      
       memset_t2.obj              122    0         0      
       autoinit.obj               112    0         0      
       copy_decompress_lzss.obj   104    0         0      
       exit.obj                   84     0         12     
       cpy_tbl.obj                76     0         0      
       boot.obj                   64     0         0      
       _lock.obj                  20     0         8      
       args_main.obj              24     0         0      
       copy_decompress_none.obj   14     0         0      
       copy_zero_init.obj         12     0         0      
       pre_init.obj               4      0         0      
       stkdepth_vars.obj          0      0         4      
       mpu_init.obj               2      0         0      
       startup.obj                2      0         0      
    +--+--------------------------+------+---------+---------+
       Total:                     796    0         24     
                                                          
       Stack:                     0      0         2048   
       Linker Generated:          0      73        0      
    +--+--------------------------+------+---------+---------+
       Grand Total:               4806   1861      2107   


LINKER GENERATED COPY TABLES

__TI_cinit_table @ 20005a08 records: 2, size/record: 8, table size: 16
	.data: load addr=200059c8, load size=00000025 bytes, run addr=2001d000, run size=00000038 bytes, compression=lzss
	.bss: load addr=20005a00, load size=00000008 bytes, run addr=2001d038, run size=00000003 bytes, compression=zero_init


LINKER GENERATED HANDLER TABLE

__TI_handler_table @ 200059f0 records: 3, size/record: 4, table size: 12
	index: 0, handler: __TI_decompress_lzss
	index: 1, handler: __TI_decompress_none
	index: 2, handler: __TI_zero_init


GLOBAL SYMBOLS: SORTED ALPHABETICALLY BY Name 

address   name                           
-------   ----                           
20004635  BinCount                       
200052ed  C$$EXIT                        
2000563d  CPUcpsie                       
20005491  GPIODirModeSet                 
20005651  GPIOIntClear                   
200055ab  GPIOIntEnable                  
2000558d  GPIOIntRegister                
2000506d  GPIOIntTypeSet                 
200055df  GPIOPinRead                    
2000554d  GPIOPinWrite                   
20004ae5  GPIO_IF_ConfigureNIntEnable    
20004b71  GPIO_IF_Get                    
20004a9f  GPIO_IF_GetPortNPin            
20004861  GPIO_IF_LedConfigure           
20004953  GPIO_IF_LedOff                 
2000489f  GPIO_IF_LedOn                  
20004a07  GPIO_IF_LedStatus              
20004a71  GPIO_IF_LedToggle              
20004b2d  GPIO_IF_Set                    
20004ea1  IntEnable                      
200056b5  IntMasterEnable                
20005299  IntPrioritySet                 
2000556d  IntRegister                    
20005665  IntVTableBaseSet               
20004401  LEDBlinkyRoutine               
20004bbd  PRCMCC3200MCUInit              
20005611  PRCMHIBRegRead                 
20005627  PRCMHIBRegWrite                
20005525  PRCMPeripheralClkDisable       
20005455  PRCMPeripheralClkEnable        
20005241  PRCMPeripheralReset            
200054f9  PRCMSysResetCauseGet           
20004fe5  PinConfigSet                   
200053d5  PinModeSet                     
20004d35  PinMuxConfig                   
200054c7  PinTypeGPIO                    
200055c5  PinTypeUART                    
2000569b  ResetISR                       
UNDEFED   SHT$$INIT_ARRAY$$Base          
UNDEFED   SHT$$INIT_ARRAY$$Limit         
2000446b  Stepper                        
200056bf  UtilsDelay                     
20040000  __STACK_END                    
00000800  __STACK_SIZE                   
20005a08  __TI_CINIT_Base                
20005a18  __TI_CINIT_Limit               
200059f0  __TI_Handler_Table_Base        
200059fc  __TI_Handler_Table_Limit       
20005169  __TI_auto_init                 
2001d014  __TI_cleanup_ptr               
200051d9  __TI_decompress_lzss           
2000568d  __TI_decompress_none           
2001d018  __TI_dtors_ptr                 
2001d01c  __TI_enable_exit_profile_output
ffffffff  __TI_pprof_out_hndl            
ffffffff  __TI_prof_data_size            
ffffffff  __TI_prof_data_start           
200059c8  __TI_static_base__             
200056a9  __TI_zero_init                 
200050ef  __aeabi_memclr                 
200050ef  __aeabi_memclr4                
200050ef  __aeabi_memclr8                
20004f49  __aeabi_memcpy                 
20004f49  __aeabi_memcpy4                
20004f49  __aeabi_memcpy8                
200050f1  __aeabi_memset                 
200050f1  __aeabi_memset4                
200050f1  __aeabi_memset8                
ffffffff  __binit__                      
ffffffff  __c_args__                     
20004823  __mpu_init                     
2003f800  __stack                        
200055f9  _args_main                     
20005415  _c_int00                       
2001d02c  _lock                          
20005687  _nop                           
2000567f  _register_lock                 
20005679  _register_unlock               
200054f7  _system_post_cinit             
200056c5  _system_pre_init               
2001d030  _unlock                        
200052f1  abort                          
ffffffff  binit                          
20005341  copy_in                        
200052f9  exit                           
20004000  g_pfnVectors                   
2001d038  g_ucLED1Pin                    
2001d039  g_ucLED2Pin                    
2001d03a  g_ucLED3Pin                    
2001d020  g_uiLED1Port                   
2001d024  g_uiLED2Port                   
2001d028  g_uiLED3Port                   
20004805  main                           
2001d034  main_func_sp                   
20004f49  memcpy                         
200050f7  memset                         


GLOBAL SYMBOLS: SORTED BY Symbol Address 

address   name                           
-------   ----                           
00000800  __STACK_SIZE                   
20004000  g_pfnVectors                   
20004401  LEDBlinkyRoutine               
2000446b  Stepper                        
20004635  BinCount                       
20004805  main                           
20004823  __mpu_init                     
20004861  GPIO_IF_LedConfigure           
2000489f  GPIO_IF_LedOn                  
20004953  GPIO_IF_LedOff                 
20004a07  GPIO_IF_LedStatus              
20004a71  GPIO_IF_LedToggle              
20004a9f  GPIO_IF_GetPortNPin            
20004ae5  GPIO_IF_ConfigureNIntEnable    
20004b2d  GPIO_IF_Set                    
20004b71  GPIO_IF_Get                    
20004bbd  PRCMCC3200MCUInit              
20004d35  PinMuxConfig                   
20004ea1  IntEnable                      
20004f49  __aeabi_memcpy                 
20004f49  __aeabi_memcpy4                
20004f49  __aeabi_memcpy8                
20004f49  memcpy                         
20004fe5  PinConfigSet                   
2000506d  GPIOIntTypeSet                 
200050ef  __aeabi_memclr                 
200050ef  __aeabi_memclr4                
200050ef  __aeabi_memclr8                
200050f1  __aeabi_memset                 
200050f1  __aeabi_memset4                
200050f1  __aeabi_memset8                
200050f7  memset                         
20005169  __TI_auto_init                 
200051d9  __TI_decompress_lzss           
20005241  PRCMPeripheralReset            
20005299  IntPrioritySet                 
200052ed  C$$EXIT                        
200052f1  abort                          
200052f9  exit                           
20005341  copy_in                        
200053d5  PinModeSet                     
20005415  _c_int00                       
20005455  PRCMPeripheralClkEnable        
20005491  GPIODirModeSet                 
200054c7  PinTypeGPIO                    
200054f7  _system_post_cinit             
200054f9  PRCMSysResetCauseGet           
20005525  PRCMPeripheralClkDisable       
2000554d  GPIOPinWrite                   
2000556d  IntRegister                    
2000558d  GPIOIntRegister                
200055ab  GPIOIntEnable                  
200055c5  PinTypeUART                    
200055df  GPIOPinRead                    
200055f9  _args_main                     
20005611  PRCMHIBRegRead                 
20005627  PRCMHIBRegWrite                
2000563d  CPUcpsie                       
20005651  GPIOIntClear                   
20005665  IntVTableBaseSet               
20005679  _register_unlock               
2000567f  _register_lock                 
20005687  _nop                           
2000568d  __TI_decompress_none           
2000569b  ResetISR                       
200056a9  __TI_zero_init                 
200056b5  IntMasterEnable                
200056bf  UtilsDelay                     
200056c5  _system_pre_init               
200059c8  __TI_static_base__             
200059f0  __TI_Handler_Table_Base        
200059fc  __TI_Handler_Table_Limit       
20005a08  __TI_CINIT_Base                
20005a18  __TI_CINIT_Limit               
2001d014  __TI_cleanup_ptr               
2001d018  __TI_dtors_ptr                 
2001d01c  __TI_enable_exit_profile_output
2001d020  g_uiLED1Port                   
2001d024  g_uiLED2Port                   
2001d028  g_uiLED3Port                   
2001d02c  _lock                          
2001d030  _unlock                        
2001d034  main_func_sp                   
2001d038  g_ucLED1Pin                    
2001d039  g_ucLED2Pin                    
2001d03a  g_ucLED3Pin                    
2003f800  __stack                        
20040000  __STACK_END                    
ffffffff  __TI_pprof_out_hndl            
ffffffff  __TI_prof_data_size            
ffffffff  __TI_prof_data_start           
ffffffff  __binit__                      
ffffffff  __c_args__                     
ffffffff  binit                          
UNDEFED   SHT$$INIT_ARRAY$$Base          
UNDEFED   SHT$$INIT_ARRAY$$Limit         

[96 symbols]
